Component: ARM Compiler 5.06 update 6 (build 750) Tool: armlink [4d35ed]

==============================================================================

Section Cross References

    .\objects\main.o(i.SysTick_Handler) refers to .\objects\stm32f4xx_hal.o(i.HAL_IncTick) for HAL_IncTick
    .\objects\main.o(i.SysTick_Handler) refers to .\objects\stm32f4xx_hal_cortex.o(i.HAL_SYSTICK_IRQHandler) for HAL_SYSTICK_IRQHandler
    .\objects\main.o(i.disturbed_thread) refers to C:\Keil_v5\ARM\PACK\ARM\CMSIS\5.6.0\CMSIS\RTOS\RTX\LIB\ARM\RTX_CM4.lib(rt_cmsis.o)(i.osSignalWait) for osSignalWait
    .\objects\main.o(i.disturbed_thread) refers to C:\Keil_v5\ARM\PACK\ARM\CMSIS\5.6.0\CMSIS\RTOS\RTX\LIB\ARM\RTX_CM4.lib(rt_cmsis.o)(i.osDelay) for osDelay
    .\objects\main.o(i.disturbed_thread) refers to .\objects\main.o(.data) for t
    .\objects\main.o(i.filtered_thread) refers to C:\Keil_v5\ARM\PACK\ARM\CMSIS\5.6.0\CMSIS\RTOS\RTX\LIB\ARM\RTX_CM4.lib(rt_cmsis.o)(i.osSignalWait) for osSignalWait
    .\objects\main.o(i.filtered_thread) refers to C:\Keil_v5\ARM\PACK\ARM\CMSIS\5.6.0\CMSIS\RTOS\RTX\LIB\ARM\RTX_CM4.lib(rt_cmsis.o)(i.osDelay) for osDelay
    .\objects\main.o(i.filtered_thread) refers to .\objects\low_pass_filter.o(i.low_pass_filter) for low_pass_filter
    .\objects\main.o(i.filtered_thread) refers to .\objects\main.o(.data) for t
    .\objects\main.o(i.main) refers to .\objects\stm32f4xx_hal.o(i.HAL_Init) for HAL_Init
    .\objects\main.o(i.main) refers to .\objects\clock.o(i.SystemClock_Config) for SystemClock_Config
    .\objects\main.o(i.main) refers to .\objects\stm32f4xx_hal_rcc.o(i.HAL_RCC_GetHCLKFreq) for HAL_RCC_GetHCLKFreq
    .\objects\main.o(i.main) refers to .\objects\sine_generator.o(i.sine_generator_init_q15) for sine_generator_init_q15
    .\objects\main.o(i.main) refers to .\objects\low_pass_filter.o(i.low_pass_filter_init) for low_pass_filter_init
    .\objects\main.o(i.main) refers to C:\Keil_v5\ARM\PACK\ARM\CMSIS\5.6.0\CMSIS\RTOS\RTX\LIB\ARM\RTX_CM4.lib(rt_cmsis.o)(i.osThreadCreate) for osThreadCreate
    .\objects\main.o(i.main) refers to .\objects\main.o(.data) for freq
    .\objects\main.o(i.main) refers to .\objects\main.o(.bss) for signal_set
    .\objects\main.o(i.main) refers to .\objects\main.o(.constdata) for os_thread_def_sine_thread
    .\objects\main.o(i.noise_thread) refers to C:\Keil_v5\ARM\PACK\ARM\CMSIS\5.6.0\CMSIS\RTOS\RTX\LIB\ARM\RTX_CM4.lib(rt_cmsis.o)(i.osSignalWait) for osSignalWait
    .\objects\main.o(i.noise_thread) refers to C:\Keil_v5\ARM\PACK\ARM\CMSIS\5.6.0\CMSIS\RTOS\RTX\LIB\ARM\RTX_CM4.lib(rt_cmsis.o)(i.osDelay) for osDelay
    .\objects\main.o(i.noise_thread) refers to .\objects\sine_generator.o(i.sine_calc_sample_q15) for sine_calc_sample_q15
    .\objects\main.o(i.noise_thread) refers to .\objects\main.o(.data) for t
    .\objects\main.o(i.noise_thread) refers to .\objects\main.o(.bss) for noise_set
    .\objects\main.o(i.sine_thread) refers to C:\Keil_v5\ARM\PACK\ARM\CMSIS\5.6.0\CMSIS\RTOS\RTX\LIB\ARM\RTX_CM4.lib(rt_cmsis.o)(i.osSignalWait) for osSignalWait
    .\objects\main.o(i.sine_thread) refers to C:\Keil_v5\ARM\PACK\ARM\CMSIS\5.6.0\CMSIS\RTOS\RTX\LIB\ARM\RTX_CM4.lib(rt_cmsis.o)(i.osDelay) for osDelay
    .\objects\main.o(i.sine_thread) refers to .\objects\sine_generator.o(i.sine_calc_sample_q15) for sine_calc_sample_q15
    .\objects\main.o(i.sine_thread) refers to .\objects\main.o(.data) for t
    .\objects\main.o(i.sine_thread) refers to .\objects\main.o(.bss) for signal_set
    .\objects\main.o(i.sync_thread) refers to C:\Keil_v5\ARM\PACK\ARM\CMSIS\5.6.0\CMSIS\RTOS\RTX\LIB\ARM\RTX_CM4.lib(rt_cmsis.o)(i.osDelay) for osDelay
    .\objects\main.o(i.sync_thread) refers to C:\Keil_v5\ARM\PACK\ARM\CMSIS\5.6.0\CMSIS\RTOS\RTX\LIB\ARM\RTX_CM4.lib(rt_cmsis.o)(i.osSignalWait) for osSignalWait
    .\objects\main.o(i.sync_thread) refers to C:\Keil_v5\ARM\PACK\ARM\CMSIS\5.6.0\CMSIS\RTOS\RTX\LIB\ARM\RTX_CM4.lib(rt_cmsis.o)(i.osSignalSet) for osSignalSet
    .\objects\main.o(i.sync_thread) refers to .\objects\main.o(.data) for t
    .\objects\main.o(.constdata) refers to .\objects\main.o(i.sine_thread) for sine_thread
    .\objects\main.o(.constdata) refers to .\objects\main.o(i.noise_thread) for noise_thread
    .\objects\main.o(.constdata) refers to .\objects\main.o(i.disturbed_thread) for disturbed_thread
    .\objects\main.o(.constdata) refers to .\objects\main.o(i.filtered_thread) for filtered_thread
    .\objects\main.o(.constdata) refers to .\objects\main.o(i.sync_thread) for sync_thread
    .\objects\clock.o(i.SystemClock_Config) refers to .\objects\stm32f4xx_hal_rcc.o(i.HAL_RCC_OscConfig) for HAL_RCC_OscConfig
    .\objects\clock.o(i.SystemClock_Config) refers to .\objects\clock.o(i._Error_Handler) for _Error_Handler
    .\objects\clock.o(i.SystemClock_Config) refers to .\objects\stm32f4xx_hal_rcc.o(i.HAL_RCC_ClockConfig) for HAL_RCC_ClockConfig
[...]
    C:\Keil_v5\ARM\PACK\ARM\CMSIS\5.6.0\CMSIS\RTOS\RTX\LIB\ARM\RTX_CM4.lib(rt_cmsis.o)(i.osTimerCreate) refers to C:\Keil_v5\ARM\PACK\ARM\CMSIS\5.6.0\CMSIS\RTOS\RTX\LIB\ARM\RTX_CM4.lib(rt_cmsis.o)(.data) for .data
    C:\Keil_v5\ARM\PACK\ARM\CMSIS\5.6.0\CMSIS\RTOS\RTX\LIB\ARM\RTX_CM4.lib(rt_cmsis.o)(i.osTimerDelete) refers to C:\Keil_v5\ARM\PACK\ARM\CMSIS\5.6.0\CMSIS\RTOS\RTX\LIB\ARM\RTX_CM4.lib(rt_cmsis.o)(i.svcTimerDelete) for svcTimerDelete
    C:\Keil_v5\ARM\PACK\ARM\CMSIS\5.6.0\CMSIS\RTOS\RTX\LIB\ARM\RTX_CM4.lib(rt_cmsis.o)(i.osTimerStart) refers to C:\Keil_v5\ARM\PACK\ARM\CMSIS\5.6.0\CMSIS\RTOS\RTX\LIB\ARM\RTX_CM4.lib(rt_cmsis.o)(i.svcTimerStart) for svcTimerStart
    C:\Keil_v5\ARM\PACK\ARM\CMSIS\5.6.0\CMSIS\RTOS\RTX\LIB\ARM\RTX_CM4.lib(rt_cmsis.o)(i.osTimerStop) refers to C:\Keil_v5\ARM\PACK\ARM\CMSIS\5.6.0\CMSIS\RTOS\RTX\LIB\ARM\RTX_CM4.lib(rt_cmsis.o)(i.svcTimerStop) for svcTimerStop
    C:\Keil_v5\ARM\PACK\ARM\CMSIS\5.6.0\CMSIS\RTOS\RTX\LIB\ARM\RTX_CM4.lib(rt_cmsis.o)(i.osTimerThread) refers to C:\Keil_v5\ARM\PACK\ARM\CMSIS\5.6.0\CMSIS\RTOS\RTX\LIB\ARM\RTX_CM4.lib(rt_cmsis.o)(i.osMessageGet) for osMessageGet
    C:\Keil_v5\ARM\PACK\ARM\CMSIS\5.6.0\CMSIS\RTOS\RTX\LIB\ARM\RTX_CM4.lib(rt_cmsis.o)(i.osTimerThread) refers to C:\Keil_v5\ARM\PACK\ARM\CMSIS\5.6.0\CMSIS\RTOS\RTX\LIB\ARM\RTX_CM4.lib(rt_cmsis.o)(i.osTimerCall) for osTimerCall
    C:\Keil_v5\ARM\PACK\ARM\CMSIS\5.6.0\CMSIS\RTOS\RTX\LIB\ARM\RTX_CM4.lib(rt_cmsis.o)(i.osTimerThread) refers to .\objects\rtx_conf_cm.o(.data) for osMessageQId_osTimerMessageQ
    C:\Keil_v5\ARM\PACK\ARM\CMSIS\5.6.0\CMSIS\RTOS\RTX\LIB\ARM\RTX_CM4.lib(rt_cmsis.o)(i.os_resume) refers to C:\Keil_v5\ARM\PACK\ARM\CMSIS\5.6.0\CMSIS\RTOS\RTX\LIB\ARM\RTX_CM4.lib(rt_system.o)(i.rt_resume) for rt_resume
    C:\Keil_v5\ARM\PACK\ARM\CMSIS\5.6.0\CMSIS\RTOS\RTX\LIB\ARM\RTX_CM4.lib(rt_cmsis.o)(i.os_suspend) refers to C:\Keil_v5\ARM\PACK\ARM\CMSIS\5.6.0\CMSIS\RTOS\RTX\LIB\ARM\RTX_CM4.lib(rt_system.o)(i.rt_suspend) for rt_suspend
    C:\Keil_v5\ARM\PACK\ARM\CMSIS\5.6.0\CMSIS\RTOS\RTX\LIB\ARM\RTX_CM4.lib(rt_cmsis.o)(i.rt_ms2tick) refers to .\objects\rtx_conf_cm.o(.constdata) for os_clockrate
    C:\Keil_v5\ARM\PACK\ARM\CMSIS\5.6.0\CMSIS\RTOS\RTX\LIB\ARM\RTX_CM4.lib(rt_cmsis.o)(i.rt_timer_insert) refers to C:\Keil_v5\ARM\PACK\ARM\CMSIS\5.6.0\CMSIS\RTOS\RTX\LIB\ARM\RTX_CM4.lib(rt_cmsis.o)(.data) for .data
    C:\Keil_v5\ARM\PACK\ARM\CMSIS\5.6.0\CMSIS\RTOS\RTX\LIB\ARM\RTX_CM4.lib(rt_cmsis.o)(i.rt_timer_remove) refers to C:\Keil_v5\ARM\PACK\ARM\CMSIS\5.6.0\CMSIS\RTOS\RTX\LIB\ARM\RTX_CM4.lib(rt_cmsis.o)(.data) for .data
    C:\Keil_v5\ARM\PACK\ARM\CMSIS\5.6.0\CMSIS\RTOS\RTX\LIB\ARM\RTX_CM4.lib(rt_cmsis.o)(i.svcDelay) refers to C:\Keil_v5\ARM\PACK\ARM\CMSIS\5.6.0\CMSIS\RTOS\RTX\LIB\ARM\RTX_CM4.lib(rt_cmsis.o)(i.rt_ms2tick) for rt_ms2tick
    C:\Keil_v5\ARM\PACK\ARM\CMSIS\5.6.0\CMSIS\RTOS\RTX\LIB\ARM\RTX_CM4.lib(rt_cmsis.o)(i.svcDelay) refers to C:\Keil_v5\ARM\PACK\ARM\CMSIS\5.6.0\CMSIS\RTOS\RTX\LIB\ARM\RTX_CM4.lib(rt_time.o)(i.rt_dly_wait) for rt_dly_wait
    C:\Keil_v5\ARM\PACK\ARM\CMSIS\5.6.0\CMSIS\RTOS\RTX\LIB\ARM\RTX_CM4.lib(rt_cmsis.o)(i.svcKernelInitialize) refers to C:\Keil_v5\ARM\PACK\ARM\CMSIS\5.6.0\CMSIS\RTOS\RTX\LIB\ARM\RTX_CM4.lib(rt_memory.o)(i.rt_init_mem) for rt_init_mem
    C:\Keil_v5\ARM\PACK\ARM\CMSIS\5.6.0\CMSIS\RTOS\RTX\LIB\ARM\RTX_CM4.lib(rt_cmsis.o)(i.svcKernelInitialize) refers to C:\Keil_v5\ARM\PACK\ARM\CMSIS\5.6.0\CMSIS\RTOS\RTX\LIB\ARM\RTX_CM4.lib(rt_task.o)(i.rt_sys_init) for rt_sys_init
    C:\Keil_v5\ARM\PACK\ARM\CMSIS\5.6.0\CMSIS\RTOS\RTX\LIB\ARM\RTX_CM4.lib(rt_cmsis.o)(i.svcKernelInitialize) refers to C:\Keil_v5\ARM\PACK\ARM\CMSIS\5.6.0\CMSIS\RTOS\RTX\LIB\ARM\RTX_CM4.lib(rt_cmsis.o)(i.svcMessageCreate) for svcMessageCreate
    C:\Keil_v5\ARM\PACK\ARM\CMSIS\5.6.0\CMSIS\RTOS\RTX\LIB\ARM\RTX_CM4.lib(rt_cmsis.o)(i.svcKernelInitialize) refers to C:\Keil_v5\ARM\PACK\ARM\CMSIS\5.6.0\CMSIS\RTOS\RTX\LIB\ARM\RTX_CM4.lib(rt_cmsis.o)(i.svcThreadCreate) for svcThreadCreate
    C:\Keil_v5\ARM\PACK\ARM\CMSIS\5.6.0\CMSIS\RTOS\RTX\LIB\ARM\RTX_CM4.lib(rt_cmsis.o)(i.svcKernelInitialize) refers to C:\Keil_v5\ARM\PACK\ARM\CMSIS\5.6.0\CMSIS\RTOS\RTX\LIB\ARM\RTX_CM4.lib(rt_cmsis.o)(.data) for .data
    C:\Keil_v5\ARM\PACK\ARM\CMSIS\5.6.0\CMSIS\RTOS\RTX\LIB\ARM\RTX_CM4.lib(rt_cmsis.o)(i.svcKernelInitialize) refers to .\objects\rtx_conf_cm.o(.bss) for os_stack_mem
    C:\Keil_v5\ARM\PACK\ARM\CMSIS\5.6.0\CMSIS\RTOS\RTX\LIB\ARM\RTX_CM4.lib(rt_cmsis.o)(i.svcKernelInitialize) refers to .\objects\rtx_conf_cm.o(.constdata) for os_stack_sz
    C:\Keil_v5\ARM\PACK\ARM\CMSIS\5.6.0\CMSIS\RTOS\RTX\LIB\ARM\RTX_CM4.lib(rt_cmsis.o)(i.svcKernelInitialize) refers to C:\Keil_v5\ARM\PACK\ARM\CMSIS\5.6.0\CMSIS\RTOS\RTX\LIB\ARM\RTX_CM4.lib(rt_task.o)(.data) for os_tsk
    C:\Keil_v5\ARM\PACK\ARM\CMSIS\5.6.0\CMSIS\RTOS\RTX\LIB\ARM\RTX_CM4.lib(rt_cmsis.o)(i.svcKernelInitialize) refers to .\objects\rtx_conf_cm.o(.data) for osMessageQId_osTimerMessageQ
    C:\Keil_v5\ARM\PACK\ARM\CMSIS\5.6.0\CMSIS\RTOS\RTX\LIB\ARM\RTX_CM4.lib(rt_cmsis.o)(i.svcKernelRunning) refers to C:\Keil_v5\ARM\PACK\ARM\CMSIS\5.6.0\CMSIS\RTOS\RTX\LIB\ARM\RTX_CM4.lib(rt_cmsis.o)(.data) for .data
    C:\Keil_v5\ARM\PACK\ARM\CMSIS\5.6.0\CMSIS\RTOS\RTX\LIB\ARM\RTX_CM4.lib(rt_cmsis.o)(i.svcKernelStart) refers to C:\Keil_v5\ARM\PACK\ARM\CMSIS\5.6.0\CMSIS\RTOS\RTX\LIB\ARM\RTX_CM4.lib(rt_task.o)(i.rt_tsk_prio) for rt_tsk_prio
    C:\Keil_v5\ARM\PACK\ARM\CMSIS\5.6.0\CMSIS\RTOS\RTX\LIB\ARM\RTX_CM4.lib(rt_cmsis.o)(i.svcKernelStart) refers to C:\Keil_v5\ARM\PACK\ARM\CMSIS\5.6.0\CMSIS\RTOS\RTX\LIB\ARM\RTX_CM4.lib(rt_task.o)(i.rt_sys_start) for rt_sys_start
    C:\Keil_v5\ARM\PACK\ARM\CMSIS\5.6.0\CMSIS\RTOS\RTX\LIB\ARM\RTX_CM4.lib(rt_cmsis.o)(i.svcKernelStart) refers to C:\Keil_v5\ARM\PACK\ARM\CMSIS\5.6.0\CMSIS\RTOS\RTX\LIB\ARM\RTX_CM4.lib(rt_cmsis.o)(.data) for .data
    C:\Keil_v5\ARM\PACK\ARM\CMSIS\5.6.0\CMSIS\RTOS\RTX\LIB\ARM\RTX_CM4.lib(rt_cmsis.o)(i.svcKernelStart) refers to C:\Keil_v5\ARM\PACK\ARM\CMSIS\5.6.0\CMSIS\RTOS\RTX\LIB\ARM\RTX_CM4.lib(rt_task.o)(.data) for os_tsk
    C:\Keil_v5\ARM\PACK\ARM\CMSIS\5.6.0\CMSIS\RTOS\RTX\LIB\ARM\RTX_CM4.lib(rt_cmsis.o)(i.svcKernelSysTick) refers to C:\Keil_v5\ARM\PACK\ARM\CMSIS\5.6.0\CMSIS\RTOS\RTX\LIB\ARM\RTX_CM4.lib(rt_system.o)(i.os_tick_val) for os_tick_val
    C:\Keil_v5\ARM\PACK\ARM\CMSIS\5.6.0\CMSIS\RTOS\RTX\LIB\ARM\RTX_CM4.lib(rt_cmsis.o)(i.svcKernelSysTick) refers to C:\Keil_v5\ARM\PACK\ARM\CMSIS\5.6.0\CMSIS\RTOS\RTX\LIB\ARM\RTX_CM4.lib(rt_system.o)(i.os_tick_ovf) for os_tick_ovf
    C:\Keil_v5\ARM\PACK\ARM\CMSIS\5.6.0\CMSIS\RTOS\RTX\LIB\ARM\RTX_CM4.lib(rt_cmsis.o)(i.svcKernelSysTick) refers to .\objects\rtx_conf_cm.o(.constdata) for os_trv
    C:\Keil_v5\ARM\PACK\ARM\CMSIS\5.6.0\CMSIS\RTOS\RTX\LIB\ARM\RTX_CM4.lib(rt_cmsis.o)(i.svcKernelSysTick) refers to C:\Keil_v5\ARM\PACK\ARM\CMSIS\5.6.0\CMSIS\RTOS\RTX\LIB\ARM\RTX_CM4.lib(rt_time.o)(.data) for os_time
    C:\Keil_v5\ARM\PACK\ARM\CMSIS\5.6.0\CMSIS\RTOS\RTX\LIB\ARM\RTX_CM4.lib(rt_cmsis.o)(i.svcMailCreate) refers to C:\Keil_v5\ARM\PACK\ARM\CMSIS\5.6.0\CMSIS\RTOS\RTX\LIB\ARM\RTX_CM4.lib(rt_membox.o)(i._init_box) for _init_box
    C:\Keil_v5\ARM\PACK\ARM\CMSIS\5.6.0\CMSIS\RTOS\RTX\LIB\ARM\RTX_CM4.lib(rt_cmsis.o)(i.svcMailCreate) refers to C:\Keil_v5\ARM\PACK\ARM\CMSIS\5.6.0\CMSIS\RTOS\RTX\LIB\ARM\RTX_CM4.lib(rt_mailbox.o)(i.rt_mbx_init) for rt_mbx_init
    C:\Keil_v5\ARM\PACK\ARM\CMSIS\5.6.0\CMSIS\RTOS\RTX\LIB\ARM\RTX_CM4.lib(rt_cmsis.o)(i.svcMessageCreate) refers to C:\Keil_v5\ARM\PACK\ARM\CMSIS\5.6.0\CMSIS\RTOS\RTX\LIB\ARM\RTX_CM4.lib(rt_mailbox.o)(i.rt_mbx_init) for rt_mbx_init
    C:\Keil_v5\ARM\PACK\ARM\CMSIS\5.6.0\CMSIS\RTOS\RTX\LIB\ARM\RTX_CM4.lib(rt_cmsis.o)(i.svcMessageGet) refers to C:\Keil_v5\ARM\PACK\ARM\CMSIS\5.6.0\CMSIS\RTOS\RTX\LIB\ARM\RTX_CM4.lib(rt_cmsis.o)(i.rt_ms2tick) for rt_ms2tick
    C:\Keil_v5\ARM\PACK\ARM\CMSIS\5.6.0\CMSIS\RTOS\RTX\LIB\ARM\RTX_CM4.lib(rt_cmsis.o)(i.svcMessageGet) refers to C:\Keil_v5\ARM\PACK\ARM\CMSIS\5.6.0\CMSIS\RTOS\RTX\LIB\ARM\RTX_CM4.lib(rt_mailbox.o)(i.rt_mbx_wait) for rt_mbx_wait
    C:\Keil_v5\ARM\PACK\ARM\CMSIS\5.6.0\CMSIS\RTOS\RTX\LIB\ARM\RTX_CM4.lib(rt_cmsis.o)(i.svcMessagePut) refers to C:\Keil_v5\ARM\PACK\ARM\CMSIS\5.6.0\CMSIS\RTOS\RTX\LIB\ARM\RTX_CM4.lib(rt_cmsis.o)(i.rt_ms2tick) for rt_ms2tick
    C:\Keil_v5\ARM\PACK\ARM\CMSIS\5.6.0\CMSIS\RTOS\RTX\LIB\ARM\RTX_CM4.lib(rt_cmsis.o)(i.svcMessagePut) refers to C:\Keil_v5\ARM\PACK\ARM\CMSIS\5.6.0\CMSIS\RTOS\RTX\LIB\ARM\RTX_CM4.lib(rt_mailbox.o)(i.rt_mbx_send) for rt_mbx_send
    C:\Keil_v5\ARM\PACK\ARM\CMSIS\5.6.0\CMSIS\RTOS\RTX\LIB\ARM\RTX_CM4.lib(rt_cmsis.o)(i.svcMutexCreate) refers to C:\Keil_v5\ARM\PACK\ARM\CMSIS\5.6.0\CMSIS\RTOS\RTX\LIB\ARM\RTX_CM4.lib(rt_mutex.o)(i.rt_mut_init) for rt_mut_init
    C:\Keil_v5\ARM\PACK\ARM\CMSIS\5.6.0\CMSIS\RTOS\RTX\LIB\ARM\RTX_CM4.lib(rt_cmsis.o)(i.svcMutexDelete) refers to C:\Keil_v5\ARM\PACK\ARM\CMSIS\5.6.0\CMSIS\RTOS\RTX\LIB\ARM\RTX_CM4.lib(rt_cmsis.o)(i.rt_id2obj) for rt_id2obj
    C:\Keil_v5\ARM\PACK\ARM\CMSIS\5.6.0\CMSIS\RTOS\RTX\LIB\ARM\RTX_CM4.lib(rt_cmsis.o)(i.svcMutexDelete) refers to C:\Keil_v5\ARM\PACK\ARM\CMSIS\5.6.0\CMSIS\RTOS\RTX\LIB\ARM\RTX_CM4.lib(rt_mutex.o)(i.rt_mut_delete) for rt_mut_delete
    C:\Keil_v5\ARM\PACK\ARM\CMSIS\5.6.0\CMSIS\RTOS\RTX\LIB\ARM\RTX_CM4.lib(rt_cmsis.o)(i.svcMutexRelease) refers to C:\Keil_v5\ARM\PACK\ARM\CMSIS\5.6.0\CMSIS\RTOS\RTX\LIB\ARM\RTX_CM4.lib(rt_cmsis.o)(i.rt_id2obj) for rt_id2obj
    C:\Keil_v5\ARM\PACK\ARM\CMSIS\5.6.0\CMSIS\RTOS\RTX\LIB\ARM\RTX_CM4.lib(rt_cmsis.o)(i.svcMutexRelease) refers to C:\Keil_v5\ARM\PACK\ARM\CMSIS\5.6.0\CMSIS\RTOS\RTX\LIB\ARM\RTX_CM4.lib(rt_mutex.o)(i.rt_mut_release) for rt_mut_release
    C:\Keil_v5\ARM\PACK\ARM\CMSIS\5.6.0\CMSIS\RTOS\RTX\LIB\ARM\RTX_CM4.lib(rt_cmsis.o)(i.svcMutexWait) refers to C:\Keil_v5\ARM\PACK\ARM\CMSIS\5.6.0\CMSIS\RTOS\RTX\LIB\ARM\RTX_CM4.lib(rt_cmsis.o)(i.rt_id2obj) for rt_id2obj
    C:\Keil_v5\ARM\PACK\ARM\CMSIS\5.6.0\CMSIS\RTOS\RTX\LIB\ARM\RTX_CM4.lib(rt_cmsis.o)(i.svcMutexWait) refers to C:\Keil_v5\ARM\PACK\ARM\CMSIS\5.6.0\CMSIS\RTOS\RTX\LIB\ARM\RTX_CM4.lib(rt_cmsis.o)(i.rt_ms2tick) for rt_ms2tick
    C:\Keil_v5\ARM\PACK\ARM\CMSIS\5.6.0\CMSIS\RTOS\RTX\LIB\ARM\RTX_CM4.lib(rt_cmsis.o)(i.svcMutexWait) refers to C:\Keil_v5\ARM\PACK\ARM\CMSIS\5.6.0\CMSIS\RTOS\RTX\LIB\ARM\RTX_CM4.lib(rt_mutex.o)(i.rt_mut_wait) for rt_mut_wait
    C:\Keil_v5\ARM\PACK\ARM\CMSIS\5.6.0\CMSIS\RTOS\RTX\LIB\ARM\RTX_CM4.lib(rt_cmsis.o)(i.svcPoolCreate) refers to C:\Keil_v5\ARM\PACK\ARM\CMSIS\5.6.0\CMSIS\RTOS\RTX\LIB\ARM\RTX_CM4.lib(rt_membox.o)(i._init_box) for _init_box
    C:\Keil_v5\ARM\PACK\ARM\CMSIS\5.6.0\CMSIS\RTOS\RTX\LIB\ARM\RTX_CM4.lib(rt_cmsis.o)(i.svcSemaphoreCreate) refers to C:\Keil_v5\ARM\PACK\ARM\CMSIS\5.6.0\CMSIS\RTOS\RTX\LIB\ARM\RTX_CM4.lib(rt_semaphore.o)(i.rt_sem_init) for rt_sem_init
    C:\Keil_v5\ARM\PACK\ARM\CMSIS\5.6.0\CMSIS\RTOS\RTX\LIB\ARM\RTX_CM4.lib(rt_cmsis.o)(i.svcSemaphoreDelete) refers to C:\Keil_v5\ARM\PACK\ARM\CMSIS\5.6.0\CMSIS\RTOS\RTX\LIB\ARM\RTX_CM4.lib(rt_cmsis.o)(i.rt_id2obj) for rt_id2obj
    C:\Keil_v5\ARM\PACK\ARM\CMSIS\5.6.0\CMSIS\RTOS\RTX\LIB\ARM\RTX_CM4.lib(rt_cmsis.o)(i.svcSemaphoreDelete) refers to C:\Keil_v5\ARM\PACK\ARM\CMSIS\5.6.0\CMSIS\RTOS\RTX\LIB\ARM\RTX_CM4.lib(rt_semaphore.o)(i.rt_sem_delete) for rt_sem_delete
    C:\Keil_v5\ARM\PACK\ARM\CMSIS\5.6.0\CMSIS\RTOS\RTX\LIB\ARM\RTX_CM4.lib(rt_cmsis.o)(i.svcSemaphoreRelease) refers to C:\Keil_v5\ARM\PACK\ARM\CMSIS\5.6.0\CMSIS\RTOS\RTX\LIB\ARM\RTX_CM4.lib(rt_cmsis.o)(i.rt_id2obj) for rt_id2obj
    C:\Keil_v5\ARM\PACK\ARM\CMSIS\5.6.0\CMSIS\RTOS\RTX\LIB\ARM\RTX_CM4.lib(rt_cmsis.o)(i.svcSemaphoreRelease) refers to C:\Keil_v5\ARM\PACK\ARM\CMSIS\5.6.0\CMSIS\RTOS\RTX\LIB\ARM\RTX_CM4.lib(rt_semaphore.o)(i.rt_sem_send) for rt_sem_send
    C:\Keil_v5\ARM\PACK\ARM\CMSIS\5.6.0\CMSIS\RTOS\RTX\LIB\ARM\RTX_CM4.lib(rt_cmsis.o)(i.svcSemaphoreWait) refers to C:\Keil_v5\ARM\PACK\ARM\CMSIS\5.6.0\CMSIS\RTOS\RTX\LIB\ARM\RTX_CM4.lib(rt_cmsis.o)(i.rt_id2obj) for rt_id2obj
    C:\Keil_v5\ARM\PACK\ARM\CMSIS\5.6.0\CMSIS\RTOS\RTX\LIB\ARM\RTX_CM4.lib(rt_cmsis.o)(i.svcSemaphoreWait) refers to C:\Keil_v5\ARM\PACK\ARM\CMSIS\5.6.0\CMSIS\RTOS\RTX\LIB\ARM\RTX_CM4.lib(rt_cmsis.o)(i.rt_ms2tick) for rt_ms2tick
    C:\Keil_v5\ARM\PACK\ARM\CMSIS\5.6.0\CMSIS\RTOS\RTX\LIB\ARM\RTX_CM4.lib(rt_cmsis.o)(i.svcSemaphoreWait) refers to C:\Keil_v5\ARM\PACK\ARM\CMSIS\5.6.0\CMSIS\RTOS\RTX\LIB\ARM\RTX_CM4.lib(rt_semaphore.o)(i.rt_sem_wait) for rt_sem_wait
    C:\Keil_v5\ARM\PACK\ARM\CMSIS\5.6.0\CMSIS\RTOS\RTX\LIB\ARM\RTX_CM4.lib(rt_cmsis.o)(i.svcSignalClear) refers to C:\Keil_v5\ARM\PACK\ARM\CMSIS\5.6.0\CMSIS\RTOS\RTX\LIB\ARM\RTX_CM4.lib(rt_cmsis.o)(i.rt_tid2ptcb) for rt_tid2ptcb
    C:\Keil_v5\ARM\PACK\ARM\CMSIS\5.6.0\CMSIS\RTOS\RTX\LIB\ARM\RTX_CM4.lib(rt_cmsis.o)(i.svcSignalClear) refers to C:\Keil_v5\ARM\PACK\ARM\CMSIS\5.6.0\CMSIS\RTOS\RTX\LIB\ARM\RTX_CM4.lib(rt_event.o)(i.rt_evt_clr) for rt_evt_clr
    C:\Keil_v5\ARM\PACK\ARM\CMSIS\5.6.0\CMSIS\RTOS\RTX\LIB\ARM\RTX_CM4.lib(rt_cmsis.o)(i.svcSignalSet) refers to C:\Keil_v5\ARM\PACK\ARM\CMSIS\5.6.0\CMSIS\RTOS\RTX\LIB\ARM\RTX_CM4.lib(rt_cmsis.o)(i.rt_tid2ptcb) for rt_tid2ptcb
    C:\Keil_v5\ARM\PACK\ARM\CMSIS\5.6.0\CMSIS\RTOS\RTX\LIB\ARM\RTX_CM4.lib(rt_cmsis.o)(i.svcSignalSet) refers to C:\Keil_v5\ARM\PACK\ARM\CMSIS\5.6.0\CMSIS\RTOS\RTX\LIB\ARM\RTX_CM4.lib(rt_event.o)(i.rt_evt_set) for rt_evt_set
    C:\Keil_v5\ARM\PACK\ARM\CMSIS\5.6.0\CMSIS\RTOS\RTX\LIB\ARM\RTX_CM4.lib(rt_cmsis.o)(i.svcSignalWait) refers to C:\Keil_v5\ARM\PACK\ARM\CMSIS\5.6.0\CMSIS\RTOS\RTX\LIB\ARM\RTX_CM4.lib(rt_cmsis.o)(i.rt_ms2tick) for rt_ms2tick
    C:\Keil_v5\ARM\PACK\ARM\CMSIS\5.6.0\CMSIS\RTOS\RTX\LIB\ARM\RTX_CM4.lib(rt_cmsis.o)(i.svcSignalWait) refers to C:\Keil_v5\ARM\PACK\ARM\CMSIS\5.6.0\CMSIS\RTOS\RTX\LIB\ARM\RTX_CM4.lib(rt_event.o)(i.rt_evt_wait) for rt_evt_wait
    C:\Keil_v5\ARM\PACK\ARM\CMSIS\5.6.0\CMSIS\RTOS\RTX\LIB\ARM\RTX_CM4.lib(rt_cmsis.o)(i.svcSignalWait) refers to C:\Keil_v5\ARM\PACK\ARM\CMSIS\5.6.0\CMSIS\RTOS\RTX\LIB\ARM\RTX_CM4.lib(rt_task.o)(.data) for os_tsk
    C:\Keil_v5\ARM\PACK\ARM\CMSIS\5.6.0\CMSIS\RTOS\RTX\LIB\ARM\RTX_CM4.lib(rt_cmsis.o)(i.svcThreadCreate) refers to C:\Keil_v5\ARM\PACK\ARM\CMSIS\5.6.0\CMSIS\RTOS\RTX\LIB\ARM\RTX_CM4.lib(rt_memory.o)(i.rt_alloc_mem) for rt_alloc_mem
    C:\Keil_v5\ARM\PACK\ARM\CMSIS\5.6.0\CMSIS\RTOS\RTX\LIB\ARM\RTX_CM4.lib(rt_cmsis.o)(i.svcThreadCreate) refers to C:\Keil_v5\ARM\PACK\ARM\CMSIS\5.6.0\CMSIS\RTOS\RTX\LIB\ARM\RTX_CM4.lib(rt_task.o)(i.rt_tsk_create) for rt_tsk_create
    C:\Keil_v5\ARM\PACK\ARM\CMSIS\5.6.0\CMSIS\RTOS\RTX\LIB\ARM\RTX_CM4.lib(rt_cmsis.o)(i.svcThreadCreate) refers to C:\Keil_v5\ARM\PACK\ARM\CMSIS\5.6.0\CMSIS\RTOS\RTX\LIB\ARM\RTX_CM4.lib(rt_memory.o)(i.rt_free_mem) for rt_free_mem
    C:\Keil_v5\ARM\PACK\ARM\CMSIS\5.6.0\CMSIS\RTOS\RTX\LIB\ARM\RTX_CM4.lib(rt_cmsis.o)(i.svcThreadCreate) refers to .\objects\rtx_conf_cm.o(.bss) for os_stack_mem
    C:\Keil_v5\ARM\PACK\ARM\CMSIS\5.6.0\CMSIS\RTOS\RTX\LIB\ARM\RTX_CM4.lib(rt_cmsis.o)(i.svcThreadCreate) refers to C:\Keil_v5\ARM\PACK\ARM\CMSIS\5.6.0\CMSIS\RTOS\RTX\LIB\ARM\RTX_CM4.lib(rt_cmsis.o)(i.osThreadExit) for osThreadExit
    C:\Keil_v5\ARM\PACK\ARM\CMSIS\5.6.0\CMSIS\RTOS\RTX\LIB\ARM\RTX_CM4.lib(rt_cmsis.o)(i.svcThreadGetId) refers to C:\Keil_v5\ARM\PACK\ARM\CMSIS\5.6.0\CMSIS\RTOS\RTX\LIB\ARM\RTX_CM4.lib(rt_task.o)(i.rt_tsk_self) for rt_tsk_self
    C:\Keil_v5\ARM\PACK\ARM\CMSIS\5.6.0\CMSIS\RTOS\RTX\LIB\ARM\RTX_CM4.lib(rt_cmsis.o)(i.svcThreadGetId) refers to .\objects\rtx_conf_cm.o(.bss) for os_active_TCB
    C:\Keil_v5\ARM\PACK\ARM\CMSIS\5.6.0\CMSIS\RTOS\RTX\LIB\ARM\RTX_CM4.lib(rt_cmsis.o)(i.svcThreadGetPriority) refers to C:\Keil_v5\ARM\PACK\ARM\CMSIS\5.6.0\CMSIS\RTOS\RTX\LIB\ARM\RTX_CM4.lib(rt_cmsis.o)(i.rt_tid2ptcb) for rt_tid2ptcb
    C:\Keil_v5\ARM\PACK\ARM\CMSIS\5.6.0\CMSIS\RTOS\RTX\LIB\ARM\RTX_CM4.lib(rt_cmsis.o)(i.svcThreadSetPriority) refers to C:\Keil_v5\ARM\PACK\ARM\CMSIS\5.6.0\CMSIS\RTOS\RTX\LIB\ARM\RTX_CM4.lib(rt_cmsis.o)(i.rt_tid2ptcb) for rt_tid2ptcb
    C:\Keil_v5\ARM\PACK\ARM\CMSIS\5.6.0\CMSIS\RTOS\RTX\LIB\ARM\RTX_CM4.lib(rt_cmsis.o)(i.svcThreadSetPriority) refers to C:\Keil_v5\ARM\PACK\ARM\CMSIS\5.6.0\CMSIS\RTOS\RTX\LIB\ARM\RTX_CM4.lib(rt_task.o)(i.rt_tsk_prio) for rt_tsk_prio
    C:\Keil_v5\ARM\PACK\ARM\CMSIS\5.6.0\CMSIS\RTOS\RTX\LIB\ARM\RTX_CM4.lib(rt_cmsis.o)(i.svcThreadTerminate) refers to C:\Keil_v5\ARM\PACK\ARM\CMSIS\5.6.0\CMSIS\RTOS\RTX\LIB\ARM\RTX_CM4.lib(rt_cmsis.o)(i.rt_tid2ptcb) for rt_tid2ptcb
    C:\Keil_v5\ARM\PACK\ARM\CMSIS\5.6.0\CMSIS\RTOS\RTX\LIB\ARM\RTX_CM4.lib(rt_cmsis.o)(i.svcThreadTerminate) refers to C:\Keil_v5\ARM\PACK\ARM\CMSIS\5.6.0\CMSIS\RTOS\RTX\LIB\ARM\RTX_CM4.lib(rt_task.o)(i.rt_tsk_delete) for rt_tsk_delete
    C:\Keil_v5\ARM\PACK\ARM\CMSIS\5.6.0\CMSIS\RTOS\RTX\LIB\ARM\RTX_CM4.lib(rt_cmsis.o)(i.svcThreadTerminate) refers to C:\Keil_v5\ARM\PACK\ARM\CMSIS\5.6.0\CMSIS\RTOS\RTX\LIB\ARM\RTX_CM4.lib(rt_memory.o)(i.rt_free_mem) for rt_free_mem
    C:\Keil_v5\ARM\PACK\ARM\CMSIS\5.6.0\CMSIS\RTOS\RTX\LIB\ARM\RTX_CM4.lib(rt_cmsis.o)(i.svcThreadTerminate) refers to .\objects\rtx_conf_cm.o(.bss) for os_stack_mem
    C:\Keil_v5\ARM\PACK\ARM\CMSIS\5.6.0\CMSIS\RTOS\RTX\LIB\ARM\RTX_CM4.lib(rt_cmsis.o)(i.svcThreadYield) refers to C:\Keil_v5\ARM\PACK\ARM\CMSIS\5.6.0\CMSIS\RTOS\RTX\LIB\ARM\RTX_CM4.lib(rt_task.o)(i.rt_tsk_pass) for rt_tsk_pass
    C:\Keil_v5\ARM\PACK\ARM\CMSIS\5.6.0\CMSIS\RTOS\RTX\LIB\ARM\RTX_CM4.lib(rt_cmsis.o)(i.svcTimerCall) refers to C:\Keil_v5\ARM\PACK\ARM\CMSIS\5.6.0\CMSIS\RTOS\RTX\LIB\ARM\RTX_CM4.lib(rt_cmsis.o)(i.rt_id2obj) for rt_id2obj
    C:\Keil_v5\ARM\PACK\ARM\CMSIS\5.6.0\CMSIS\RTOS\RTX\LIB\ARM\RTX_CM4.lib(rt_cmsis.o)(i.svcTimerCreate) refers to .\objects\rtx_conf_cm.o(.data) for osThreadId_osTimerThread
    C:\Keil_v5\ARM\PACK\ARM\CMSIS\5.6.0\CMSIS\RTOS\RTX\LIB\ARM\RTX_CM4.lib(rt_cmsis.o)(i.svcTimerDelete) refers to C:\Keil_v5\ARM\PACK\ARM\CMSIS\5.6.0\CMSIS\RTOS\RTX\LIB\ARM\RTX_CM4.lib(rt_cmsis.o)(i.rt_id2obj) for rt_id2obj
    C:\Keil_v5\ARM\PACK\ARM\CMSIS\5.6.0\CMSIS\RTOS\RTX\LIB\ARM\RTX_CM4.lib(rt_cmsis.o)(i.svcTimerDelete) refers to C:\Keil_v5\ARM\PACK\ARM\CMSIS\5.6.0\CMSIS\RTOS\RTX\LIB\ARM\RTX_CM4.lib(rt_cmsis.o)(i.rt_timer_remove) for rt_timer_remove
    C:\Keil_v5\ARM\PACK\ARM\CMSIS\5.6.0\CMSIS\RTOS\RTX\LIB\ARM\RTX_CM4.lib(rt_cmsis.o)(i.svcTimerStart) refers to C:\Keil_v5\ARM\PACK\ARM\CMSIS\5.6.0\CMSIS\RTOS\RTX\LIB\ARM\RTX_CM4.lib(rt_cmsis.o)(i.rt_id2obj) for rt_id2obj
    C:\Keil_v5\ARM\PACK\ARM\CMSIS\5.6.0\CMSIS\RTOS\RTX\LIB\ARM\RTX_CM4.lib(rt_cmsis.o)(i.svcTimerStart) refers to C:\Keil_v5\ARM\ARMCC\Bin\..\lib\armlib\c_w.l(lludivv7m.o)(.text) for __aeabi_uldivmod
    C:\Keil_v5\ARM\PACK\ARM\CMSIS\5.6.0\CMSIS\RTOS\RTX\LIB\ARM\RTX_CM4.lib(rt_cmsis.o)(i.svcTimerStart) refers to C:\Keil_v5\ARM\PACK\ARM\CMSIS\5.6.0\CMSIS\RTOS\RTX\LIB\ARM\RTX_CM4.lib(rt_cmsis.o)(i.rt_timer_remove) for rt_timer_remove
    C:\Keil_v5\ARM\PACK\ARM\CMSIS\5.6.0\CMSIS\RTOS\RTX\LIB\ARM\RTX_CM4.lib(rt_cmsis.o)(i.svcTimerStart) refers to C:\Keil_v5\ARM\PACK\ARM\CMSIS\5.6.0\CMSIS\RTOS\RTX\LIB\ARM\RTX_CM4.lib(rt_cmsis.o)(i.rt_timer_insert) for rt_timer_insert
    C:\Keil_v5\ARM\PACK\ARM\CMSIS\5.6.0\CMSIS\RTOS\RTX\LIB\ARM\RTX_CM4.lib(rt_cmsis.o)(i.svcTimerStart) refers to .\objects\rtx_conf_cm.o(.constdata) for os_clockrate
    C:\Keil_v5\ARM\PACK\ARM\CMSIS\5.6.0\CMSIS\RTOS\RTX\LIB\ARM\RTX_CM4.lib(rt_cmsis.o)(i.svcTimerStop) refers to C:\Keil_v5\ARM\PACK\ARM\CMSIS\5.6.0\CMSIS\RTOS\RTX\LIB\ARM\RTX_CM4.lib(rt_cmsis.o)(i.rt_id2obj) for rt_id2obj
    C:\Keil_v5\ARM\PACK\ARM\CMSIS\5.6.0\CMSIS\RTOS\RTX\LIB\ARM\RTX_CM4.lib(rt_cmsis.o)(i.svcTimerStop) refers to C:\Keil_v5\ARM\PACK\ARM\CMSIS\5.6.0\CMSIS\RTOS\RTX\LIB\ARM\RTX_CM4.lib(rt_cmsis.o)(i.rt_timer_remove) for rt_timer_remove
    C:\Keil_v5\ARM\PACK\ARM\CMSIS\5.6.0\CMSIS\RTOS\RTX\LIB\ARM\RTX_CM4.lib(rt_cmsis.o)(i.sysMailAlloc) refers to C:\Keil_v5\ARM\PACK\ARM\CMSIS\5.6.0\CMSIS\RTOS\RTX\LIB\ARM\RTX_CM4.lib(rt_membox.o)(i.rt_alloc_box) for rt_alloc_box
    C:\Keil_v5\ARM\PACK\ARM\CMSIS\5.6.0\CMSIS\RTOS\RTX\LIB\ARM\RTX_CM4.lib(rt_cmsis.o)(i.sysMailAlloc) refers to C:\Keil_v5\ARM\PACK\ARM\CMSIS\5.6.0\CMSIS\RTOS\RTX\LIB\ARM\RTX_CM4.lib(rt_list.o)(i.rt_put_prio) for rt_put_prio
    C:\Keil_v5\ARM\PACK\ARM\CMSIS\5.6.0\CMSIS\RTOS\RTX\LIB\ARM\RTX_CM4.lib(rt_cmsis.o)(i.sysMailAlloc) refers to C:\Keil_v5\ARM\PACK\ARM\CMSIS\5.6.0\CMSIS\RTOS\RTX\LIB\ARM\RTX_CM4.lib(rt_cmsis.o)(i.rt_ms2tick) for rt_ms2tick
    C:\Keil_v5\ARM\PACK\ARM\CMSIS\5.6.0\CMSIS\RTOS\RTX\LIB\ARM\RTX_CM4.lib(rt_cmsis.o)(i.sysMailAlloc) refers to C:\Keil_v5\ARM\PACK\ARM\CMSIS\5.6.0\CMSIS\RTOS\RTX\LIB\ARM\RTX_CM4.lib(rt_task.o)(i.rt_block) for rt_block
    C:\Keil_v5\ARM\PACK\ARM\CMSIS\5.6.0\CMSIS\RTOS\RTX\LIB\ARM\RTX_CM4.lib(rt_cmsis.o)(i.sysMailAlloc) refers to C:\Keil_v5\ARM\PACK\ARM\CMSIS\5.6.0\CMSIS\RTOS\RTX\LIB\ARM\RTX_CM4.lib(rt_task.o)(.data) for os_tsk
    C:\Keil_v5\ARM\PACK\ARM\CMSIS\5.6.0\CMSIS\RTOS\RTX\LIB\ARM\RTX_CM4.lib(rt_cmsis.o)(i.sysMailFree) refers to C:\Keil_v5\ARM\PACK\ARM\CMSIS\5.6.0\CMSIS\RTOS\RTX\LIB\ARM\RTX_CM4.lib(rt_membox.o)(i.rt_free_box) for rt_free_box
    C:\Keil_v5\ARM\PACK\ARM\CMSIS\5.6.0\CMSIS\RTOS\RTX\LIB\ARM\RTX_CM4.lib(rt_cmsis.o)(i.sysMailFree) refers to C:\Keil_v5\ARM\PACK\ARM\CMSIS\5.6.0\CMSIS\RTOS\RTX\LIB\ARM\RTX_CM4.lib(rt_list.o)(i.rt_psq_enq) for rt_psq_enq
    C:\Keil_v5\ARM\PACK\ARM\CMSIS\5.6.0\CMSIS\RTOS\RTX\LIB\ARM\RTX_CM4.lib(rt_cmsis.o)(i.sysMailFree) refers to C:\Keil_v5\ARM\PACK\ARM\CMSIS\5.6.0\CMSIS\RTOS\RTX\LIB\ARM\RTX_CM4.lib(rt_system.o)(i.rt_psh_req) for rt_psh_req
    C:\Keil_v5\ARM\PACK\ARM\CMSIS\5.6.0\CMSIS\RTOS\RTX\LIB\ARM\RTX_CM4.lib(rt_cmsis.o)(i.sysMailFree) refers to C:\Keil_v5\ARM\PACK\ARM\CMSIS\5.6.0\CMSIS\RTOS\RTX\LIB\ARM\RTX_CM4.lib(rt_membox.o)(i.rt_alloc_box) for rt_alloc_box
    C:\Keil_v5\ARM\PACK\ARM\CMSIS\5.6.0\CMSIS\RTOS\RTX\LIB\ARM\RTX_CM4.lib(rt_cmsis.o)(i.sysMailFree) refers to C:\Keil_v5\ARM\PACK\ARM\CMSIS\5.6.0\CMSIS\RTOS\RTX\LIB\ARM\RTX_CM4.lib(rt_list.o)(i.rt_get_first) for rt_get_first
    C:\Keil_v5\ARM\PACK\ARM\CMSIS\5.6.0\CMSIS\RTOS\RTX\LIB\ARM\RTX_CM4.lib(rt_cmsis.o)(i.sysMailFree) refers to C:\Keil_v5\ARM\PACK\ARM\CMSIS\5.6.0\CMSIS\RTOS\RTX\LIB\ARM\RTX_CM4.lib(hal_cm.o)(i.rt_ret_val) for rt_ret_val
    C:\Keil_v5\ARM\PACK\ARM\CMSIS\5.6.0\CMSIS\RTOS\RTX\LIB\ARM\RTX_CM4.lib(rt_cmsis.o)(i.sysMailFree) refers to C:\Keil_v5\ARM\PACK\ARM\CMSIS\5.6.0\CMSIS\RTOS\RTX\LIB\ARM\RTX_CM4.lib(rt_list.o)(i.rt_rmv_dly) for rt_rmv_dly
    C:\Keil_v5\ARM\PACK\ARM\CMSIS\5.6.0\CMSIS\RTOS\RTX\LIB\ARM\RTX_CM4.lib(rt_cmsis.o)(i.sysMailFree) refers to C:\Keil_v5\ARM\PACK\ARM\CMSIS\5.6.0\CMSIS\RTOS\RTX\LIB\ARM\RTX_CM4.lib(rt_task.o)(i.rt_dispatch) for rt_dispatch
    C:\Keil_v5\ARM\PACK\ARM\CMSIS\5.6.0\CMSIS\RTOS\RTX\LIB\ARM\RTX_CM4.lib(rt_cmsis.o)(i.sysPoolAlloc) refers to C:\Keil_v5\ARM\PACK\ARM\CMSIS\5.6.0\CMSIS\RTOS\RTX\LIB\ARM\RTX_CM4.lib(rt_membox.o)(i.rt_alloc_box) for rt_alloc_box
    C:\Keil_v5\ARM\PACK\ARM\CMSIS\5.6.0\CMSIS\RTOS\RTX\LIB\ARM\RTX_CM4.lib(rt_cmsis.o)(i.sysPoolFree) refers to C:\Keil_v5\ARM\PACK\ARM\CMSIS\5.6.0\CMSIS\RTOS\RTX\LIB\ARM\RTX_CM4.lib(rt_membox.o)(i.rt_free_box) for rt_free_box
    C:\Keil_v5\ARM\PACK\ARM\CMSIS\5.6.0\CMSIS\RTOS\RTX\LIB\ARM\RTX_CM4.lib(rt_cmsis.o)(i.sysTimerTick) refers to C:\Keil_v5\ARM\PACK\ARM\CMSIS\5.6.0\CMSIS\RTOS\RTX\LIB\ARM\RTX_CM4.lib(rt_cmsis.o)(i.isrMessagePut) for isrMessagePut
    C:\Keil_v5\ARM\PACK\ARM\CMSIS\5.6.0\CMSIS\RTOS\RTX\LIB\ARM\RTX_CM4.lib(rt_cmsis.o)(i.sysTimerTick) refers to .\objects\rtx_conf_cm.o(i.os_error) for os_error
    C:\Keil_v5\ARM\PACK\ARM\CMSIS\5.6.0\CMSIS\RTOS\RTX\LIB\ARM\RTX_CM4.lib(rt_cmsis.o)(i.sysTimerTick) refers to C:\Keil_v5\ARM\PACK\ARM\CMSIS\5.6.0\CMSIS\RTOS\RTX\LIB\ARM\RTX_CM4.lib(rt_cmsis.o)(i.rt_timer_insert) for rt_timer_insert
    C:\Keil_v5\ARM\PACK\ARM\CMSIS\5.6.0\CMSIS\RTOS\RTX\LIB\ARM\RTX_CM4.lib(rt_cmsis.o)(i.sysTimerTick) refers to C:\Keil_v5\ARM\PACK\ARM\CMSIS\5.6.0\CMSIS\RTOS\RTX\LIB\ARM\RTX_CM4.lib(rt_cmsis.o)(.data) for .data
    C:\Keil_v5\ARM\PACK\ARM\CMSIS\5.6.0\CMSIS\RTOS\RTX\LIB\ARM\RTX_CM4.lib(rt_cmsis.o)(i.sysTimerTick) refers to .\objects\rtx_conf_cm.o(.data) for osMessageQId_osTimerMessageQ
    C:\Keil_v5\ARM\PACK\ARM\CMSIS\5.6.0\CMSIS\RTOS\RTX\LIB\ARM\RTX_CM4.lib(rt_cmsis.o)(i.sysUserTimerUpdate) refers to C:\Keil_v5\ARM\PACK\ARM\CMSIS\5.6.0\CMSIS\RTOS\RTX\LIB\ARM\RTX_CM4.lib(rt_cmsis.o)(i.sysTimerTick) for sysTimerTick
    C:\Keil_v5\ARM\PACK\ARM\CMSIS\5.6.0\CMSIS\RTOS\RTX\LIB\ARM\RTX_CM4.lib(rt_cmsis.o)(i.sysUserTimerUpdate) refers to C:\Keil_v5\ARM\PACK\ARM\CMSIS\5.6.0\CMSIS\RTOS\RTX\LIB\ARM\RTX_CM4.lib(rt_cmsis.o)(.data) for .data
    C:\Keil_v5\ARM\PACK\ARM\CMSIS\5.6.0\CMSIS\RTOS\RTX\LIB\ARM\RTX_CM4.lib(rt_cmsis.o)(i.sysUserTimerWakeupTime) refers to C:\Keil_v5\ARM\PACK\ARM\CMSIS\5.6.0\CMSIS\RTOS\RTX\LIB\ARM\RTX_CM4.lib(rt_cmsis.o)(.data) for .data
    C:\Keil_v5\ARM\PACK\ARM\CMSIS\5.6.0\CMSIS\RTOS\RTX\LIB\ARM\RTX_CM4.lib(rt_task.o)(i.rt_block) refers to C:\Keil_v5\ARM\PACK\ARM\CMSIS\5.6.0\CMSIS\RTOS\RTX\LIB\ARM\RTX_CM4.lib(rt_list.o)(i.rt_put_dly) for rt_put_dly
    C:\Keil_v5\ARM\PACK\ARM\CMSIS\5.6.0\CMSIS\RTOS\RTX\LIB\ARM\RTX_CM4.lib(rt_task.o)(i.rt_block) refers to C:\Keil_v5\ARM\PACK\ARM\CMSIS\5.6.0\CMSIS\RTOS\RTX\LIB\ARM\RTX_CM4.lib(rt_list.o)(i.rt_get_first) for rt_get_first
    C:\Keil_v5\ARM\PACK\ARM\CMSIS\5.6.0\CMSIS\RTOS\RTX\LIB\ARM\RTX_CM4.lib(rt_task.o)(i.rt_block) refers to C:\Keil_v5\ARM\PACK\ARM\CMSIS\5.6.0\CMSIS\RTOS\RTX\LIB\ARM\RTX_CM4.lib(rt_task.o)(i.rt_switch_req) for rt_switch_req
    C:\Keil_v5\ARM\PACK\ARM\CMSIS\5.6.0\CMSIS\RTOS\RTX\LIB\ARM\RTX_CM4.lib(rt_task.o)(i.rt_block) refers to C:\Keil_v5\ARM\PACK\ARM\CMSIS\5.6.0\CMSIS\RTOS\RTX\LIB\ARM\RTX_CM4.lib(rt_task.o)(.data) for .data
    C:\Keil_v5\ARM\PACK\ARM\CMSIS\5.6.0\CMSIS\RTOS\RTX\LIB\ARM\RTX_CM4.lib(rt_task.o)(i.rt_block) refers to C:\Keil_v5\ARM\PACK\ARM\CMSIS\5.6.0\CMSIS\RTOS\RTX\LIB\ARM\RTX_CM4.lib(rt_list.o)(.bss) for os_rdy
    C:\Keil_v5\ARM\PACK\ARM\CMSIS\5.6.0\CMSIS\RTOS\RTX\LIB\ARM\RTX_CM4.lib(rt_task.o)(i.rt_dispatch) refers to C:\Keil_v5\ARM\PACK\ARM\CMSIS\5.6.0\CMSIS\RTOS\RTX\LIB\ARM\RTX_CM4.lib(rt_list.o)(i.rt_put_rdy_first) for rt_put_rdy_first
    C:\Keil_v5\ARM\PACK\ARM\CMSIS\5.6.0\CMSIS\RTOS\RTX\LIB\ARM\RTX_CM4.lib(rt_task.o)(i.rt_dispatch) refers to C:\Keil_v5\ARM\PACK\ARM\CMSIS\5.6.0\CMSIS\RTOS\RTX\LIB\ARM\RTX_CM4.lib(rt_task.o)(i.rt_switch_req) for rt_switch_req
    C:\Keil_v5\ARM\PACK\ARM\CMSIS\5.6.0\CMSIS\RTOS\RTX\LIB\ARM\RTX_CM4.lib(rt_task.o)(i.rt_dispatch) refers to C:\Keil_v5\ARM\PACK\ARM\CMSIS\5.6.0\CMSIS\RTOS\RTX\LIB\ARM\RTX_CM4.lib(rt_list.o)(i.rt_get_first) for rt_get_first
    C:\Keil_v5\ARM\PACK\ARM\CMSIS\5.6.0\CMSIS\RTOS\RTX\LIB\ARM\RTX_CM4.lib(rt_task.o)(i.rt_dispatch) refers to C:\Keil_v5\ARM\PACK\ARM\CMSIS\5.6.0\CMSIS\RTOS\RTX\LIB\ARM\RTX_CM4.lib(rt_list.o)(i.rt_put_prio) for rt_put_prio
    C:\Keil_v5\ARM\PACK\ARM\CMSIS\5.6.0\CMSIS\RTOS\RTX\LIB\ARM\RTX_CM4.lib(rt_task.o)(i.rt_dispatch) refers to C:\Keil_v5\ARM\PACK\ARM\CMSIS\5.6.0\CMSIS\RTOS\RTX\LIB\ARM\RTX_CM4.lib(rt_task.o)(.data) for .data
    C:\Keil_v5\ARM\PACK\ARM\CMSIS\5.6.0\CMSIS\RTOS\RTX\LIB\ARM\RTX_CM4.lib(rt_task.o)(i.rt_dispatch) refers to C:\Keil_v5\ARM\PACK\ARM\CMSIS\5.6.0\CMSIS\RTOS\RTX\LIB\ARM\RTX_CM4.lib(rt_list.o)(.bss) for os_rdy
    C:\Keil_v5\ARM\PACK\ARM\CMSIS\5.6.0\CMSIS\RTOS\RTX\LIB\ARM\RTX_CM4.lib(rt_task.o)(i.rt_init_context) refers to C:\Keil_v5\ARM\PACK\ARM\CMSIS\5.6.0\CMSIS\RTOS\RTX\LIB\ARM\RTX_CM4.lib(rt_membox.o)(i.rt_alloc_box) for rt_alloc_box
    C:\Keil_v5\ARM\PACK\ARM\CMSIS\5.6.0\CMSIS\RTOS\RTX\LIB\ARM\RTX_CM4.lib(rt_task.o)(i.rt_init_context) refers to C:\Keil_v5\ARM\PACK\ARM\CMSIS\5.6.0\CMSIS\RTOS\RTX\LIB\ARM\RTX_CM4.lib(hal_cm.o)(i.rt_init_stack) for rt_init_stack
    C:\Keil_v5\ARM\PACK\ARM\CMSIS\5.6.0\CMSIS\RTOS\RTX\LIB\ARM\RTX_CM4.lib(rt_task.o)(i.rt_init_context) refers to .\objects\rtx_conf_cm.o(.bss) for mp_stk
    C:\Keil_v5\ARM\PACK\ARM\CMSIS\5.6.0\CMSIS\RTOS\RTX\LIB\ARM\RTX_CM4.lib(rt_task.o)(i.rt_switch_req) refers to C:\Keil_v5\ARM\PACK\ARM\CMSIS\5.6.0\CMSIS\RTOS\RTX\LIB\ARM\RTX_CM4.lib(hal_cm.o)(i.dbg_task_switch) for dbg_task_switch
    C:\Keil_v5\ARM\PACK\ARM\CMSIS\5.6.0\CMSIS\RTOS\RTX\LIB\ARM\RTX_CM4.lib(rt_task.o)(i.rt_switch_req) refers to C:\Keil_v5\ARM\PACK\ARM\CMSIS\5.6.0\CMSIS\RTOS\RTX\LIB\ARM\RTX_CM4.lib(rt_task.o)(.data) for .data
    C:\Keil_v5\ARM\PACK\ARM\CMSIS\5.6.0\CMSIS\RTOS\RTX\LIB\ARM\RTX_CM4.lib(rt_task.o)(i.rt_switch_req) refers to C:\Keil_v5\ARM\PACK\ARM\CMSIS\5.6.0\CMSIS\RTOS\RTX\LIB\ARM\RTX_CM4.lib(hal_cm.o)(.data) for dbg_msg
    C:\Keil_v5\ARM\PACK\ARM\CMSIS\5.6.0\CMSIS\RTOS\RTX\LIB\ARM\RTX_CM4.lib(rt_task.o)(i.rt_sys_init) refers to C:\Keil_v5\ARM\PACK\ARM\CMSIS\5.6.0\CMSIS\RTOS\RTX\LIB\ARM\RTX_CM4.lib(hal_cm.o)(i.dbg_init) for dbg_init
    C:\Keil_v5\ARM\PACK\ARM\CMSIS\5.6.0\CMSIS\RTOS\RTX\LIB\ARM\RTX_CM4.lib(rt_task.o)(i.rt_sys_init) refers to C:\Keil_v5\ARM\PACK\ARM\CMSIS\5.6.0\CMSIS\RTOS\RTX\LIB\ARM\RTX_CM4.lib(rt_membox.o)(i._init_box) for _init_box
    C:\Keil_v5\ARM\PACK\ARM\CMSIS\5.6.0\CMSIS\RTOS\RTX\LIB\ARM\RTX_CM4.lib(rt_task.o)(i.rt_sys_init) refers to C:\Keil_v5\ARM\PACK\ARM\CMSIS\5.6.0\CMSIS\RTOS\RTX\LIB\ARM\RTX_CM4.lib(rt_task.o)(i.rt_init_context) for rt_init_context
    C:\Keil_v5\ARM\PACK\ARM\CMSIS\5.6.0\CMSIS\RTOS\RTX\LIB\ARM\RTX_CM4.lib(rt_task.o)(i.rt_sys_init) refers to C:\Keil_v5\ARM\PACK\ARM\CMSIS\5.6.0\CMSIS\RTOS\RTX\LIB\ARM\RTX_CM4.lib(rt_robin.o)(i.rt_init_robin) for rt_init_robin
    C:\Keil_v5\ARM\PACK\ARM\CMSIS\5.6.0\CMSIS\RTOS\RTX\LIB\ARM\RTX_CM4.lib(rt_task.o)(i.rt_sys_init) refers to .\objects\rtx_conf_cm.o(.bss) for os_active_TCB
    C:\Keil_v5\ARM\PACK\ARM\CMSIS\5.6.0\CMSIS\RTOS\RTX\LIB\ARM\RTX_CM4.lib(rt_task.o)(i.rt_sys_init) refers to .\objects\rtx_conf_cm.o(.constdata) for os_maxtaskrun
    C:\Keil_v5\ARM\PACK\ARM\CMSIS\5.6.0\CMSIS\RTOS\RTX\LIB\ARM\RTX_CM4.lib(rt_task.o)(i.rt_sys_init) refers to .\objects\rtx_conf_cm.o(.data) for m_tmr
    C:\Keil_v5\ARM\PACK\ARM\CMSIS\5.6.0\CMSIS\RTOS\RTX\LIB\ARM\RTX_CM4.lib(rt_task.o)(i.rt_sys_init) refers to C:\Keil_v5\ARM\PACK\ARM\CMSIS\5.6.0\CMSIS\RTOS\RTX\LIB\ARM\RTX_CM4.lib(rt_task.o)(.bss) for .bss
    C:\Keil_v5\ARM\PACK\ARM\CMSIS\5.6.0\CMSIS\RTOS\RTX\LIB\ARM\RTX_CM4.lib(rt_task.o)(i.rt_sys_init) refers to .\objects\rtx_conf_cm.o(i.os_idle_demon) for os_idle_demon
    C:\Keil_v5\ARM\PACK\ARM\CMSIS\5.6.0\CMSIS\RTOS\RTX\LIB\ARM\RTX_CM4.lib(rt_task.o)(i.rt_sys_init) refers to C:\Keil_v5\ARM\PACK\ARM\CMSIS\5.6.0\CMSIS\RTOS\RTX\LIB\ARM\RTX_CM4.lib(rt_list.o)(.bss) for os_rdy
    C:\Keil_v5\ARM\PACK\ARM\CMSIS\5.6.0\CMSIS\RTOS\RTX\LIB\ARM\RTX_CM4.lib(rt_task.o)(i.rt_sys_init) refers to C:\Keil_v5\ARM\PACK\ARM\CMSIS\5.6.0\CMSIS\RTOS\RTX\LIB\ARM\RTX_CM4.lib(rt_task.o)(.data) for .data
    C:\Keil_v5\ARM\PACK\ARM\CMSIS\5.6.0\CMSIS\RTOS\RTX\LIB\ARM\RTX_CM4.lib(rt_task.o)(i.rt_sys_start) refers to C:\Keil_v5\ARM\PACK\ARM\CMSIS\5.6.0\CMSIS\RTOS\RTX\LIB\ARM\RTX_CM4.lib(rt_system.o)(i.os_tick_init) for os_tick_init
    C:\Keil_v5\ARM\PACK\ARM\CMSIS\5.6.0\CMSIS\RTOS\RTX\LIB\ARM\RTX_CM4.lib(rt_task.o)(i.rt_sys_start) refers to C:\Keil_v5\ARM\PACK\ARM\CMSIS\5.6.0\CMSIS\RTOS\RTX\LIB\ARM\RTX_CM4.lib(rt_system.o)(.data) for os_tick_irqn
    C:\Keil_v5\ARM\PACK\ARM\CMSIS\5.6.0\CMSIS\RTOS\RTX\LIB\ARM\RTX_CM4.lib(rt_task.o)(i.rt_tsk_create) refers to C:\Keil_v5\ARM\PACK\ARM\CMSIS\5.6.0\CMSIS\RTOS\RTX\LIB\ARM\RTX_CM4.lib(rt_membox.o)(i.rt_alloc_box) for rt_alloc_box
    C:\Keil_v5\ARM\PACK\ARM\CMSIS\5.6.0\CMSIS\RTOS\RTX\LIB\ARM\RTX_CM4.lib(rt_task.o)(i.rt_tsk_create) refers to C:\Keil_v5\ARM\PACK\ARM\CMSIS\5.6.0\CMSIS\RTOS\RTX\LIB\ARM\RTX_CM4.lib(rt_task.o)(i.rt_init_context) for rt_init_context
    C:\Keil_v5\ARM\PACK\ARM\CMSIS\5.6.0\CMSIS\RTOS\RTX\LIB\ARM\RTX_CM4.lib(rt_task.o)(i.rt_tsk_create) refers to C:\Keil_v5\ARM\PACK\ARM\CMSIS\5.6.0\CMSIS\RTOS\RTX\LIB\ARM\RTX_CM4.lib(hal_cm.o)(i.dbg_task_notify) for dbg_task_notify
    C:\Keil_v5\ARM\PACK\ARM\CMSIS\5.6.0\CMSIS\RTOS\RTX\LIB\ARM\RTX_CM4.lib(rt_task.o)(i.rt_tsk_create) refers to C:\Keil_v5\ARM\PACK\ARM\CMSIS\5.6.0\CMSIS\RTOS\RTX\LIB\ARM\RTX_CM4.lib(rt_task.o)(i.rt_dispatch) for rt_dispatch
    C:\Keil_v5\ARM\PACK\ARM\CMSIS\5.6.0\CMSIS\RTOS\RTX\LIB\ARM\RTX_CM4.lib(rt_task.o)(i.rt_tsk_create) refers to .\objects\rtx_conf_cm.o(.bss) for mp_tcb
    C:\Keil_v5\ARM\PACK\ARM\CMSIS\5.6.0\CMSIS\RTOS\RTX\LIB\ARM\RTX_CM4.lib(rt_task.o)(i.rt_tsk_create) refers to .\objects\rtx_conf_cm.o(.constdata) for os_maxtaskrun
    C:\Keil_v5\ARM\PACK\ARM\CMSIS\5.6.0\CMSIS\RTOS\RTX\LIB\ARM\RTX_CM4.lib(rt_task.o)(i.rt_tsk_create) refers to C:\Keil_v5\ARM\PACK\ARM\CMSIS\5.6.0\CMSIS\RTOS\RTX\LIB\ARM\RTX_CM4.lib(hal_cm.o)(.data) for dbg_msg
    C:\Keil_v5\ARM\PACK\ARM\CMSIS\5.6.0\CMSIS\RTOS\RTX\LIB\ARM\RTX_CM4.lib(rt_task.o)(i.rt_tsk_delete) refers to C:\Keil_v5\ARM\PACK\ARM\CMSIS\5.6.0\CMSIS\RTOS\RTX\LIB\ARM\RTX_CM4.lib(hal_cm4.o)(.emb_text) for rt_get_PSP
    C:\Keil_v5\ARM\PACK\ARM\CMSIS\5.6.0\CMSIS\RTOS\RTX\LIB\ARM\RTX_CM4.lib(rt_task.o)(i.rt_tsk_delete) refers to C:\Keil_v5\ARM\PACK\ARM\CMSIS\5.6.0\CMSIS\RTOS\RTX\LIB\ARM\RTX_CM4.lib(rt_system.o)(i.rt_stk_check) for rt_stk_check
    C:\Keil_v5\ARM\PACK\ARM\CMSIS\5.6.0\CMSIS\RTOS\RTX\LIB\ARM\RTX_CM4.lib(rt_task.o)(i.rt_tsk_delete) refers to C:\Keil_v5\ARM\PACK\ARM\CMSIS\5.6.0\CMSIS\RTOS\RTX\LIB\ARM\RTX_CM4.lib(rt_list.o)(i.rt_get_first) for rt_get_first
    C:\Keil_v5\ARM\PACK\ARM\CMSIS\5.6.0\CMSIS\RTOS\RTX\LIB\ARM\RTX_CM4.lib(rt_task.o)(i.rt_tsk_delete) refers to C:\Keil_v5\ARM\PACK\ARM\CMSIS\5.6.0\CMSIS\RTOS\RTX\LIB\ARM\RTX_CM4.lib(hal_cm.o)(i.rt_ret_val) for rt_ret_val
    C:\Keil_v5\ARM\PACK\ARM\CMSIS\5.6.0\CMSIS\RTOS\RTX\LIB\ARM\RTX_CM4.lib(rt_task.o)(i.rt_tsk_delete) refers to C:\Keil_v5\ARM\PACK\ARM\CMSIS\5.6.0\CMSIS\RTOS\RTX\LIB\ARM\RTX_CM4.lib(rt_list.o)(i.rt_rmv_dly) for rt_rmv_dly
    C:\Keil_v5\ARM\PACK\ARM\CMSIS\5.6.0\CMSIS\RTOS\RTX\LIB\ARM\RTX_CM4.lib(rt_task.o)(i.rt_tsk_delete) refers to C:\Keil_v5\ARM\PACK\ARM\CMSIS\5.6.0\CMSIS\RTOS\RTX\LIB\ARM\RTX_CM4.lib(rt_list.o)(i.rt_put_prio) for rt_put_prio
    C:\Keil_v5\ARM\PACK\ARM\CMSIS\5.6.0\CMSIS\RTOS\RTX\LIB\ARM\RTX_CM4.lib(rt_task.o)(i.rt_tsk_delete) refers to C:\Keil_v5\ARM\PACK\ARM\CMSIS\5.6.0\CMSIS\RTOS\RTX\LIB\ARM\RTX_CM4.lib(rt_membox.o)(i.rt_free_box) for rt_free_box
    C:\Keil_v5\ARM\PACK\ARM\CMSIS\5.6.0\CMSIS\RTOS\RTX\LIB\ARM\RTX_CM4.lib(rt_task.o)(i.rt_tsk_delete) refers to C:\Keil_v5\ARM\PACK\ARM\CMSIS\5.6.0\CMSIS\RTOS\RTX\LIB\ARM\RTX_CM4.lib(hal_cm.o)(i.dbg_task_notify) for dbg_task_notify
    C:\Keil_v5\ARM\PACK\ARM\CMSIS\5.6.0\CMSIS\RTOS\RTX\LIB\ARM\RTX_CM4.lib(rt_task.o)(i.rt_tsk_delete) refers to C:\Keil_v5\ARM\PACK\ARM\CMSIS\5.6.0\CMSIS\RTOS\RTX\LIB\ARM\RTX_CM4.lib(rt_list.o)(i.rt_rmv_list) for rt_rmv_list
    C:\Keil_v5\ARM\PACK\ARM\CMSIS\5.6.0\CMSIS\RTOS\RTX\LIB\ARM\RTX_CM4.lib(rt_task.o)(i.rt_tsk_delete) refers to C:\Keil_v5\ARM\PACK\ARM\CMSIS\5.6.0\CMSIS\RTOS\RTX\LIB\ARM\RTX_CM4.lib(rt_task.o)(i.rt_dispatch) for rt_dispatch
    C:\Keil_v5\ARM\PACK\ARM\CMSIS\5.6.0\CMSIS\RTOS\RTX\LIB\ARM\RTX_CM4.lib(rt_task.o)(i.rt_tsk_delete) refers to C:\Keil_v5\ARM\PACK\ARM\CMSIS\5.6.0\CMSIS\RTOS\RTX\LIB\ARM\RTX_CM4.lib(hal_cm.o)(.data) for dbg_msg
    C:\Keil_v5\ARM\PACK\ARM\CMSIS\5.6.0\CMSIS\RTOS\RTX\LIB\ARM\RTX_CM4.lib(rt_task.o)(i.rt_tsk_delete) refers to .\objects\rtx_conf_cm.o(.bss) for os_active_TCB
    C:\Keil_v5\ARM\PACK\ARM\CMSIS\5.6.0\CMSIS\RTOS\RTX\LIB\ARM\RTX_CM4.lib(rt_task.o)(i.rt_tsk_delete) refers to C:\Keil_v5\ARM\PACK\ARM\CMSIS\5.6.0\CMSIS\RTOS\RTX\LIB\ARM\RTX_CM4.lib(rt_task.o)(.data) for .data
    C:\Keil_v5\ARM\PACK\ARM\CMSIS\5.6.0\CMSIS\RTOS\RTX\LIB\ARM\RTX_CM4.lib(rt_task.o)(i.rt_tsk_delete) refers to C:\Keil_v5\ARM\PACK\ARM\CMSIS\5.6.0\CMSIS\RTOS\RTX\LIB\ARM\RTX_CM4.lib(rt_list.o)(.bss) for os_rdy
    C:\Keil_v5\ARM\PACK\ARM\CMSIS\5.6.0\CMSIS\RTOS\RTX\LIB\ARM\RTX_CM4.lib(rt_task.o)(i.rt_tsk_delete) refers to .\objects\rtx_conf_cm.o(.constdata) for os_maxtaskrun
    C:\Keil_v5\ARM\PACK\ARM\CMSIS\5.6.0\CMSIS\RTOS\RTX\LIB\ARM\RTX_CM4.lib(rt_task.o)(i.rt_tsk_pass) refers to C:\Keil_v5\ARM\PACK\ARM\CMSIS\5.6.0\CMSIS\RTOS\RTX\LIB\ARM\RTX_CM4.lib(rt_list.o)(i.rt_get_same_rdy_prio) for rt_get_same_rdy_prio
    C:\Keil_v5\ARM\PACK\ARM\CMSIS\5.6.0\CMSIS\RTOS\RTX\LIB\ARM\RTX_CM4.lib(rt_task.o)(i.rt_tsk_pass) refers to C:\Keil_v5\ARM\PACK\ARM\CMSIS\5.6.0\CMSIS\RTOS\RTX\LIB\ARM\RTX_CM4.lib(rt_list.o)(i.rt_put_prio) for rt_put_prio
    C:\Keil_v5\ARM\PACK\ARM\CMSIS\5.6.0\CMSIS\RTOS\RTX\LIB\ARM\RTX_CM4.lib(rt_task.o)(i.rt_tsk_pass) refers to C:\Keil_v5\ARM\PACK\ARM\CMSIS\5.6.0\CMSIS\RTOS\RTX\LIB\ARM\RTX_CM4.lib(rt_task.o)(i.rt_switch_req) for rt_switch_req
    C:\Keil_v5\ARM\PACK\ARM\CMSIS\5.6.0\CMSIS\RTOS\RTX\LIB\ARM\RTX_CM4.lib(rt_task.o)(i.rt_tsk_pass) refers to C:\Keil_v5\ARM\PACK\ARM\CMSIS\5.6.0\CMSIS\RTOS\RTX\LIB\ARM\RTX_CM4.lib(rt_task.o)(.data) for .data
    C:\Keil_v5\ARM\PACK\ARM\CMSIS\5.6.0\CMSIS\RTOS\RTX\LIB\ARM\RTX_CM4.lib(rt_task.o)(i.rt_tsk_pass) refers to C:\Keil_v5\ARM\PACK\ARM\CMSIS\5.6.0\CMSIS\RTOS\RTX\LIB\ARM\RTX_CM4.lib(rt_list.o)(.bss) for os_rdy
    C:\Keil_v5\ARM\PACK\ARM\CMSIS\5.6.0\CMSIS\RTOS\RTX\LIB\ARM\RTX_CM4.lib(rt_task.o)(i.rt_tsk_prio) refers to C:\Keil_v5\ARM\PACK\ARM\CMSIS\5.6.0\CMSIS\RTOS\RTX\LIB\ARM\RTX_CM4.lib(rt_list.o)(i.rt_put_prio) for rt_put_prio
    C:\Keil_v5\ARM\PACK\ARM\CMSIS\5.6.0\CMSIS\RTOS\RTX\LIB\ARM\RTX_CM4.lib(rt_task.o)(i.rt_tsk_prio) refers to C:\Keil_v5\ARM\PACK\ARM\CMSIS\5.6.0\CMSIS\RTOS\RTX\LIB\ARM\RTX_CM4.lib(rt_list.o)(i.rt_resort_prio) for rt_resort_prio
    C:\Keil_v5\ARM\PACK\ARM\CMSIS\5.6.0\CMSIS\RTOS\RTX\LIB\ARM\RTX_CM4.lib(rt_task.o)(i.rt_tsk_prio) refers to C:\Keil_v5\ARM\PACK\ARM\CMSIS\5.6.0\CMSIS\RTOS\RTX\LIB\ARM\RTX_CM4.lib(rt_list.o)(i.rt_get_first) for rt_get_first
    C:\Keil_v5\ARM\PACK\ARM\CMSIS\5.6.0\CMSIS\RTOS\RTX\LIB\ARM\RTX_CM4.lib(rt_task.o)(i.rt_tsk_prio) refers to C:\Keil_v5\ARM\PACK\ARM\CMSIS\5.6.0\CMSIS\RTOS\RTX\LIB\ARM\RTX_CM4.lib(rt_task.o)(i.rt_dispatch) for rt_dispatch
    C:\Keil_v5\ARM\PACK\ARM\CMSIS\5.6.0\CMSIS\RTOS\RTX\LIB\ARM\RTX_CM4.lib(rt_task.o)(i.rt_tsk_prio) refers to C:\Keil_v5\ARM\PACK\ARM\CMSIS\5.6.0\CMSIS\RTOS\RTX\LIB\ARM\RTX_CM4.lib(rt_task.o)(.data) for .data
    C:\Keil_v5\ARM\PACK\ARM\CMSIS\5.6.0\CMSIS\RTOS\RTX\LIB\ARM\RTX_CM4.lib(rt_task.o)(i.rt_tsk_prio) refers to .\objects\rtx_conf_cm.o(.constdata) for os_maxtaskrun
    C:\Keil_v5\ARM\PACK\ARM\CMSIS\5.6.0\CMSIS\RTOS\RTX\LIB\ARM\RTX_CM4.lib(rt_task.o)(i.rt_tsk_prio) refers to .\objects\rtx_conf_cm.o(.bss) for os_active_TCB
    C:\Keil_v5\ARM\PACK\ARM\CMSIS\5.6.0\CMSIS\RTOS\RTX\LIB\ARM\RTX_CM4.lib(rt_task.o)(i.rt_tsk_prio) refers to C:\Keil_v5\ARM\PACK\ARM\CMSIS\5.6.0\CMSIS\RTOS\RTX\LIB\ARM\RTX_CM4.lib(rt_list.o)(.bss) for os_rdy
    C:\Keil_v5\ARM\PACK\ARM\CMSIS\5.6.0\CMSIS\RTOS\RTX\LIB\ARM\RTX_CM4.lib(rt_task.o)(i.rt_tsk_self) refers to C:\Keil_v5\ARM\PACK\ARM\CMSIS\5.6.0\CMSIS\RTOS\RTX\LIB\ARM\RTX_CM4.lib(rt_task.o)(.data) for .data
    C:\Keil_v5\ARM\PACK\ARM\CMSIS\5.6.0\CMSIS\RTOS\RTX\LIB\ARM\RTX_CM4.lib(rt_mutex.o)(i.rt_mut_delete) refers to C:\Keil_v5\ARM\PACK\ARM\CMSIS\5.6.0\CMSIS\RTOS\RTX\LIB\ARM\RTX_CM4.lib(rt_list.o)(i.rt_resort_prio) for rt_resort_prio
    C:\Keil_v5\ARM\PACK\ARM\CMSIS\5.6.0\CMSIS\RTOS\RTX\LIB\ARM\RTX_CM4.lib(rt_mutex.o)(i.rt_mut_delete) refers to C:\Keil_v5\ARM\PACK\ARM\CMSIS\5.6.0\CMSIS\RTOS\RTX\LIB\ARM\RTX_CM4.lib(rt_list.o)(i.rt_get_first) for rt_get_first
    C:\Keil_v5\ARM\PACK\ARM\CMSIS\5.6.0\CMSIS\RTOS\RTX\LIB\ARM\RTX_CM4.lib(rt_mutex.o)(i.rt_mut_delete) refers to C:\Keil_v5\ARM\PACK\ARM\CMSIS\5.6.0\CMSIS\RTOS\RTX\LIB\ARM\RTX_CM4.lib(hal_cm.o)(i.rt_ret_val) for rt_ret_val
    C:\Keil_v5\ARM\PACK\ARM\CMSIS\5.6.0\CMSIS\RTOS\RTX\LIB\ARM\RTX_CM4.lib(rt_mutex.o)(i.rt_mut_delete) refers to C:\Keil_v5\ARM\PACK\ARM\CMSIS\5.6.0\CMSIS\RTOS\RTX\LIB\ARM\RTX_CM4.lib(rt_list.o)(i.rt_rmv_dly) for rt_rmv_dly
    C:\Keil_v5\ARM\PACK\ARM\CMSIS\5.6.0\CMSIS\RTOS\RTX\LIB\ARM\RTX_CM4.lib(rt_mutex.o)(i.rt_mut_delete) refers to C:\Keil_v5\ARM\PACK\ARM\CMSIS\5.6.0\CMSIS\RTOS\RTX\LIB\ARM\RTX_CM4.lib(rt_list.o)(i.rt_put_prio) for rt_put_prio
    C:\Keil_v5\ARM\PACK\ARM\CMSIS\5.6.0\CMSIS\RTOS\RTX\LIB\ARM\RTX_CM4.lib(rt_mutex.o)(i.rt_mut_delete) refers to C:\Keil_v5\ARM\PACK\ARM\CMSIS\5.6.0\CMSIS\RTOS\RTX\LIB\ARM\RTX_CM4.lib(rt_task.o)(i.rt_dispatch) for rt_dispatch
    C:\Keil_v5\ARM\PACK\ARM\CMSIS\5.6.0\CMSIS\RTOS\RTX\LIB\ARM\RTX_CM4.lib(rt_mutex.o)(i.rt_mut_delete) refers to C:\Keil_v5\ARM\PACK\ARM\CMSIS\5.6.0\CMSIS\RTOS\RTX\LIB\ARM\RTX_CM4.lib(rt_task.o)(.data) for os_tsk
    C:\Keil_v5\ARM\PACK\ARM\CMSIS\5.6.0\CMSIS\RTOS\RTX\LIB\ARM\RTX_CM4.lib(rt_mutex.o)(i.rt_mut_delete) refers to C:\Keil_v5\ARM\PACK\ARM\CMSIS\5.6.0\CMSIS\RTOS\RTX\LIB\ARM\RTX_CM4.lib(rt_list.o)(.bss) for os_rdy
    C:\Keil_v5\ARM\PACK\ARM\CMSIS\5.6.0\CMSIS\RTOS\RTX\LIB\ARM\RTX_CM4.lib(rt_mutex.o)(i.rt_mut_release) refers to C:\Keil_v5\ARM\PACK\ARM\CMSIS\5.6.0\CMSIS\RTOS\RTX\LIB\ARM\RTX_CM4.lib(rt_list.o)(i.rt_get_first) for rt_get_first
    C:\Keil_v5\ARM\PACK\ARM\CMSIS\5.6.0\CMSIS\RTOS\RTX\LIB\ARM\RTX_CM4.lib(rt_mutex.o)(i.rt_mut_release) refers to C:\Keil_v5\ARM\PACK\ARM\CMSIS\5.6.0\CMSIS\RTOS\RTX\LIB\ARM\RTX_CM4.lib(hal_cm.o)(i.rt_ret_val) for rt_ret_val
    C:\Keil_v5\ARM\PACK\ARM\CMSIS\5.6.0\CMSIS\RTOS\RTX\LIB\ARM\RTX_CM4.lib(rt_mutex.o)(i.rt_mut_release) refers to C:\Keil_v5\ARM\PACK\ARM\CMSIS\5.6.0\CMSIS\RTOS\RTX\LIB\ARM\RTX_CM4.lib(rt_list.o)(i.rt_rmv_dly) for rt_rmv_dly
    C:\Keil_v5\ARM\PACK\ARM\CMSIS\5.6.0\CMSIS\RTOS\RTX\LIB\ARM\RTX_CM4.lib(rt_mutex.o)(i.rt_mut_release) refers to C:\Keil_v5\ARM\PACK\ARM\CMSIS\5.6.0\CMSIS\RTOS\RTX\LIB\ARM\RTX_CM4.lib(rt_list.o)(i.rt_put_prio) for rt_put_prio
    C:\Keil_v5\ARM\PACK\ARM\CMSIS\5.6.0\CMSIS\RTOS\RTX\LIB\ARM\RTX_CM4.lib(rt_mutex.o)(i.rt_mut_release) refers to C:\Keil_v5\ARM\PACK\ARM\CMSIS\5.6.0\CMSIS\RTOS\RTX\LIB\ARM\RTX_CM4.lib(rt_task.o)(i.rt_dispatch) for rt_dispatch
    C:\Keil_v5\ARM\PACK\ARM\CMSIS\5.6.0\CMSIS\RTOS\RTX\LIB\ARM\RTX_CM4.lib(rt_mutex.o)(i.rt_mut_release) refers to C:\Keil_v5\ARM\PACK\ARM\CMSIS\5.6.0\CMSIS\RTOS\RTX\LIB\ARM\RTX_CM4.lib(rt_task.o)(.data) for os_tsk
    C:\Keil_v5\ARM\PACK\ARM\CMSIS\5.6.0\CMSIS\RTOS\RTX\LIB\ARM\RTX_CM4.lib(rt_mutex.o)(i.rt_mut_release) refers to C:\Keil_v5\ARM\PACK\ARM\CMSIS\5.6.0\CMSIS\RTOS\RTX\LIB\ARM\RTX_CM4.lib(rt_list.o)(.bss) for os_rdy
    C:\Keil_v5\ARM\PACK\ARM\CMSIS\5.6.0\CMSIS\RTOS\RTX\LIB\ARM\RTX_CM4.lib(rt_mutex.o)(i.rt_mut_wait) refers to C:\Keil_v5\ARM\PACK\ARM\CMSIS\5.6.0\CMSIS\RTOS\RTX\LIB\ARM\RTX_CM4.lib(rt_list.o)(i.rt_resort_prio) for rt_resort_prio
    C:\Keil_v5\ARM\PACK\ARM\CMSIS\5.6.0\CMSIS\RTOS\RTX\LIB\ARM\RTX_CM4.lib(rt_mutex.o)(i.rt_mut_wait) refers to C:\Keil_v5\ARM\PACK\ARM\CMSIS\5.6.0\CMSIS\RTOS\RTX\LIB\ARM\RTX_CM4.lib(rt_list.o)(i.rt_put_prio) for rt_put_prio
    C:\Keil_v5\ARM\PACK\ARM\CMSIS\5.6.0\CMSIS\RTOS\RTX\LIB\ARM\RTX_CM4.lib(rt_mutex.o)(i.rt_mut_wait) refers to C:\Keil_v5\ARM\PACK\ARM\CMSIS\5.6.0\CMSIS\RTOS\RTX\LIB\ARM\RTX_CM4.lib(rt_task.o)(i.rt_block) for rt_block
    C:\Keil_v5\ARM\PACK\ARM\CMSIS\5.6.0\CMSIS\RTOS\RTX\LIB\ARM\RTX_CM4.lib(rt_mutex.o)(i.rt_mut_wait) refers to C:\Keil_v5\ARM\PACK\ARM\CMSIS\5.6.0\CMSIS\RTOS\RTX\LIB\ARM\RTX_CM4.lib(rt_task.o)(.data) for os_tsk
    C:\Keil_v5\ARM\PACK\ARM\CMSIS\5.6.0\CMSIS\RTOS\RTX\LIB\ARM\RTX_CM4.lib(rt_system.o)(i.os_tick_init) refers to .\objects\rtx_conf_cm.o(.constdata) for os_trv
    C:\Keil_v5\ARM\PACK\ARM\CMSIS\5.6.0\CMSIS\RTOS\RTX\LIB\ARM\RTX_CM4.lib(rt_system.o)(i.os_tick_val) refers to .\objects\rtx_conf_cm.o(.constdata) for os_trv
    C:\Keil_v5\ARM\PACK\ARM\CMSIS\5.6.0\CMSIS\RTOS\RTX\LIB\ARM\RTX_CM4.lib(rt_system.o)(i.rt_pop_req) refers to C:\Keil_v5\ARM\PACK\ARM\CMSIS\5.6.0\CMSIS\RTOS\RTX\LIB\ARM\RTX_CM4.lib(rt_list.o)(i.rt_put_rdy_first) for rt_put_rdy_first
    C:\Keil_v5\ARM\PACK\ARM\CMSIS\5.6.0\CMSIS\RTOS\RTX\LIB\ARM\RTX_CM4.lib(rt_system.o)(i.rt_pop_req) refers to C:\Keil_v5\ARM\PACK\ARM\CMSIS\5.6.0\CMSIS\RTOS\RTX\LIB\ARM\RTX_CM4.lib(rt_semaphore.o)(i.rt_sem_psh) for rt_sem_psh
    C:\Keil_v5\ARM\PACK\ARM\CMSIS\5.6.0\CMSIS\RTOS\RTX\LIB\ARM\RTX_CM4.lib(rt_system.o)(i.rt_pop_req) refers to C:\Keil_v5\ARM\PACK\ARM\CMSIS\5.6.0\CMSIS\RTOS\RTX\LIB\ARM\RTX_CM4.lib(rt_list.o)(i.rt_get_first) for rt_get_first
    C:\Keil_v5\ARM\PACK\ARM\CMSIS\5.6.0\CMSIS\RTOS\RTX\LIB\ARM\RTX_CM4.lib(rt_system.o)(i.rt_pop_req) refers to C:\Keil_v5\ARM\PACK\ARM\CMSIS\5.6.0\CMSIS\RTOS\RTX\LIB\ARM\RTX_CM4.lib(rt_task.o)(i.rt_switch_req) for rt_switch_req
    C:\Keil_v5\ARM\PACK\ARM\CMSIS\5.6.0\CMSIS\RTOS\RTX\LIB\ARM\RTX_CM4.lib(rt_system.o)(i.rt_pop_req) refers to C:\Keil_v5\ARM\PACK\ARM\CMSIS\5.6.0\CMSIS\RTOS\RTX\LIB\ARM\RTX_CM4.lib(rt_event.o)(i.rt_evt_psh) for rt_evt_psh
    C:\Keil_v5\ARM\PACK\ARM\CMSIS\5.6.0\CMSIS\RTOS\RTX\LIB\ARM\RTX_CM4.lib(rt_system.o)(i.rt_pop_req) refers to C:\Keil_v5\ARM\PACK\ARM\CMSIS\5.6.0\CMSIS\RTOS\RTX\LIB\ARM\RTX_CM4.lib(rt_mailbox.o)(i.rt_mbx_psh) for rt_mbx_psh
    C:\Keil_v5\ARM\PACK\ARM\CMSIS\5.6.0\CMSIS\RTOS\RTX\LIB\ARM\RTX_CM4.lib(rt_system.o)(i.rt_pop_req) refers to C:\Keil_v5\ARM\PACK\ARM\CMSIS\5.6.0\CMSIS\RTOS\RTX\LIB\ARM\RTX_CM4.lib(rt_task.o)(.data) for os_tsk
    C:\Keil_v5\ARM\PACK\ARM\CMSIS\5.6.0\CMSIS\RTOS\RTX\LIB\ARM\RTX_CM4.lib(rt_system.o)(i.rt_pop_req) refers to .\objects\rtx_conf_cm.o(.bss) for os_fifo
    C:\Keil_v5\ARM\PACK\ARM\CMSIS\5.6.0\CMSIS\RTOS\RTX\LIB\ARM\RTX_CM4.lib(rt_system.o)(i.rt_pop_req) refers to C:\Keil_v5\ARM\PACK\ARM\CMSIS\5.6.0\CMSIS\RTOS\RTX\LIB\ARM\RTX_CM4.lib(rt_list.o)(.bss) for os_rdy
    C:\Keil_v5\ARM\PACK\ARM\CMSIS\5.6.0\CMSIS\RTOS\RTX\LIB\ARM\RTX_CM4.lib(rt_system.o)(i.rt_psh_req) refers to C:\Keil_v5\ARM\PACK\ARM\CMSIS\5.6.0\CMSIS\RTOS\RTX\LIB\ARM\RTX_CM4.lib(rt_system.o)(.data) for .data
    C:\Keil_v5\ARM\PACK\ARM\CMSIS\5.6.0\CMSIS\RTOS\RTX\LIB\ARM\RTX_CM4.lib(rt_system.o)(i.rt_resume) refers to C:\Keil_v5\ARM\PACK\ARM\CMSIS\5.6.0\CMSIS\RTOS\RTX\LIB\ARM\RTX_CM4.lib(rt_list.o)(i.rt_put_rdy_first) for rt_put_rdy_first
    C:\Keil_v5\ARM\PACK\ARM\CMSIS\5.6.0\CMSIS\RTOS\RTX\LIB\ARM\RTX_CM4.lib(rt_system.o)(i.rt_resume) refers to C:\Keil_v5\ARM\PACK\ARM\CMSIS\5.6.0\CMSIS\RTOS\RTX\LIB\ARM\RTX_CM4.lib(rt_list.o)(i.rt_dec_dly) for rt_dec_dly
    C:\Keil_v5\ARM\PACK\ARM\CMSIS\5.6.0\CMSIS\RTOS\RTX\LIB\ARM\RTX_CM4.lib(rt_system.o)(i.rt_resume) refers to C:\Keil_v5\ARM\PACK\ARM\CMSIS\5.6.0\CMSIS\RTOS\RTX\LIB\ARM\RTX_CM4.lib(rt_cmsis.o)(i.sysUserTimerUpdate) for sysUserTimerUpdate
    C:\Keil_v5\ARM\PACK\ARM\CMSIS\5.6.0\CMSIS\RTOS\RTX\LIB\ARM\RTX_CM4.lib(rt_system.o)(i.rt_resume) refers to C:\Keil_v5\ARM\PACK\ARM\CMSIS\5.6.0\CMSIS\RTOS\RTX\LIB\ARM\RTX_CM4.lib(rt_list.o)(i.rt_get_first) for rt_get_first
    C:\Keil_v5\ARM\PACK\ARM\CMSIS\5.6.0\CMSIS\RTOS\RTX\LIB\ARM\RTX_CM4.lib(rt_system.o)(i.rt_resume) refers to C:\Keil_v5\ARM\PACK\ARM\CMSIS\5.6.0\CMSIS\RTOS\RTX\LIB\ARM\RTX_CM4.lib(rt_task.o)(i.rt_switch_req) for rt_switch_req
    C:\Keil_v5\ARM\PACK\ARM\CMSIS\5.6.0\CMSIS\RTOS\RTX\LIB\ARM\RTX_CM4.lib(rt_system.o)(i.rt_resume) refers to C:\Keil_v5\ARM\PACK\ARM\CMSIS\5.6.0\CMSIS\RTOS\RTX\LIB\ARM\RTX_CM4.lib(rt_system.o)(i.rt_tsk_unlock) for rt_tsk_unlock
    C:\Keil_v5\ARM\PACK\ARM\CMSIS\5.6.0\CMSIS\RTOS\RTX\LIB\ARM\RTX_CM4.lib(rt_system.o)(i.rt_resume) refers to C:\Keil_v5\ARM\PACK\ARM\CMSIS\5.6.0\CMSIS\RTOS\RTX\LIB\ARM\RTX_CM4.lib(rt_task.o)(.data) for os_tsk
    C:\Keil_v5\ARM\PACK\ARM\CMSIS\5.6.0\CMSIS\RTOS\RTX\LIB\ARM\RTX_CM4.lib(rt_system.o)(i.rt_resume) refers to C:\Keil_v5\ARM\PACK\ARM\CMSIS\5.6.0\CMSIS\RTOS\RTX\LIB\ARM\RTX_CM4.lib(rt_robin.o)(.data) for os_robin
    C:\Keil_v5\ARM\PACK\ARM\CMSIS\5.6.0\CMSIS\RTOS\RTX\LIB\ARM\RTX_CM4.lib(rt_system.o)(i.rt_resume) refers to C:\Keil_v5\ARM\PACK\ARM\CMSIS\5.6.0\CMSIS\RTOS\RTX\LIB\ARM\RTX_CM4.lib(rt_list.o)(.bss) for os_dly
    C:\Keil_v5\ARM\PACK\ARM\CMSIS\5.6.0\CMSIS\RTOS\RTX\LIB\ARM\RTX_CM4.lib(rt_system.o)(i.rt_resume) refers to C:\Keil_v5\ARM\PACK\ARM\CMSIS\5.6.0\CMSIS\RTOS\RTX\LIB\ARM\RTX_CM4.lib(rt_time.o)(.data) for os_time
    C:\Keil_v5\ARM\PACK\ARM\CMSIS\5.6.0\CMSIS\RTOS\RTX\LIB\ARM\RTX_CM4.lib(rt_system.o)(i.rt_stk_check) refers to .\objects\rtx_conf_cm.o(i.os_error) for os_error
    C:\Keil_v5\ARM\PACK\ARM\CMSIS\5.6.0\CMSIS\RTOS\RTX\LIB\ARM\RTX_CM4.lib(rt_system.o)(i.rt_stk_check) refers to C:\Keil_v5\ARM\PACK\ARM\CMSIS\5.6.0\CMSIS\RTOS\RTX\LIB\ARM\RTX_CM4.lib(rt_task.o)(.data) for os_tsk
    C:\Keil_v5\ARM\PACK\ARM\CMSIS\5.6.0\CMSIS\RTOS\RTX\LIB\ARM\RTX_CM4.lib(rt_system.o)(i.rt_suspend) refers to C:\Keil_v5\ARM\PACK\ARM\CMSIS\5.6.0\CMSIS\RTOS\RTX\LIB\ARM\RTX_CM4.lib(rt_system.o)(i.rt_tsk_lock) for rt_tsk_lock
    C:\Keil_v5\ARM\PACK\ARM\CMSIS\5.6.0\CMSIS\RTOS\RTX\LIB\ARM\RTX_CM4.lib(rt_system.o)(i.rt_suspend) refers to C:\Keil_v5\ARM\PACK\ARM\CMSIS\5.6.0\CMSIS\RTOS\RTX\LIB\ARM\RTX_CM4.lib(rt_cmsis.o)(i.sysUserTimerWakeupTime) for sysUserTimerWakeupTime
    C:\Keil_v5\ARM\PACK\ARM\CMSIS\5.6.0\CMSIS\RTOS\RTX\LIB\ARM\RTX_CM4.lib(rt_system.o)(i.rt_suspend) refers to C:\Keil_v5\ARM\PACK\ARM\CMSIS\5.6.0\CMSIS\RTOS\RTX\LIB\ARM\RTX_CM4.lib(rt_list.o)(.bss) for os_dly
    C:\Keil_v5\ARM\PACK\ARM\CMSIS\5.6.0\CMSIS\RTOS\RTX\LIB\ARM\RTX_CM4.lib(rt_system.o)(i.rt_systick) refers to C:\Keil_v5\ARM\PACK\ARM\CMSIS\5.6.0\CMSIS\RTOS\RTX\LIB\ARM\RTX_CM4.lib(rt_list.o)(i.rt_put_rdy_first) for rt_put_rdy_first
    C:\Keil_v5\ARM\PACK\ARM\CMSIS\5.6.0\CMSIS\RTOS\RTX\LIB\ARM\RTX_CM4.lib(rt_system.o)(i.rt_systick) refers to C:\Keil_v5\ARM\PACK\ARM\CMSIS\5.6.0\CMSIS\RTOS\RTX\LIB\ARM\RTX_CM4.lib(rt_robin.o)(i.rt_chk_robin) for rt_chk_robin
    C:\Keil_v5\ARM\PACK\ARM\CMSIS\5.6.0\CMSIS\RTOS\RTX\LIB\ARM\RTX_CM4.lib(rt_system.o)(i.rt_systick) refers to C:\Keil_v5\ARM\PACK\ARM\CMSIS\5.6.0\CMSIS\RTOS\RTX\LIB\ARM\RTX_CM4.lib(rt_list.o)(i.rt_dec_dly) for rt_dec_dly
    C:\Keil_v5\ARM\PACK\ARM\CMSIS\5.6.0\CMSIS\RTOS\RTX\LIB\ARM\RTX_CM4.lib(rt_system.o)(i.rt_systick) refers to C:\Keil_v5\ARM\PACK\ARM\CMSIS\5.6.0\CMSIS\RTOS\RTX\LIB\ARM\RTX_CM4.lib(rt_cmsis.o)(i.sysTimerTick) for sysTimerTick
    C:\Keil_v5\ARM\PACK\ARM\CMSIS\5.6.0\CMSIS\RTOS\RTX\LIB\ARM\RTX_CM4.lib(rt_system.o)(i.rt_systick) refers to C:\Keil_v5\ARM\PACK\ARM\CMSIS\5.6.0\CMSIS\RTOS\RTX\LIB\ARM\RTX_CM4.lib(rt_list.o)(i.rt_get_first) for rt_get_first
    C:\Keil_v5\ARM\PACK\ARM\CMSIS\5.6.0\CMSIS\RTOS\RTX\LIB\ARM\RTX_CM4.lib(rt_system.o)(i.rt_systick) refers to C:\Keil_v5\ARM\PACK\ARM\CMSIS\5.6.0\CMSIS\RTOS\RTX\LIB\ARM\RTX_CM4.lib(rt_task.o)(i.rt_switch_req) for rt_switch_req
    C:\Keil_v5\ARM\PACK\ARM\CMSIS\5.6.0\CMSIS\RTOS\RTX\LIB\ARM\RTX_CM4.lib(rt_system.o)(i.rt_systick) refers to C:\Keil_v5\ARM\PACK\ARM\CMSIS\5.6.0\CMSIS\RTOS\RTX\LIB\ARM\RTX_CM4.lib(rt_task.o)(.data) for os_tsk
    C:\Keil_v5\ARM\PACK\ARM\CMSIS\5.6.0\CMSIS\RTOS\RTX\LIB\ARM\RTX_CM4.lib(rt_system.o)(i.rt_systick) refers to C:\Keil_v5\ARM\PACK\ARM\CMSIS\5.6.0\CMSIS\RTOS\RTX\LIB\ARM\RTX_CM4.lib(rt_time.o)(.data) for os_time
    C:\Keil_v5\ARM\PACK\ARM\CMSIS\5.6.0\CMSIS\RTOS\RTX\LIB\ARM\RTX_CM4.lib(rt_system.o)(i.rt_systick) refers to C:\Keil_v5\ARM\PACK\ARM\CMSIS\5.6.0\CMSIS\RTOS\RTX\LIB\ARM\RTX_CM4.lib(rt_list.o)(.bss) for os_rdy
    C:\Keil_v5\ARM\PACK\ARM\CMSIS\5.6.0\CMSIS\RTOS\RTX\LIB\ARM\RTX_CM4.lib(rt_system.o)(i.rt_tsk_lock) refers to C:\Keil_v5\ARM\PACK\ARM\CMSIS\5.6.0\CMSIS\RTOS\RTX\LIB\ARM\RTX_CM4.lib(rt_system.o)(.data) for .data
    C:\Keil_v5\ARM\PACK\ARM\CMSIS\5.6.0\CMSIS\RTOS\RTX\LIB\ARM\RTX_CM4.lib(rt_system.o)(i.rt_tsk_unlock) refers to C:\Keil_v5\ARM\PACK\ARM\CMSIS\5.6.0\CMSIS\RTOS\RTX\LIB\ARM\RTX_CM4.lib(rt_system.o)(.data) for .data
    C:\Keil_v5\ARM\PACK\ARM\CMSIS\5.6.0\CMSIS\RTOS\RTX\LIB\ARM\RTX_CM4.lib(rt_event.o)(i.isr_evt_set) refers to C:\Keil_v5\ARM\PACK\ARM\CMSIS\5.6.0\CMSIS\RTOS\RTX\LIB\ARM\RTX_CM4.lib(rt_list.o)(i.rt_psq_enq) for rt_psq_enq
    C:\Keil_v5\ARM\PACK\ARM\CMSIS\5.6.0\CMSIS\RTOS\RTX\LIB\ARM\RTX_CM4.lib(rt_event.o)(i.isr_evt_set) refers to C:\Keil_v5\ARM\PACK\ARM\CMSIS\5.6.0\CMSIS\RTOS\RTX\LIB\ARM\RTX_CM4.lib(rt_system.o)(i.rt_psh_req) for rt_psh_req
    C:\Keil_v5\ARM\PACK\ARM\CMSIS\5.6.0\CMSIS\RTOS\RTX\LIB\ARM\RTX_CM4.lib(rt_event.o)(i.isr_evt_set) refers to .\objects\rtx_conf_cm.o(.bss) for os_active_TCB
    C:\Keil_v5\ARM\PACK\ARM\CMSIS\5.6.0\CMSIS\RTOS\RTX\LIB\ARM\RTX_CM4.lib(rt_event.o)(i.rt_evt_clr) refers to .\objects\rtx_conf_cm.o(.bss) for os_active_TCB
    C:\Keil_v5\ARM\PACK\ARM\CMSIS\5.6.0\CMSIS\RTOS\RTX\LIB\ARM\RTX_CM4.lib(rt_event.o)(i.rt_evt_get) refers to C:\Keil_v5\ARM\PACK\ARM\CMSIS\5.6.0\CMSIS\RTOS\RTX\LIB\ARM\RTX_CM4.lib(rt_task.o)(.data) for os_tsk
    C:\Keil_v5\ARM\PACK\ARM\CMSIS\5.6.0\CMSIS\RTOS\RTX\LIB\ARM\RTX_CM4.lib(rt_event.o)(i.rt_evt_psh) refers to C:\Keil_v5\ARM\PACK\ARM\CMSIS\5.6.0\CMSIS\RTOS\RTX\LIB\ARM\RTX_CM4.lib(rt_list.o)(i.rt_rmv_dly) for rt_rmv_dly
    C:\Keil_v5\ARM\PACK\ARM\CMSIS\5.6.0\CMSIS\RTOS\RTX\LIB\ARM\RTX_CM4.lib(rt_event.o)(i.rt_evt_psh) refers to C:\Keil_v5\ARM\PACK\ARM\CMSIS\5.6.0\CMSIS\RTOS\RTX\LIB\ARM\RTX_CM4.lib(hal_cm.o)(i.rt_ret_val2) for rt_ret_val2
    C:\Keil_v5\ARM\PACK\ARM\CMSIS\5.6.0\CMSIS\RTOS\RTX\LIB\ARM\RTX_CM4.lib(rt_event.o)(i.rt_evt_psh) refers to C:\Keil_v5\ARM\PACK\ARM\CMSIS\5.6.0\CMSIS\RTOS\RTX\LIB\ARM\RTX_CM4.lib(rt_list.o)(i.rt_put_prio) for rt_put_prio
    C:\Keil_v5\ARM\PACK\ARM\CMSIS\5.6.0\CMSIS\RTOS\RTX\LIB\ARM\RTX_CM4.lib(rt_event.o)(i.rt_evt_psh) refers to C:\Keil_v5\ARM\PACK\ARM\CMSIS\5.6.0\CMSIS\RTOS\RTX\LIB\ARM\RTX_CM4.lib(rt_list.o)(.bss) for os_rdy
    C:\Keil_v5\ARM\PACK\ARM\CMSIS\5.6.0\CMSIS\RTOS\RTX\LIB\ARM\RTX_CM4.lib(rt_event.o)(i.rt_evt_set) refers to C:\Keil_v5\ARM\PACK\ARM\CMSIS\5.6.0\CMSIS\RTOS\RTX\LIB\ARM\RTX_CM4.lib(rt_list.o)(i.rt_rmv_dly) for rt_rmv_dly
    C:\Keil_v5\ARM\PACK\ARM\CMSIS\5.6.0\CMSIS\RTOS\RTX\LIB\ARM\RTX_CM4.lib(rt_event.o)(i.rt_evt_set) refers to C:\Keil_v5\ARM\PACK\ARM\CMSIS\5.6.0\CMSIS\RTOS\RTX\LIB\ARM\RTX_CM4.lib(hal_cm.o)(i.rt_ret_val2) for rt_ret_val2
    C:\Keil_v5\ARM\PACK\ARM\CMSIS\5.6.0\CMSIS\RTOS\RTX\LIB\ARM\RTX_CM4.lib(rt_event.o)(i.rt_evt_set) refers to C:\Keil_v5\ARM\PACK\ARM\CMSIS\5.6.0\CMSIS\RTOS\RTX\LIB\ARM\RTX_CM4.lib(rt_task.o)(i.rt_dispatch) for rt_dispatch
    C:\Keil_v5\ARM\PACK\ARM\CMSIS\5.6.0\CMSIS\RTOS\RTX\LIB\ARM\RTX_CM4.lib(rt_event.o)(i.rt_evt_set) refers to .\objects\rtx_conf_cm.o(.bss) for os_active_TCB
    C:\Keil_v5\ARM\PACK\ARM\CMSIS\5.6.0\CMSIS\RTOS\RTX\LIB\ARM\RTX_CM4.lib(rt_event.o)(i.rt_evt_wait) refers to C:\Keil_v5\ARM\PACK\ARM\CMSIS\5.6.0\CMSIS\RTOS\RTX\LIB\ARM\RTX_CM4.lib(rt_task.o)(i.rt_block) for rt_block
    C:\Keil_v5\ARM\PACK\ARM\CMSIS\5.6.0\CMSIS\RTOS\RTX\LIB\ARM\RTX_CM4.lib(rt_event.o)(i.rt_evt_wait) refers to C:\Keil_v5\ARM\PACK\ARM\CMSIS\5.6.0\CMSIS\RTOS\RTX\LIB\ARM\RTX_CM4.lib(rt_task.o)(.data) for os_tsk
    C:\Keil_v5\ARM\PACK\ARM\CMSIS\5.6.0\CMSIS\RTOS\RTX\LIB\ARM\RTX_CM4.lib(rt_list.o)(i.rt_dec_dly) refers to C:\Keil_v5\ARM\PACK\ARM\CMSIS\5.6.0\CMSIS\RTOS\RTX\LIB\ARM\RTX_CM4.lib(rt_list.o)(i.rt_put_prio) for rt_put_prio
    C:\Keil_v5\ARM\PACK\ARM\CMSIS\5.6.0\CMSIS\RTOS\RTX\LIB\ARM\RTX_CM4.lib(rt_list.o)(i.rt_dec_dly) refers to C:\Keil_v5\ARM\PACK\ARM\CMSIS\5.6.0\CMSIS\RTOS\RTX\LIB\ARM\RTX_CM4.lib(rt_list.o)(.bss) for .bss
    C:\Keil_v5\ARM\PACK\ARM\CMSIS\5.6.0\CMSIS\RTOS\RTX\LIB\ARM\RTX_CM4.lib(rt_list.o)(i.rt_dec_dly) refers to C:\Keil_v5\ARM\PACK\ARM\CMSIS\5.6.0\CMSIS\RTOS\RTX\LIB\ARM\RTX_CM4.lib(rt_time.o)(.data) for os_time
    C:\Keil_v5\ARM\PACK\ARM\CMSIS\5.6.0\CMSIS\RTOS\RTX\LIB\ARM\RTX_CM4.lib(rt_list.o)(i.rt_get_same_rdy_prio) refers to C:\Keil_v5\ARM\PACK\ARM\CMSIS\5.6.0\CMSIS\RTOS\RTX\LIB\ARM\RTX_CM4.lib(rt_list.o)(.bss) for .bss
    C:\Keil_v5\ARM\PACK\ARM\CMSIS\5.6.0\CMSIS\RTOS\RTX\LIB\ARM\RTX_CM4.lib(rt_list.o)(i.rt_get_same_rdy_prio) refers to C:\Keil_v5\ARM\PACK\ARM\CMSIS\5.6.0\CMSIS\RTOS\RTX\LIB\ARM\RTX_CM4.lib(rt_task.o)(.data) for os_tsk
    C:\Keil_v5\ARM\PACK\ARM\CMSIS\5.6.0\CMSIS\RTOS\RTX\LIB\ARM\RTX_CM4.lib(rt_list.o)(i.rt_psq_enq) refers to .\objects\rtx_conf_cm.o(i.os_error) for os_error
    C:\Keil_v5\ARM\PACK\ARM\CMSIS\5.6.0\CMSIS\RTOS\RTX\LIB\ARM\RTX_CM4.lib(rt_list.o)(i.rt_psq_enq) refers to .\objects\rtx_conf_cm.o(.bss) for os_fifo
    C:\Keil_v5\ARM\PACK\ARM\CMSIS\5.6.0\CMSIS\RTOS\RTX\LIB\ARM\RTX_CM4.lib(rt_list.o)(i.rt_put_dly) refers to C:\Keil_v5\ARM\PACK\ARM\CMSIS\5.6.0\CMSIS\RTOS\RTX\LIB\ARM\RTX_CM4.lib(rt_list.o)(.bss) for .bss
    C:\Keil_v5\ARM\PACK\ARM\CMSIS\5.6.0\CMSIS\RTOS\RTX\LIB\ARM\RTX_CM4.lib(rt_list.o)(i.rt_put_rdy_first) refers to C:\Keil_v5\ARM\PACK\ARM\CMSIS\5.6.0\CMSIS\RTOS\RTX\LIB\ARM\RTX_CM4.lib(rt_list.o)(.bss) for .bss
    C:\Keil_v5\ARM\PACK\ARM\CMSIS\5.6.0\CMSIS\RTOS\RTX\LIB\ARM\RTX_CM4.lib(rt_list.o)(i.rt_resort_prio) refers to C:\Keil_v5\ARM\PACK\ARM\CMSIS\5.6.0\CMSIS\RTOS\RTX\LIB\ARM\RTX_CM4.lib(rt_list.o)(i.rt_rmv_list) for rt_rmv_list
    C:\Keil_v5\ARM\PACK\ARM\CMSIS\5.6.0\CMSIS\RTOS\RTX\LIB\ARM\RTX_CM4.lib(rt_list.o)(i.rt_resort_prio) refers to C:\Keil_v5\ARM\PACK\ARM\CMSIS\5.6.0\CMSIS\RTOS\RTX\LIB\ARM\RTX_CM4.lib(rt_list.o)(i.rt_put_prio) for rt_put_prio
    C:\Keil_v5\ARM\PACK\ARM\CMSIS\5.6.0\CMSIS\RTOS\RTX\LIB\ARM\RTX_CM4.lib(rt_list.o)(i.rt_resort_prio) refers to C:\Keil_v5\ARM\PACK\ARM\CMSIS\5.6.0\CMSIS\RTOS\RTX\LIB\ARM\RTX_CM4.lib(rt_list.o)(.bss) for .bss
    C:\Keil_v5\ARM\PACK\ARM\CMSIS\5.6.0\CMSIS\RTOS\RTX\LIB\ARM\RTX_CM4.lib(rt_list.o)(i.rt_rmv_list) refers to C:\Keil_v5\ARM\PACK\ARM\CMSIS\5.6.0\CMSIS\RTOS\RTX\LIB\ARM\RTX_CM4.lib(rt_list.o)(.bss) for .bss
    C:\Keil_v5\ARM\PACK\ARM\CMSIS\5.6.0\CMSIS\RTOS\RTX\LIB\ARM\RTX_CM4.lib(rt_mailbox.o)(i.isr_mbx_receive) refers to C:\Keil_v5\ARM\PACK\ARM\CMSIS\5.6.0\CMSIS\RTOS\RTX\LIB\ARM\RTX_CM4.lib(rt_list.o)(i.rt_psq_enq) for rt_psq_enq
    C:\Keil_v5\ARM\PACK\ARM\CMSIS\5.6.0\CMSIS\RTOS\RTX\LIB\ARM\RTX_CM4.lib(rt_mailbox.o)(i.isr_mbx_receive) refers to C:\Keil_v5\ARM\PACK\ARM\CMSIS\5.6.0\CMSIS\RTOS\RTX\LIB\ARM\RTX_CM4.lib(rt_system.o)(i.rt_psh_req) for rt_psh_req
    C:\Keil_v5\ARM\PACK\ARM\CMSIS\5.6.0\CMSIS\RTOS\RTX\LIB\ARM\RTX_CM4.lib(rt_mailbox.o)(i.isr_mbx_send) refers to C:\Keil_v5\ARM\PACK\ARM\CMSIS\5.6.0\CMSIS\RTOS\RTX\LIB\ARM\RTX_CM4.lib(rt_list.o)(i.rt_psq_enq) for rt_psq_enq
    C:\Keil_v5\ARM\PACK\ARM\CMSIS\5.6.0\CMSIS\RTOS\RTX\LIB\ARM\RTX_CM4.lib(rt_mailbox.o)(i.isr_mbx_send) refers to C:\Keil_v5\ARM\PACK\ARM\CMSIS\5.6.0\CMSIS\RTOS\RTX\LIB\ARM\RTX_CM4.lib(rt_system.o)(i.rt_psh_req) for rt_psh_req
    C:\Keil_v5\ARM\PACK\ARM\CMSIS\5.6.0\CMSIS\RTOS\RTX\LIB\ARM\RTX_CM4.lib(rt_mailbox.o)(i.rt_mbx_psh) refers to C:\Keil_v5\ARM\PACK\ARM\CMSIS\5.6.0\CMSIS\RTOS\RTX\LIB\ARM\RTX_CM4.lib(rt_membox.o)(i.rt_alloc_box) for rt_alloc_box
    C:\Keil_v5\ARM\PACK\ARM\CMSIS\5.6.0\CMSIS\RTOS\RTX\LIB\ARM\RTX_CM4.lib(rt_mailbox.o)(i.rt_mbx_psh) refers to C:\Keil_v5\ARM\PACK\ARM\CMSIS\5.6.0\CMSIS\RTOS\RTX\LIB\ARM\RTX_CM4.lib(rt_list.o)(i.rt_get_first) for rt_get_first
    C:\Keil_v5\ARM\PACK\ARM\CMSIS\5.6.0\CMSIS\RTOS\RTX\LIB\ARM\RTX_CM4.lib(rt_mailbox.o)(i.rt_mbx_psh) refers to C:\Keil_v5\ARM\PACK\ARM\CMSIS\5.6.0\CMSIS\RTOS\RTX\LIB\ARM\RTX_CM4.lib(hal_cm.o)(i.rt_ret_val) for rt_ret_val
    C:\Keil_v5\ARM\PACK\ARM\CMSIS\5.6.0\CMSIS\RTOS\RTX\LIB\ARM\RTX_CM4.lib(rt_mailbox.o)(i.rt_mbx_psh) refers to C:\Keil_v5\ARM\PACK\ARM\CMSIS\5.6.0\CMSIS\RTOS\RTX\LIB\ARM\RTX_CM4.lib(rt_list.o)(i.rt_rmv_dly) for rt_rmv_dly
    C:\Keil_v5\ARM\PACK\ARM\CMSIS\5.6.0\CMSIS\RTOS\RTX\LIB\ARM\RTX_CM4.lib(rt_mailbox.o)(i.rt_mbx_psh) refers to C:\Keil_v5\ARM\PACK\ARM\CMSIS\5.6.0\CMSIS\RTOS\RTX\LIB\ARM\RTX_CM4.lib(rt_list.o)(i.rt_put_prio) for rt_put_prio
    C:\Keil_v5\ARM\PACK\ARM\CMSIS\5.6.0\CMSIS\RTOS\RTX\LIB\ARM\RTX_CM4.lib(rt_mailbox.o)(i.rt_mbx_psh) refers to C:\Keil_v5\ARM\PACK\ARM\CMSIS\5.6.0\CMSIS\RTOS\RTX\LIB\ARM\RTX_CM4.lib(hal_cm.o)(i.rt_ret_val2) for rt_ret_val2
    C:\Keil_v5\ARM\PACK\ARM\CMSIS\5.6.0\CMSIS\RTOS\RTX\LIB\ARM\RTX_CM4.lib(rt_mailbox.o)(i.rt_mbx_psh) refers to .\objects\rtx_conf_cm.o(i.os_error) for os_error
    C:\Keil_v5\ARM\PACK\ARM\CMSIS\5.6.0\CMSIS\RTOS\RTX\LIB\ARM\RTX_CM4.lib(rt_mailbox.o)(i.rt_mbx_psh) refers to C:\Keil_v5\ARM\PACK\ARM\CMSIS\5.6.0\CMSIS\RTOS\RTX\LIB\ARM\RTX_CM4.lib(rt_list.o)(.bss) for os_rdy
    C:\Keil_v5\ARM\PACK\ARM\CMSIS\5.6.0\CMSIS\RTOS\RTX\LIB\ARM\RTX_CM4.lib(rt_mailbox.o)(i.rt_mbx_send) refers to C:\Keil_v5\ARM\PACK\ARM\CMSIS\5.6.0\CMSIS\RTOS\RTX\LIB\ARM\RTX_CM4.lib(rt_list.o)(i.rt_put_prio) for rt_put_prio
    C:\Keil_v5\ARM\PACK\ARM\CMSIS\5.6.0\CMSIS\RTOS\RTX\LIB\ARM\RTX_CM4.lib(rt_mailbox.o)(i.rt_mbx_send) refers to C:\Keil_v5\ARM\PACK\ARM\CMSIS\5.6.0\CMSIS\RTOS\RTX\LIB\ARM\RTX_CM4.lib(rt_list.o)(i.rt_get_first) for rt_get_first
    C:\Keil_v5\ARM\PACK\ARM\CMSIS\5.6.0\CMSIS\RTOS\RTX\LIB\ARM\RTX_CM4.lib(rt_mailbox.o)(i.rt_mbx_send) refers to C:\Keil_v5\ARM\PACK\ARM\CMSIS\5.6.0\CMSIS\RTOS\RTX\LIB\ARM\RTX_CM4.lib(hal_cm.o)(i.rt_ret_val2) for rt_ret_val2
    C:\Keil_v5\ARM\PACK\ARM\CMSIS\5.6.0\CMSIS\RTOS\RTX\LIB\ARM\RTX_CM4.lib(rt_mailbox.o)(i.rt_mbx_send) refers to C:\Keil_v5\ARM\PACK\ARM\CMSIS\5.6.0\CMSIS\RTOS\RTX\LIB\ARM\RTX_CM4.lib(rt_list.o)(i.rt_rmv_dly) for rt_rmv_dly
    C:\Keil_v5\ARM\PACK\ARM\CMSIS\5.6.0\CMSIS\RTOS\RTX\LIB\ARM\RTX_CM4.lib(rt_mailbox.o)(i.rt_mbx_send) refers to C:\Keil_v5\ARM\PACK\ARM\CMSIS\5.6.0\CMSIS\RTOS\RTX\LIB\ARM\RTX_CM4.lib(rt_task.o)(i.rt_dispatch) for rt_dispatch
    C:\Keil_v5\ARM\PACK\ARM\CMSIS\5.6.0\CMSIS\RTOS\RTX\LIB\ARM\RTX_CM4.lib(rt_mailbox.o)(i.rt_mbx_send) refers to C:\Keil_v5\ARM\PACK\ARM\CMSIS\5.6.0\CMSIS\RTOS\RTX\LIB\ARM\RTX_CM4.lib(rt_task.o)(i.rt_block) for rt_block
    C:\Keil_v5\ARM\PACK\ARM\CMSIS\5.6.0\CMSIS\RTOS\RTX\LIB\ARM\RTX_CM4.lib(rt_mailbox.o)(i.rt_mbx_send) refers to C:\Keil_v5\ARM\PACK\ARM\CMSIS\5.6.0\CMSIS\RTOS\RTX\LIB\ARM\RTX_CM4.lib(rt_task.o)(.data) for os_tsk
    C:\Keil_v5\ARM\PACK\ARM\CMSIS\5.6.0\CMSIS\RTOS\RTX\LIB\ARM\RTX_CM4.lib(rt_mailbox.o)(i.rt_mbx_wait) refers to C:\Keil_v5\ARM\PACK\ARM\CMSIS\5.6.0\CMSIS\RTOS\RTX\LIB\ARM\RTX_CM4.lib(rt_list.o)(i.rt_get_first) for rt_get_first
    C:\Keil_v5\ARM\PACK\ARM\CMSIS\5.6.0\CMSIS\RTOS\RTX\LIB\ARM\RTX_CM4.lib(rt_mailbox.o)(i.rt_mbx_wait) refers to C:\Keil_v5\ARM\PACK\ARM\CMSIS\5.6.0\CMSIS\RTOS\RTX\LIB\ARM\RTX_CM4.lib(hal_cm.o)(i.rt_ret_val) for rt_ret_val
    C:\Keil_v5\ARM\PACK\ARM\CMSIS\5.6.0\CMSIS\RTOS\RTX\LIB\ARM\RTX_CM4.lib(rt_mailbox.o)(i.rt_mbx_wait) refers to C:\Keil_v5\ARM\PACK\ARM\CMSIS\5.6.0\CMSIS\RTOS\RTX\LIB\ARM\RTX_CM4.lib(rt_list.o)(i.rt_rmv_dly) for rt_rmv_dly
    C:\Keil_v5\ARM\PACK\ARM\CMSIS\5.6.0\CMSIS\RTOS\RTX\LIB\ARM\RTX_CM4.lib(rt_mailbox.o)(i.rt_mbx_wait) refers to C:\Keil_v5\ARM\PACK\ARM\CMSIS\5.6.0\CMSIS\RTOS\RTX\LIB\ARM\RTX_CM4.lib(rt_task.o)(i.rt_dispatch) for rt_dispatch
    C:\Keil_v5\ARM\PACK\ARM\CMSIS\5.6.0\CMSIS\RTOS\RTX\LIB\ARM\RTX_CM4.lib(rt_mailbox.o)(i.rt_mbx_wait) refers to C:\Keil_v5\ARM\PACK\ARM\CMSIS\5.6.0\CMSIS\RTOS\RTX\LIB\ARM\RTX_CM4.lib(rt_list.o)(i.rt_put_prio) for rt_put_prio
    C:\Keil_v5\ARM\PACK\ARM\CMSIS\5.6.0\CMSIS\RTOS\RTX\LIB\ARM\RTX_CM4.lib(rt_mailbox.o)(i.rt_mbx_wait) refers to C:\Keil_v5\ARM\PACK\ARM\CMSIS\5.6.0\CMSIS\RTOS\RTX\LIB\ARM\RTX_CM4.lib(rt_task.o)(i.rt_block) for rt_block
    C:\Keil_v5\ARM\PACK\ARM\CMSIS\5.6.0\CMSIS\RTOS\RTX\LIB\ARM\RTX_CM4.lib(rt_mailbox.o)(i.rt_mbx_wait) refers to C:\Keil_v5\ARM\PACK\ARM\CMSIS\5.6.0\CMSIS\RTOS\RTX\LIB\ARM\RTX_CM4.lib(rt_task.o)(.data) for os_tsk
    C:\Keil_v5\ARM\PACK\ARM\CMSIS\5.6.0\CMSIS\RTOS\RTX\LIB\ARM\RTX_CM4.lib(rt_semaphore.o)(i.isr_sem_send) refers to C:\Keil_v5\ARM\PACK\ARM\CMSIS\5.6.0\CMSIS\RTOS\RTX\LIB\ARM\RTX_CM4.lib(rt_list.o)(i.rt_psq_enq) for rt_psq_enq
    C:\Keil_v5\ARM\PACK\ARM\CMSIS\5.6.0\CMSIS\RTOS\RTX\LIB\ARM\RTX_CM4.lib(rt_semaphore.o)(i.isr_sem_send) refers to C:\Keil_v5\ARM\PACK\ARM\CMSIS\5.6.0\CMSIS\RTOS\RTX\LIB\ARM\RTX_CM4.lib(rt_system.o)(i.rt_psh_req) for rt_psh_req
    C:\Keil_v5\ARM\PACK\ARM\CMSIS\5.6.0\CMSIS\RTOS\RTX\LIB\ARM\RTX_CM4.lib(rt_semaphore.o)(i.rt_sem_delete) refers to C:\Keil_v5\ARM\PACK\ARM\CMSIS\5.6.0\CMSIS\RTOS\RTX\LIB\ARM\RTX_CM4.lib(rt_list.o)(i.rt_get_first) for rt_get_first
    C:\Keil_v5\ARM\PACK\ARM\CMSIS\5.6.0\CMSIS\RTOS\RTX\LIB\ARM\RTX_CM4.lib(rt_semaphore.o)(i.rt_sem_delete) refers to C:\Keil_v5\ARM\PACK\ARM\CMSIS\5.6.0\CMSIS\RTOS\RTX\LIB\ARM\RTX_CM4.lib(hal_cm.o)(i.rt_ret_val) for rt_ret_val
    C:\Keil_v5\ARM\PACK\ARM\CMSIS\5.6.0\CMSIS\RTOS\RTX\LIB\ARM\RTX_CM4.lib(rt_semaphore.o)(i.rt_sem_delete) refers to C:\Keil_v5\ARM\PACK\ARM\CMSIS\5.6.0\CMSIS\RTOS\RTX\LIB\ARM\RTX_CM4.lib(rt_list.o)(i.rt_rmv_dly) for rt_rmv_dly
    C:\Keil_v5\ARM\PACK\ARM\CMSIS\5.6.0\CMSIS\RTOS\RTX\LIB\ARM\RTX_CM4.lib(rt_semaphore.o)(i.rt_sem_delete) refers to C:\Keil_v5\ARM\PACK\ARM\CMSIS\5.6.0\CMSIS\RTOS\RTX\LIB\ARM\RTX_CM4.lib(rt_list.o)(i.rt_put_prio) for rt_put_prio
    C:\Keil_v5\ARM\PACK\ARM\CMSIS\5.6.0\CMSIS\RTOS\RTX\LIB\ARM\RTX_CM4.lib(rt_semaphore.o)(i.rt_sem_delete) refers to C:\Keil_v5\ARM\PACK\ARM\CMSIS\5.6.0\CMSIS\RTOS\RTX\LIB\ARM\RTX_CM4.lib(rt_task.o)(i.rt_dispatch) for rt_dispatch
    C:\Keil_v5\ARM\PACK\ARM\CMSIS\5.6.0\CMSIS\RTOS\RTX\LIB\ARM\RTX_CM4.lib(rt_semaphore.o)(i.rt_sem_delete) refers to C:\Keil_v5\ARM\PACK\ARM\CMSIS\5.6.0\CMSIS\RTOS\RTX\LIB\ARM\RTX_CM4.lib(rt_list.o)(.bss) for os_rdy
    C:\Keil_v5\ARM\PACK\ARM\CMSIS\5.6.0\CMSIS\RTOS\RTX\LIB\ARM\RTX_CM4.lib(rt_semaphore.o)(i.rt_sem_delete) refers to C:\Keil_v5\ARM\PACK\ARM\CMSIS\5.6.0\CMSIS\RTOS\RTX\LIB\ARM\RTX_CM4.lib(rt_task.o)(.data) for os_tsk
    C:\Keil_v5\ARM\PACK\ARM\CMSIS\5.6.0\CMSIS\RTOS\RTX\LIB\ARM\RTX_CM4.lib(rt_semaphore.o)(i.rt_sem_psh) refers to C:\Keil_v5\ARM\PACK\ARM\CMSIS\5.6.0\CMSIS\RTOS\RTX\LIB\ARM\RTX_CM4.lib(rt_list.o)(i.rt_get_first) for rt_get_first
    C:\Keil_v5\ARM\PACK\ARM\CMSIS\5.6.0\CMSIS\RTOS\RTX\LIB\ARM\RTX_CM4.lib(rt_semaphore.o)(i.rt_sem_psh) refers to C:\Keil_v5\ARM\PACK\ARM\CMSIS\5.6.0\CMSIS\RTOS\RTX\LIB\ARM\RTX_CM4.lib(rt_list.o)(i.rt_rmv_dly) for rt_rmv_dly
    C:\Keil_v5\ARM\PACK\ARM\CMSIS\5.6.0\CMSIS\RTOS\RTX\LIB\ARM\RTX_CM4.lib(rt_semaphore.o)(i.rt_sem_psh) refers to C:\Keil_v5\ARM\PACK\ARM\CMSIS\5.6.0\CMSIS\RTOS\RTX\LIB\ARM\RTX_CM4.lib(hal_cm.o)(i.rt_ret_val) for rt_ret_val
    C:\Keil_v5\ARM\PACK\ARM\CMSIS\5.6.0\CMSIS\RTOS\RTX\LIB\ARM\RTX_CM4.lib(rt_semaphore.o)(i.rt_sem_psh) refers to C:\Keil_v5\ARM\PACK\ARM\CMSIS\5.6.0\CMSIS\RTOS\RTX\LIB\ARM\RTX_CM4.lib(rt_list.o)(i.rt_put_prio) for rt_put_prio
    C:\Keil_v5\ARM\PACK\ARM\CMSIS\5.6.0\CMSIS\RTOS\RTX\LIB\ARM\RTX_CM4.lib(rt_semaphore.o)(i.rt_sem_psh) refers to C:\Keil_v5\ARM\PACK\ARM\CMSIS\5.6.0\CMSIS\RTOS\RTX\LIB\ARM\RTX_CM4.lib(rt_list.o)(.bss) for os_rdy
    C:\Keil_v5\ARM\PACK\ARM\CMSIS\5.6.0\CMSIS\RTOS\RTX\LIB\ARM\RTX_CM4.lib(rt_semaphore.o)(i.rt_sem_send) refers to C:\Keil_v5\ARM\PACK\ARM\CMSIS\5.6.0\CMSIS\RTOS\RTX\LIB\ARM\RTX_CM4.lib(rt_list.o)(i.rt_get_first) for rt_get_first
    C:\Keil_v5\ARM\PACK\ARM\CMSIS\5.6.0\CMSIS\RTOS\RTX\LIB\ARM\RTX_CM4.lib(rt_semaphore.o)(i.rt_sem_send) refers to C:\Keil_v5\ARM\PACK\ARM\CMSIS\5.6.0\CMSIS\RTOS\RTX\LIB\ARM\RTX_CM4.lib(hal_cm.o)(i.rt_ret_val) for rt_ret_val
    C:\Keil_v5\ARM\PACK\ARM\CMSIS\5.6.0\CMSIS\RTOS\RTX\LIB\ARM\RTX_CM4.lib(rt_semaphore.o)(i.rt_sem_send) refers to C:\Keil_v5\ARM\PACK\ARM\CMSIS\5.6.0\CMSIS\RTOS\RTX\LIB\ARM\RTX_CM4.lib(rt_list.o)(i.rt_rmv_dly) for rt_rmv_dly
    C:\Keil_v5\ARM\PACK\ARM\CMSIS\5.6.0\CMSIS\RTOS\RTX\LIB\ARM\RTX_CM4.lib(rt_semaphore.o)(i.rt_sem_send) refers to C:\Keil_v5\ARM\PACK\ARM\CMSIS\5.6.0\CMSIS\RTOS\RTX\LIB\ARM\RTX_CM4.lib(rt_task.o)(i.rt_dispatch) for rt_dispatch
    C:\Keil_v5\ARM\PACK\ARM\CMSIS\5.6.0\CMSIS\RTOS\RTX\LIB\ARM\RTX_CM4.lib(rt_semaphore.o)(i.rt_sem_wait) refers to C:\Keil_v5\ARM\PACK\ARM\CMSIS\5.6.0\CMSIS\RTOS\RTX\LIB\ARM\RTX_CM4.lib(rt_list.o)(i.rt_put_prio) for rt_put_prio
    C:\Keil_v5\ARM\PACK\ARM\CMSIS\5.6.0\CMSIS\RTOS\RTX\LIB\ARM\RTX_CM4.lib(rt_semaphore.o)(i.rt_sem_wait) refers to C:\Keil_v5\ARM\PACK\ARM\CMSIS\5.6.0\CMSIS\RTOS\RTX\LIB\ARM\RTX_CM4.lib(rt_task.o)(i.rt_block) for rt_block
    C:\Keil_v5\ARM\PACK\ARM\CMSIS\5.6.0\CMSIS\RTOS\RTX\LIB\ARM\RTX_CM4.lib(rt_semaphore.o)(i.rt_sem_wait) refers to C:\Keil_v5\ARM\PACK\ARM\CMSIS\5.6.0\CMSIS\RTOS\RTX\LIB\ARM\RTX_CM4.lib(rt_task.o)(.data) for os_tsk
    C:\Keil_v5\ARM\PACK\ARM\CMSIS\5.6.0\CMSIS\RTOS\RTX\LIB\ARM\RTX_CM4.lib(rt_time.o)(i.rt_dly_wait) refers to C:\Keil_v5\ARM\PACK\ARM\CMSIS\5.6.0\CMSIS\RTOS\RTX\LIB\ARM\RTX_CM4.lib(rt_task.o)(i.rt_block) for rt_block
    C:\Keil_v5\ARM\PACK\ARM\CMSIS\5.6.0\CMSIS\RTOS\RTX\LIB\ARM\RTX_CM4.lib(rt_time.o)(i.rt_itv_set) refers to C:\Keil_v5\ARM\PACK\ARM\CMSIS\5.6.0\CMSIS\RTOS\RTX\LIB\ARM\RTX_CM4.lib(rt_task.o)(.data) for os_tsk
    C:\Keil_v5\ARM\PACK\ARM\CMSIS\5.6.0\CMSIS\RTOS\RTX\LIB\ARM\RTX_CM4.lib(rt_time.o)(i.rt_itv_set) refers to C:\Keil_v5\ARM\PACK\ARM\CMSIS\5.6.0\CMSIS\RTOS\RTX\LIB\ARM\RTX_CM4.lib(rt_time.o)(.data) for .data
    C:\Keil_v5\ARM\PACK\ARM\CMSIS\5.6.0\CMSIS\RTOS\RTX\LIB\ARM\RTX_CM4.lib(rt_time.o)(i.rt_itv_wait) refers to C:\Keil_v5\ARM\PACK\ARM\CMSIS\5.6.0\CMSIS\RTOS\RTX\LIB\ARM\RTX_CM4.lib(rt_task.o)(i.rt_block) for rt_block
    C:\Keil_v5\ARM\PACK\ARM\CMSIS\5.6.0\CMSIS\RTOS\RTX\LIB\ARM\RTX_CM4.lib(rt_time.o)(i.rt_itv_wait) refers to C:\Keil_v5\ARM\PACK\ARM\CMSIS\5.6.0\CMSIS\RTOS\RTX\LIB\ARM\RTX_CM4.lib(rt_task.o)(.data) for os_tsk
    C:\Keil_v5\ARM\PACK\ARM\CMSIS\5.6.0\CMSIS\RTOS\RTX\LIB\ARM\RTX_CM4.lib(rt_time.o)(i.rt_itv_wait) refers to C:\Keil_v5\ARM\PACK\ARM\CMSIS\5.6.0\CMSIS\RTOS\RTX\LIB\ARM\RTX_CM4.lib(rt_time.o)(.data) for .data
    C:\Keil_v5\ARM\PACK\ARM\CMSIS\5.6.0\CMSIS\RTOS\RTX\LIB\ARM\RTX_CM4.lib(rt_time.o)(i.rt_time_get) refers to C:\Keil_v5\ARM\PACK\ARM\CMSIS\5.6.0\CMSIS\RTOS\RTX\LIB\ARM\RTX_CM4.lib(rt_time.o)(.data) for .data
    C:\Keil_v5\ARM\PACK\ARM\CMSIS\5.6.0\CMSIS\RTOS\RTX\LIB\ARM\RTX_CM4.lib(rt_robin.o)(i.rt_chk_robin) refers to C:\Keil_v5\ARM\PACK\ARM\CMSIS\5.6.0\CMSIS\RTOS\RTX\LIB\ARM\RTX_CM4.lib(rt_list.o)(i.rt_get_first) for rt_get_first
    C:\Keil_v5\ARM\PACK\ARM\CMSIS\5.6.0\CMSIS\RTOS\RTX\LIB\ARM\RTX_CM4.lib(rt_robin.o)(i.rt_chk_robin) refers to C:\Keil_v5\ARM\PACK\ARM\CMSIS\5.6.0\CMSIS\RTOS\RTX\LIB\ARM\RTX_CM4.lib(rt_list.o)(i.rt_put_prio) for rt_put_prio
    C:\Keil_v5\ARM\PACK\ARM\CMSIS\5.6.0\CMSIS\RTOS\RTX\LIB\ARM\RTX_CM4.lib(rt_robin.o)(i.rt_chk_robin) refers to C:\Keil_v5\ARM\PACK\ARM\CMSIS\5.6.0\CMSIS\RTOS\RTX\LIB\ARM\RTX_CM4.lib(rt_robin.o)(.data) for .data
    C:\Keil_v5\ARM\PACK\ARM\CMSIS\5.6.0\CMSIS\RTOS\RTX\LIB\ARM\RTX_CM4.lib(rt_robin.o)(i.rt_chk_robin) refers to C:\Keil_v5\ARM\PACK\ARM\CMSIS\5.6.0\CMSIS\RTOS\RTX\LIB\ARM\RTX_CM4.lib(rt_list.o)(.bss) for os_rdy
    C:\Keil_v5\ARM\PACK\ARM\CMSIS\5.6.0\CMSIS\RTOS\RTX\LIB\ARM\RTX_CM4.lib(rt_robin.o)(i.rt_chk_robin) refers to C:\Keil_v5\ARM\PACK\ARM\CMSIS\5.6.0\CMSIS\RTOS\RTX\LIB\ARM\RTX_CM4.lib(rt_time.o)(.data) for os_time
    C:\Keil_v5\ARM\PACK\ARM\CMSIS\5.6.0\CMSIS\RTOS\RTX\LIB\ARM\RTX_CM4.lib(rt_robin.o)(i.rt_init_robin) refers to C:\Keil_v5\ARM\PACK\ARM\CMSIS\5.6.0\CMSIS\RTOS\RTX\LIB\ARM\RTX_CM4.lib(rt_robin.o)(.data) for .data
    C:\Keil_v5\ARM\PACK\ARM\CMSIS\5.6.0\CMSIS\RTOS\RTX\LIB\ARM\RTX_CM4.lib(rt_robin.o)(i.rt_init_robin) refers to .\objects\rtx_conf_cm.o(.constdata) for os_rrobin
    C:\Keil_v5\ARM\PACK\ARM\CMSIS\5.6.0\CMSIS\RTOS\RTX\LIB\ARM\RTX_CM4.lib(rt_membox.o)(i._calloc_box) refers to C:\Keil_v5\ARM\PACK\ARM\CMSIS\5.6.0\CMSIS\RTOS\RTX\LIB\ARM\RTX_CM4.lib(hal_cm4.o)(.emb_text) for _alloc_box
    C:\Keil_v5\ARM\PACK\ARM\CMSIS\5.6.0\CMSIS\RTOS\RTX\LIB\ARM\RTX_CM4.lib(hal_cm.o)(i.dbg_init) refers to C:\Keil_v5\ARM\PACK\ARM\CMSIS\5.6.0\CMSIS\RTOS\RTX\LIB\ARM\RTX_CM4.lib(hal_cm.o)(.data) for .data
    C:\Keil_v5\ARM\PACK\ARM\CMSIS\5.6.0\CMSIS\RTOS\RTX\LIB\ARM\RTX_CM4.lib(hal_cm.o)(i.rt_init_stack) refers to .\objects\rtx_conf_cm.o(.constdata) for os_stackinfo
    C:\Keil_v5\ARM\PACK\ARM\CMSIS\5.6.0\CMSIS\RTOS\RTX\LIB\ARM\RTX_CM4.lib(hal_cm.o)(i.rt_ret_val) refers to C:\Keil_v5\ARM\PACK\ARM\CMSIS\5.6.0\CMSIS\RTOS\RTX\LIB\ARM\RTX_CM4.lib(hal_cm.o)(i.rt_ret_regs) for rt_ret_regs
    C:\Keil_v5\ARM\PACK\ARM\CMSIS\5.6.0\CMSIS\RTOS\RTX\LIB\ARM\RTX_CM4.lib(hal_cm.o)(i.rt_ret_val2) refers to C:\Keil_v5\ARM\PACK\ARM\CMSIS\5.6.0\CMSIS\RTOS\RTX\LIB\ARM\RTX_CM4.lib(hal_cm.o)(i.rt_ret_regs) for rt_ret_regs
    C:\Keil_v5\ARM\PACK\ARM\CMSIS\5.6.0\CMSIS\RTOS\RTX\LIB\ARM\RTX_CM4.lib(hal_cm4.o)(.emb_text) refers to .\objects\rtx_conf_cm.o(.constdata) for os_flags
    C:\Keil_v5\ARM\PACK\ARM\CMSIS\5.6.0\CMSIS\RTOS\RTX\LIB\ARM\RTX_CM4.lib(hal_cm4.o)(.emb_text) refers to C:\Keil_v5\ARM\PACK\ARM\CMSIS\5.6.0\CMSIS\RTOS\RTX\LIB\ARM\RTX_CM4.lib(rt_membox.o)(i.rt_alloc_box) for rt_alloc_box
    C:\Keil_v5\ARM\PACK\ARM\CMSIS\5.6.0\CMSIS\RTOS\RTX\LIB\ARM\RTX_CM4.lib(hal_cm4.o)(.emb_text) refers to C:\Keil_v5\ARM\PACK\ARM\CMSIS\5.6.0\CMSIS\RTOS\RTX\LIB\ARM\RTX_CM4.lib(rt_membox.o)(i.rt_free_box) for rt_free_box
    C:\Keil_v5\ARM\PACK\ARM\CMSIS\5.6.0\CMSIS\RTOS\RTX\LIB\ARM\RTX_CM4.lib(hal_cm4.o)(.emb_text) refers to C:\Keil_v5\ARM\PACK\ARM\CMSIS\5.6.0\CMSIS\RTOS\RTX\LIB\ARM\RTX_CM4.lib(rt_system.o)(i.rt_stk_check) for rt_stk_check
    C:\Keil_v5\ARM\PACK\ARM\CMSIS\5.6.0\CMSIS\RTOS\RTX\LIB\ARM\RTX_CM4.lib(hal_cm4.o)(.emb_text) refers to C:\Keil_v5\ARM\PACK\ARM\CMSIS\5.6.0\CMSIS\RTOS\RTX\LIB\ARM\RTX_CM4.lib(rt_task.o)(.data) for os_tsk
    C:\Keil_v5\ARM\PACK\ARM\CMSIS\5.6.0\CMSIS\RTOS\RTX\LIB\ARM\RTX_CM4.lib(hal_cm4.o)(.emb_text) refers to C:\Keil_v5\ARM\PACK\ARM\CMSIS\5.6.0\CMSIS\RTOS\RTX\LIB\ARM\RTX_CM4.lib(svc_table.o)(SVC_TABLE) for SVC_Count
    C:\Keil_v5\ARM\PACK\ARM\CMSIS\5.6.0\CMSIS\RTOS\RTX\LIB\ARM\RTX_CM4.lib(hal_cm4.o)(.emb_text) refers to C:\Keil_v5\ARM\PACK\ARM\CMSIS\5.6.0\CMSIS\RTOS\RTX\LIB\ARM\RTX_CM4.lib(rt_system.o)(i.rt_pop_req) for rt_pop_req
    C:\Keil_v5\ARM\PACK\ARM\CMSIS\5.6.0\CMSIS\RTOS\RTX\LIB\ARM\RTX_CM4.lib(hal_cm4.o)(.emb_text) refers to C:\Keil_v5\ARM\PACK\ARM\CMSIS\5.6.0\CMSIS\RTOS\RTX\LIB\ARM\RTX_CM4.lib(rt_system.o)(i.rt_systick) for rt_systick
    C:\Keil_v5\ARM\PACK\ARM\CMSIS\5.6.0\CMSIS\RTOS\RTX\LIB\ARM\RTX_CM4.lib(hal_cm4.o)(.emb_text) refers to C:\Keil_v5\ARM\PACK\ARM\CMSIS\5.6.0\CMSIS\RTOS\RTX\LIB\ARM\RTX_CM4.lib(rt_system.o)(i.os_tick_irqack) for os_tick_irqack
    C:\Keil_v5\ARM\ARMCC\Bin\..\lib\armlib\c_w.l(libspace.o)(.text) refers to C:\Keil_v5\ARM\ARMCC\Bin\..\lib\armlib\c_w.l(libspace.o)(.bss) for __libspace_start
    C:\Keil_v5\ARM\ARMCC\Bin\..\lib\armlib\c_w.l(exit.o)(.text) refers to C:\Keil_v5\ARM\ARMCC\Bin\..\lib\armlib\c_w.l(rtexit.o)(.ARM.Collect$$rtexit$$00000000) for __rt_exit
    C:\Keil_v5\ARM\ARMCC\Bin\..\lib\armlib\c_w.l(rt_memclr.o)(.text) refers to C:\Keil_v5\ARM\ARMCC\Bin\..\lib\armlib\c_w.l(rt_memclr_w.o)(.text) for _memset_w
    C:\Keil_v5\ARM\ARMCC\Bin\..\lib\armlib\c_w.l(__main.o)(!!!main) refers to C:\Keil_v5\ARM\ARMCC\Bin\..\lib\armlib\c_w.l(__rtentry.o)(.ARM.Collect$$rtentry$$00000000) for __rt_entry
    C:\Keil_v5\ARM\ARMCC\Bin\..\lib\armlib\c_w.l(__rtentry.o)(.ARM.Collect$$rtentry$$00000000) refers (Special) to C:\Keil_v5\ARM\ARMCC\Bin\..\lib\armlib\c_w.l(__rtentry2.o)(.ARM.Collect$$rtentry$$0000000A) for __rt_entry_li
    C:\Keil_v5\ARM\ARMCC\Bin\..\lib\armlib\c_w.l(__rtentry.o)(.ARM.Collect$$rtentry$$00000000) refers (Special) to C:\Keil_v5\ARM\ARMCC\Bin\..\lib\armlib\c_w.l(__rtentry2.o)(.ARM.Collect$$rtentry$$0000000D) for __rt_entry_main
    C:\Keil_v5\ARM\ARMCC\Bin\..\lib\armlib\c_w.l(__rtentry.o)(.ARM.Collect$$rtentry$$00000000) refers (Special) to C:\Keil_v5\ARM\ARMCC\Bin\..\lib\armlib\c_w.l(__rtentry2.o)(.ARM.Collect$$rtentry$$0000000B) for __rt_entry_postli_1
    C:\Keil_v5\ARM\ARMCC\Bin\..\lib\armlib\c_w.l(__rtentry.o)(.ARM.Collect$$rtentry$$00000000) refers (Special) to C:\Keil_v5\ARM\ARMCC\Bin\..\lib\armlib\c_w.l(__rtentry2.o)(.ARM.Collect$$rtentry$$00000009) for __rt_entry_postsh_1
    C:\Keil_v5\ARM\ARMCC\Bin\..\lib\armlib\c_w.l(__rtentry.o)(.ARM.Collect$$rtentry$$00000000) refers (Special) to C:\Keil_v5\ARM\ARMCC\Bin\..\lib\armlib\c_w.l(__rtentry2.o)(.ARM.Collect$$rtentry$$00000002) for __rt_entry_presh_1
    C:\Keil_v5\ARM\ARMCC\Bin\..\lib\armlib\c_w.l(__rtentry.o)(.ARM.Collect$$rtentry$$00000000) refers (Special) to C:\Keil_v5\ARM\ARMCC\Bin\..\lib\armlib\c_w.l(__rtentry4.o)(.ARM.Collect$$rtentry$$00000004) for __rt_entry_sh
    C:\Keil_v5\ARM\ARMCC\Bin\..\lib\armlib\c_w.l(rtexit.o)(.ARM.Collect$$rtexit$$00000000) refers (Special) to C:\Keil_v5\ARM\ARMCC\Bin\..\lib\armlib\c_w.l(rtexit2.o)(.ARM.Collect$$rtexit$$00000004) for __rt_exit_exit
    C:\Keil_v5\ARM\ARMCC\Bin\..\lib\armlib\c_w.l(rtexit.o)(.ARM.Collect$$rtexit$$00000000) refers (Special) to C:\Keil_v5\ARM\ARMCC\Bin\..\lib\armlib\c_w.l(rtexit2.o)(.ARM.Collect$$rtexit$$00000003) for __rt_exit_ls
    C:\Keil_v5\ARM\ARMCC\Bin\..\lib\armlib\c_w.l(rtexit.o)(.ARM.Collect$$rtexit$$00000000) refers (Special) to C:\Keil_v5\ARM\ARMCC\Bin\..\lib\armlib\c_w.l(rtexit2.o)(.ARM.Collect$$rtexit$$00000002) for __rt_exit_prels_1
    C:\Keil_v5\ARM\ARMCC\Bin\..\lib\armlib\c_w.l(rtexit.o)(.ARM.exidx) refers (Special) to C:\Keil_v5\ARM\ARMCC\Bin\..\lib\armlib\c_w.l(rtexit2.o)(.ARM.Collect$$rtexit$$00000004) for __rt_exit_exit
    C:\Keil_v5\ARM\ARMCC\Bin\..\lib\armlib\c_w.l(rtexit.o)(.ARM.exidx) refers (Special) to C:\Keil_v5\ARM\ARMCC\Bin\..\lib\armlib\c_w.l(rtexit2.o)(.ARM.Collect$$rtexit$$00000003) for __rt_exit_ls
    C:\Keil_v5\ARM\ARMCC\Bin\..\lib\armlib\c_w.l(rtexit.o)(.ARM.exidx) refers (Special) to C:\Keil_v5\ARM\ARMCC\Bin\..\lib\armlib\c_w.l(rtexit2.o)(.ARM.Collect$$rtexit$$00000002) for __rt_exit_prels_1
    C:\Keil_v5\ARM\ARMCC\Bin\..\lib\armlib\c_w.l(rtexit.o)(.ARM.exidx) refers to C:\Keil_v5\ARM\ARMCC\Bin\..\lib\armlib\c_w.l(rtexit.o)(.ARM.Collect$$rtexit$$00000000) for .ARM.Collect$$rtexit$$00000000
    C:\Keil_v5\ARM\ARMCC\Bin\..\lib\armlib\c_w.l(aeabi_ldiv0_sigfpe.o)(.text) refers to C:\Keil_v5\ARM\ARMCC\Bin\..\lib\armlib\c_w.l(rt_div0.o)(.text) for __rt_div0
    C:\Keil_v5\ARM\ARMCC\Bin\..\lib\armlib\c_w.l(__rtentry2.o)(.ARM.Collect$$rtentry$$00000008) refers to C:\Keil_v5\ARM\ARMCC\Bin\..\lib\armlib\c_w.l(boardinit2.o)(.text) for _platform_post_stackheap_init
    C:\Keil_v5\ARM\ARMCC\Bin\..\lib\armlib\c_w.l(__rtentry2.o)(.ARM.Collect$$rtentry$$0000000A) refers to C:\Keil_v5\ARM\ARMCC\Bin\..\lib\armlib\c_w.l(libinit.o)(.ARM.Collect$$libinit$$00000000) for __rt_lib_init
    C:\Keil_v5\ARM\ARMCC\Bin\..\lib\armlib\c_w.l(__rtentry2.o)(.ARM.Collect$$rtentry$$0000000B) refers to .\objects\rtx_conf_cm.o(.emb_text) for _platform_post_lib_init
    C:\Keil_v5\ARM\ARMCC\Bin\..\lib\armlib\c_w.l(__rtentry2.o)(.ARM.Collect$$rtentry$$0000000D) refers to .\objects\main.o(i.main) for main
    C:\Keil_v5\ARM\ARMCC\Bin\..\lib\armlib\c_w.l(__rtentry2.o)(.ARM.Collect$$rtentry$$0000000D) refers to C:\Keil_v5\ARM\ARMCC\Bin\..\lib\armlib\c_w.l(exit.o)(.text) for exit
    C:\Keil_v5\ARM\ARMCC\Bin\..\lib\armlib\c_w.l(__rtentry2.o)(.ARM.exidx) refers to C:\Keil_v5\ARM\ARMCC\Bin\..\lib\armlib\c_w.l(__rtentry2.o)(.ARM.Collect$$rtentry$$00000001) for .ARM.Collect$$rtentry$$00000001
    C:\Keil_v5\ARM\ARMCC\Bin\..\lib\armlib\c_w.l(__rtentry2.o)(.ARM.exidx) refers to C:\Keil_v5\ARM\ARMCC\Bin\..\lib\armlib\c_w.l(__rtentry2.o)(.ARM.Collect$$rtentry$$00000008) for .ARM.Collect$$rtentry$$00000008
    C:\Keil_v5\ARM\ARMCC\Bin\..\lib\armlib\c_w.l(__rtentry2.o)(.ARM.exidx) refers to C:\Keil_v5\ARM\ARMCC\Bin\..\lib\armlib\c_w.l(__rtentry2.o)(.ARM.Collect$$rtentry$$0000000A) for .ARM.Collect$$rtentry$$0000000A
    C:\Keil_v5\ARM\ARMCC\Bin\..\lib\armlib\c_w.l(__rtentry2.o)(.ARM.exidx) refers to C:\Keil_v5\ARM\ARMCC\Bin\..\lib\armlib\c_w.l(__rtentry2.o)(.ARM.Collect$$rtentry$$0000000B) for .ARM.Collect$$rtentry$$0000000B
    C:\Keil_v5\ARM\ARMCC\Bin\..\lib\armlib\c_w.l(__rtentry2.o)(.ARM.exidx) refers to C:\Keil_v5\ARM\ARMCC\Bin\..\lib\armlib\c_w.l(__rtentry2.o)(.ARM.Collect$$rtentry$$0000000D) for .ARM.Collect$$rtentry$$0000000D
    C:\Keil_v5\ARM\ARMCC\Bin\..\lib\armlib\c_w.l(__rtentry4.o)(.ARM.Collect$$rtentry$$00000004) refers to C:\Keil_v5\ARM\ARMCC\Bin\..\lib\armlib\c_w.l(sys_stackheap_outer.o)(.text) for __user_setup_stackheap
    C:\Keil_v5\ARM\ARMCC\Bin\..\lib\armlib\c_w.l(__rtentry4.o)(.ARM.exidx) refers to C:\Keil_v5\ARM\ARMCC\Bin\..\lib\armlib\c_w.l(__rtentry4.o)(.ARM.Collect$$rtentry$$00000004) for .ARM.Collect$$rtentry$$00000004
    C:\Keil_v5\ARM\ARMCC\Bin\..\lib\armlib\c_w.l(rtexit2.o)(.ARM.Collect$$rtexit$$00000003) refers to C:\Keil_v5\ARM\ARMCC\Bin\..\lib\armlib\c_w.l(libshutdown.o)(.ARM.Collect$$libshutdown$$00000000) for __rt_lib_shutdown
    C:\Keil_v5\ARM\ARMCC\Bin\..\lib\armlib\c_w.l(rtexit2.o)(.ARM.Collect$$rtexit$$00000004) refers to C:\Keil_v5\ARM\ARMCC\Bin\..\lib\armlib\c_w.l(sys_exit.o)(.text) for _sys_exit
    C:\Keil_v5\ARM\ARMCC\Bin\..\lib\armlib\c_w.l(rtexit2.o)(.ARM.exidx) refers to C:\Keil_v5\ARM\ARMCC\Bin\..\lib\armlib\c_w.l(rtexit2.o)(.ARM.Collect$$rtexit$$00000001) for .ARM.Collect$$rtexit$$00000001
    C:\Keil_v5\ARM\ARMCC\Bin\..\lib\armlib\c_w.l(rtexit2.o)(.ARM.exidx) refers to C:\Keil_v5\ARM\ARMCC\Bin\..\lib\armlib\c_w.l(rtexit2.o)(.ARM.Collect$$rtexit$$00000003) for .ARM.Collect$$rtexit$$00000003
    C:\Keil_v5\ARM\ARMCC\Bin\..\lib\armlib\c_w.l(rtexit2.o)(.ARM.exidx) refers to C:\Keil_v5\ARM\ARMCC\Bin\..\lib\armlib\c_w.l(rtexit2.o)(.ARM.Collect$$rtexit$$00000004) for .ARM.Collect$$rtexit$$00000004
    C:\Keil_v5\ARM\ARMCC\Bin\..\lib\armlib\c_w.l(rt_div0.o)(.text) refers to C:\Keil_v5\ARM\ARMCC\Bin\..\lib\armlib\c_w.l(defsig_fpe_outer.o)(.text) for __rt_SIGFPE
    C:\Keil_v5\ARM\ARMCC\Bin\..\lib\armlib\c_w.l(sys_exit.o)(.text) refers (Special) to C:\Keil_v5\ARM\ARMCC\Bin\..\lib\armlib\c_w.l(use_no_semi.o)(.text) for __I$use$semihosting
    C:\Keil_v5\ARM\ARMCC\Bin\..\lib\armlib\c_w.l(sys_exit.o)(.text) refers (Special) to C:\Keil_v5\ARM\ARMCC\Bin\..\lib\armlib\c_w.l(indicate_semi.o)(.text) for __semihosting_library_function
    C:\Keil_v5\ARM\ARMCC\Bin\..\lib\armlib\c_w.l(sys_stackheap_outer.o)(.text) refers to C:\Keil_v5\ARM\ARMCC\Bin\..\lib\armlib\c_w.l(libspace.o)(.text) for __user_perproc_libspace
    C:\Keil_v5\ARM\ARMCC\Bin\..\lib\armlib\c_w.l(sys_stackheap_outer.o)(.text) refers to .\objects\startup_stm32f411xe.o(.text) for __user_initial_stackheap
    C:\Keil_v5\ARM\ARMCC\Bin\..\lib\armlib\c_w.l(defsig_fpe_outer.o)(.text) refers to C:\Keil_v5\ARM\ARMCC\Bin\..\lib\armlib\c_w.l(defsig_fpe_inner.o)(.text) for __rt_SIGFPE_inner
    C:\Keil_v5\ARM\ARMCC\Bin\..\lib\armlib\c_w.l(defsig_fpe_outer.o)(.text) refers to C:\Keil_v5\ARM\ARMCC\Bin\..\lib\armlib\c_w.l(defsig_exit.o)(.text) for __sig_exit
    C:\Keil_v5\ARM\ARMCC\Bin\..\lib\armlib\c_w.l(defsig_fpe_formal.o)(.text) refers to C:\Keil_v5\ARM\ARMCC\Bin\..\lib\armlib\c_w.l(rt_raise.o)(.text) for __rt_raise
    C:\Keil_v5\ARM\ARMCC\Bin\..\lib\armlib\c_w.l(libinit.o)(.ARM.Collect$$libinit$$00000000) refers (Special) to C:\Keil_v5\ARM\ARMCC\Bin\..\lib\armlib\c_w.l(libinit2.o)(.ARM.Collect$$libinit$$0000002E) for __rt_lib_init_alloca_1
    C:\Keil_v5\ARM\ARMCC\Bin\..\lib\armlib\c_w.l(libinit.o)(.ARM.Collect$$libinit$$00000000) refers (Special) to C:\Keil_v5\ARM\ARMCC\Bin\..\lib\armlib\c_w.l(libinit2.o)(.ARM.Collect$$libinit$$0000002C) for __rt_lib_init_argv_1
    C:\Keil_v5\ARM\ARMCC\Bin\..\lib\armlib\c_w.l(libinit.o)(.ARM.Collect$$libinit$$00000000) refers (Special) to C:\Keil_v5\ARM\ARMCC\Bin\..\lib\armlib\c_w.l(libinit2.o)(.ARM.Collect$$libinit$$0000001B) for __rt_lib_init_atexit_1
    C:\Keil_v5\ARM\ARMCC\Bin\..\lib\armlib\c_w.l(libinit.o)(.ARM.Collect$$libinit$$00000000) refers (Special) to C:\Keil_v5\ARM\ARMCC\Bin\..\lib\armlib\c_w.l(libinit2.o)(.ARM.Collect$$libinit$$00000021) for __rt_lib_init_clock_1
    C:\Keil_v5\ARM\ARMCC\Bin\..\lib\armlib\c_w.l(libinit.o)(.ARM.Collect$$libinit$$00000000) refers (Special) to C:\Keil_v5\ARM\ARMCC\Bin\..\lib\armlib\c_w.l(libinit2.o)(.ARM.Collect$$libinit$$00000032) for __rt_lib_init_cpp_1
    C:\Keil_v5\ARM\ARMCC\Bin\..\lib\armlib\c_w.l(libinit.o)(.ARM.Collect$$libinit$$00000000) refers (Special) to C:\Keil_v5\ARM\ARMCC\Bin\..\lib\armlib\c_w.l(libinit2.o)(.ARM.Collect$$libinit$$00000030) for __rt_lib_init_exceptions_1
    C:\Keil_v5\ARM\ARMCC\Bin\..\lib\armlib\c_w.l(libinit.o)(.ARM.Collect$$libinit$$00000000) refers (Special) to C:\Keil_v5\ARM\ARMCC\Bin\..\lib\armlib\c_w.l(libinit2.o)(.ARM.Collect$$libinit$$00000001) for __rt_lib_init_fp_1
    C:\Keil_v5\ARM\ARMCC\Bin\..\lib\armlib\c_w.l(libinit.o)(.ARM.Collect$$libinit$$00000000) refers (Special) to C:\Keil_v5\ARM\ARMCC\Bin\..\lib\armlib\c_w.l(libinit2.o)(.ARM.Collect$$libinit$$0000001F) for __rt_lib_init_fp_trap_1
    C:\Keil_v5\ARM\ARMCC\Bin\..\lib\armlib\c_w.l(libinit.o)(.ARM.Collect$$libinit$$00000000) refers (Special) to C:\Keil_v5\ARM\ARMCC\Bin\..\lib\armlib\c_w.l(libinit2.o)(.ARM.Collect$$libinit$$00000023) for __rt_lib_init_getenv_1
    C:\Keil_v5\ARM\ARMCC\Bin\..\lib\armlib\c_w.l(libinit.o)(.ARM.Collect$$libinit$$00000000) refers (Special) to C:\Keil_v5\ARM\ARMCC\Bin\..\lib\armlib\c_w.l(libinit2.o)(.ARM.Collect$$libinit$$0000000A) for __rt_lib_init_heap_1
    C:\Keil_v5\ARM\ARMCC\Bin\..\lib\armlib\c_w.l(libinit.o)(.ARM.Collect$$libinit$$00000000) refers (Special) to C:\Keil_v5\ARM\ARMCC\Bin\..\lib\armlib\c_w.l(libinit2.o)(.ARM.Collect$$libinit$$00000011) for __rt_lib_init_lc_collate_1
    C:\Keil_v5\ARM\ARMCC\Bin\..\lib\armlib\c_w.l(libinit.o)(.ARM.Collect$$libinit$$00000000) refers (Special) to C:\Keil_v5\ARM\ARMCC\Bin\..\lib\armlib\c_w.l(libinit2.o)(.ARM.Collect$$libinit$$00000013) for __rt_lib_init_lc_ctype_1
    C:\Keil_v5\ARM\ARMCC\Bin\..\lib\armlib\c_w.l(libinit.o)(.ARM.Collect$$libinit$$00000000) refers (Special) to C:\Keil_v5\ARM\ARMCC\Bin\..\lib\armlib\c_w.l(libinit2.o)(.ARM.Collect$$libinit$$00000015) for __rt_lib_init_lc_monetary_1
    C:\Keil_v5\ARM\ARMCC\Bin\..\lib\armlib\c_w.l(libinit.o)(.ARM.Collect$$libinit$$00000000) refers (Special) to C:\Keil_v5\ARM\ARMCC\Bin\..\lib\armlib\c_w.l(libinit2.o)(.ARM.Collect$$libinit$$00000017) for __rt_lib_init_lc_numeric_1
    C:\Keil_v5\ARM\ARMCC\Bin\..\lib\armlib\c_w.l(libinit.o)(.ARM.Collect$$libinit$$00000000) refers (Special) to C:\Keil_v5\ARM\ARMCC\Bin\..\lib\armlib\c_w.l(libinit2.o)(.ARM.Collect$$libinit$$00000019) for __rt_lib_init_lc_time_1
    C:\Keil_v5\ARM\ARMCC\Bin\..\lib\armlib\c_w.l(libinit.o)(.ARM.Collect$$libinit$$00000000) refers (Special) to C:\Keil_v5\ARM\ARMCC\Bin\..\lib\armlib\c_w.l(libinit2.o)(.ARM.Collect$$libinit$$00000004) for __rt_lib_init_preinit_1
    C:\Keil_v5\ARM\ARMCC\Bin\..\lib\armlib\c_w.l(libinit.o)(.ARM.Collect$$libinit$$00000000) refers (Special) to C:\Keil_v5\ARM\ARMCC\Bin\..\lib\armlib\c_w.l(libinit2.o)(.ARM.Collect$$libinit$$0000000E) for __rt_lib_init_rand_1
    C:\Keil_v5\ARM\ARMCC\Bin\..\lib\armlib\c_w.l(libinit.o)(.ARM.Collect$$libinit$$00000000) refers (Special) to C:\Keil_v5\ARM\ARMCC\Bin\..\lib\armlib\c_w.l(libinit2.o)(.ARM.Collect$$libinit$$00000033) for __rt_lib_init_return
    C:\Keil_v5\ARM\ARMCC\Bin\..\lib\armlib\c_w.l(libinit.o)(.ARM.Collect$$libinit$$00000000) refers (Special) to C:\Keil_v5\ARM\ARMCC\Bin\..\lib\armlib\c_w.l(libinit2.o)(.ARM.Collect$$libinit$$0000001D) for __rt_lib_init_signal_1
    C:\Keil_v5\ARM\ARMCC\Bin\..\lib\armlib\c_w.l(libinit.o)(.ARM.Collect$$libinit$$00000000) refers (Special) to C:\Keil_v5\ARM\ARMCC\Bin\..\lib\armlib\c_w.l(libinit2.o)(.ARM.Collect$$libinit$$00000025) for __rt_lib_init_stdio_1
    C:\Keil_v5\ARM\ARMCC\Bin\..\lib\armlib\c_w.l(libinit.o)(.ARM.Collect$$libinit$$00000000) refers (Special) to C:\Keil_v5\ARM\ARMCC\Bin\..\lib\armlib\c_w.l(libinit2.o)(.ARM.Collect$$libinit$$0000000C) for __rt_lib_init_user_alloc_1
    C:\Keil_v5\ARM\ARMCC\Bin\..\lib\armlib\c_w.l(libshutdown.o)(.ARM.Collect$$libshutdown$$00000000) refers (Special) to C:\Keil_v5\ARM\ARMCC\Bin\..\lib\armlib\c_w.l(libshutdown2.o)(.ARM.Collect$$libshutdown$$00000002) for __rt_lib_shutdown_cpp_1
    C:\Keil_v5\ARM\ARMCC\Bin\..\lib\armlib\c_w.l(libshutdown.o)(.ARM.Collect$$libshutdown$$00000000) refers (Special) to C:\Keil_v5\ARM\ARMCC\Bin\..\lib\armlib\c_w.l(libshutdown2.o)(.ARM.Collect$$libshutdown$$00000007) for __rt_lib_shutdown_fp_trap_1
    C:\Keil_v5\ARM\ARMCC\Bin\..\lib\armlib\c_w.l(libshutdown.o)(.ARM.Collect$$libshutdown$$00000000) refers (Special) to C:\Keil_v5\ARM\ARMCC\Bin\..\lib\armlib\c_w.l(libshutdown2.o)(.ARM.Collect$$libshutdown$$0000000F) for __rt_lib_shutdown_heap_1
    C:\Keil_v5\ARM\ARMCC\Bin\..\lib\armlib\c_w.l(libshutdown.o)(.ARM.Collect$$libshutdown$$00000000) refers (Special) to C:\Keil_v5\ARM\ARMCC\Bin\..\lib\armlib\c_w.l(libshutdown2.o)(.ARM.Collect$$libshutdown$$00000010) for __rt_lib_shutdown_return
    C:\Keil_v5\ARM\ARMCC\Bin\..\lib\armlib\c_w.l(libshutdown.o)(.ARM.Collect$$libshutdown$$00000000) refers (Special) to C:\Keil_v5\ARM\ARMCC\Bin\..\lib\armlib\c_w.l(libshutdown2.o)(.ARM.Collect$$libshutdown$$0000000A) for __rt_lib_shutdown_signal_1
    C:\Keil_v5\ARM\ARMCC\Bin\..\lib\armlib\c_w.l(libshutdown.o)(.ARM.Collect$$libshutdown$$00000000) refers (Special) to C:\Keil_v5\ARM\ARMCC\Bin\..\lib\armlib\c_w.l(libshutdown2.o)(.ARM.Collect$$libshutdown$$00000004) for __rt_lib_shutdown_stdio_1
    C:\Keil_v5\ARM\ARMCC\Bin\..\lib\armlib\c_w.l(libshutdown.o)(.ARM.Collect$$libshutdown$$00000000) refers (Special) to C:\Keil_v5\ARM\ARMCC\Bin\..\lib\armlib\c_w.l(libshutdown2.o)(.ARM.Collect$$libshutdown$$0000000C) for __rt_lib_shutdown_user_alloc_1
    C:\Keil_v5\ARM\ARMCC\Bin\..\lib\armlib\c_w.l(rt_raise.o)(.text) refers to C:\Keil_v5\ARM\ARMCC\Bin\..\lib\armlib\c_w.l(__raise.o)(.text) for __raise
    C:\Keil_v5\ARM\ARMCC\Bin\..\lib\armlib\c_w.l(rt_raise.o)(.text) refers to C:\Keil_v5\ARM\ARMCC\Bin\..\lib\armlib\c_w.l(sys_exit.o)(.text) for _sys_exit
    C:\Keil_v5\ARM\ARMCC\Bin\..\lib\armlib\c_w.l(defsig_exit.o)(.text) refers to C:\Keil_v5\ARM\ARMCC\Bin\..\lib\armlib\c_w.l(sys_exit.o)(.text) for _sys_exit
    C:\Keil_v5\ARM\ARMCC\Bin\..\lib\armlib\c_w.l(defsig_fpe_inner.o)(.text) refers to C:\Keil_v5\ARM\ARMCC\Bin\..\lib\armlib\c_w.l(defsig_general.o)(.text) for __default_signal_display
    C:\Keil_v5\ARM\ARMCC\Bin\..\lib\armlib\c_w.l(libinit2.o)(.ARM.Collect$$libinit$$00000001) refers to C:\Keil_v5\ARM\ARMCC\Bin\..\lib\armlib\fz_wm.l(fpinit.o)(x$fpl$fpinit) for _fp_init
    C:\Keil_v5\ARM\ARMCC\Bin\..\lib\armlib\c_w.l(libinit2.o)(.ARM.Collect$$libinit$$00000010) refers to C:\Keil_v5\ARM\ARMCC\Bin\..\lib\armlib\c_w.l(libinit2.o)(.ARM.Collect$$libinit$$0000000F) for .ARM.Collect$$libinit$$0000000F
    C:\Keil_v5\ARM\ARMCC\Bin\..\lib\armlib\c_w.l(libinit2.o)(.ARM.Collect$$libinit$$00000012) refers to C:\Keil_v5\ARM\ARMCC\Bin\..\lib\armlib\c_w.l(libinit2.o)(.ARM.Collect$$libinit$$0000000F) for .ARM.Collect$$libinit$$0000000F
    C:\Keil_v5\ARM\ARMCC\Bin\..\lib\armlib\c_w.l(libinit2.o)(.ARM.Collect$$libinit$$00000014) refers to C:\Keil_v5\ARM\ARMCC\Bin\..\lib\armlib\c_w.l(libinit2.o)(.ARM.Collect$$libinit$$0000000F) for .ARM.Collect$$libinit$$0000000F
    C:\Keil_v5\ARM\ARMCC\Bin\..\lib\armlib\c_w.l(libinit2.o)(.ARM.Collect$$libinit$$00000016) refers to C:\Keil_v5\ARM\ARMCC\Bin\..\lib\armlib\c_w.l(libinit2.o)(.ARM.Collect$$libinit$$0000000F) for .ARM.Collect$$libinit$$0000000F
    C:\Keil_v5\ARM\ARMCC\Bin\..\lib\armlib\c_w.l(libinit2.o)(.ARM.Collect$$libinit$$00000018) refers to C:\Keil_v5\ARM\ARMCC\Bin\..\lib\armlib\c_w.l(libinit2.o)(.ARM.Collect$$libinit$$0000000F) for .ARM.Collect$$libinit$$0000000F
    C:\Keil_v5\ARM\ARMCC\Bin\..\lib\armlib\c_w.l(libinit2.o)(.ARM.Collect$$libinit$$00000026) refers to C:\Keil_v5\ARM\ARMCC\Bin\..\lib\armlib\c_w.l(argv_veneer.o)(.emb_text) for __ARM_argv_veneer
    C:\Keil_v5\ARM\ARMCC\Bin\..\lib\armlib\c_w.l(libinit2.o)(.ARM.Collect$$libinit$$00000027) refers to C:\Keil_v5\ARM\ARMCC\Bin\..\lib\armlib\c_w.l(argv_veneer.o)(.emb_text) for __ARM_argv_veneer
    C:\Keil_v5\ARM\ARMCC\Bin\..\lib\armlib\c_w.l(__raise.o)(.text) refers to C:\Keil_v5\ARM\ARMCC\Bin\..\lib\armlib\c_w.l(defsig.o)(CL$$defsig) for __default_signal_handler
    C:\Keil_v5\ARM\ARMCC\Bin\..\lib\armlib\c_w.l(defsig_general.o)(.text) refers to C:\Keil_v5\ARM\ARMCC\Bin\..\lib\armlib\c_w.l(sys_wrch.o)(.text) for _ttywrch
    C:\Keil_v5\ARM\ARMCC\Bin\..\lib\armlib\c_w.l(argv_veneer.o)(.emb_text) refers to C:\Keil_v5\ARM\ARMCC\Bin\..\lib\armlib\c_w.l(no_argv.o)(.text) for __ARM_get_argv
    C:\Keil_v5\ARM\ARMCC\Bin\..\lib\armlib\c_w.l(sys_wrch.o)(.text) refers (Special) to C:\Keil_v5\ARM\ARMCC\Bin\..\lib\armlib\c_w.l(use_no_semi.o)(.text) for __I$use$semihosting
    C:\Keil_v5\ARM\ARMCC\Bin\..\lib\armlib\c_w.l(sys_wrch.o)(.text) refers (Special) to C:\Keil_v5\ARM\ARMCC\Bin\..\lib\armlib\c_w.l(indicate_semi.o)(.text) for __semihosting_library_function
    C:\Keil_v5\ARM\ARMCC\Bin\..\lib\armlib\c_w.l(defsig.o)(CL$$defsig) refers to C:\Keil_v5\ARM\ARMCC\Bin\..\lib\armlib\c_w.l(defsig_fpe_inner.o)(.text) for __rt_SIGFPE_inner
    C:\Keil_v5\ARM\ARMCC\Bin\..\lib\armlib\c_w.l(defsig.o)(CL$$defsig) refers to C:\Keil_v5\ARM\ARMCC\Bin\..\lib\armlib\c_w.l(defsig_rtmem_inner.o)(.text) for __rt_SIGRTMEM_inner
    C:\Keil_v5\ARM\ARMCC\Bin\..\lib\armlib\c_w.l(_get_argv_nomalloc.o)(.text) refers (Special) to C:\Keil_v5\ARM\ARMCC\Bin\..\lib\armlib\c_w.l(hrguard.o)(.text) for __heap_region$guard
    C:\Keil_v5\ARM\ARMCC\Bin\..\lib\armlib\c_w.l(_get_argv_nomalloc.o)(.text) refers to C:\Keil_v5\ARM\ARMCC\Bin\..\lib\armlib\c_w.l(defsig_rtmem_outer.o)(.text) for __rt_SIGRTMEM
    C:\Keil_v5\ARM\ARMCC\Bin\..\lib\armlib\c_w.l(_get_argv_nomalloc.o)(.text) refers to C:\Keil_v5\ARM\ARMCC\Bin\..\lib\armlib\c_w.l(sys_command.o)(.text) for _sys_command_string
    C:\Keil_v5\ARM\ARMCC\Bin\..\lib\armlib\c_w.l(sys_command.o)(.text) refers (Special) to C:\Keil_v5\ARM\ARMCC\Bin\..\lib\armlib\c_w.l(use_no_semi.o)(.text) for __I$use$semihosting
    C:\Keil_v5\ARM\ARMCC\Bin\..\lib\armlib\c_w.l(sys_command.o)(.text) refers (Special) to C:\Keil_v5\ARM\ARMCC\Bin\..\lib\armlib\c_w.l(indicate_semi.o)(.text) for __semihosting_library_function
    C:\Keil_v5\ARM\ARMCC\Bin\..\lib\armlib\c_w.l(defsig_abrt_inner.o)(.text) refers to C:\Keil_v5\ARM\ARMCC\Bin\..\lib\armlib\c_w.l(defsig_general.o)(.text) for __default_signal_display
    C:\Keil_v5\ARM\ARMCC\Bin\..\lib\armlib\c_w.l(defsig_rtred_inner.o)(.text) refers to C:\Keil_v5\ARM\ARMCC\Bin\..\lib\armlib\c_w.l(defsig_general.o)(.text) for __default_signal_display
    C:\Keil_v5\ARM\ARMCC\Bin\..\lib\armlib\c_w.l(defsig_rtmem_inner.o)(.text) refers to C:\Keil_v5\ARM\ARMCC\Bin\..\lib\armlib\c_w.l(defsig_general.o)(.text) for __default_signal_display
    C:\Keil_v5\ARM\ARMCC\Bin\..\lib\armlib\c_w.l(defsig_rtmem_outer.o)(.text) refers to C:\Keil_v5\ARM\ARMCC\Bin\..\lib\armlib\c_w.l(defsig_rtmem_inner.o)(.text) for __rt_SIGRTMEM_inner
    C:\Keil_v5\ARM\ARMCC\Bin\..\lib\armlib\c_w.l(defsig_rtmem_outer.o)(.text) refers to C:\Keil_v5\ARM\ARMCC\Bin\..\lib\armlib\c_w.l(defsig_exit.o)(.text) for __sig_exit
    C:\Keil_v5\ARM\ARMCC\Bin\..\lib\armlib\c_w.l(defsig_rtmem_formal.o)(.text) refers to C:\Keil_v5\ARM\ARMCC\Bin\..\lib\armlib\c_w.l(rt_raise.o)(.text) for __rt_raise
    C:\Keil_v5\ARM\ARMCC\Bin\..\lib\armlib\c_w.l(defsig_stak_inner.o)(.text) refers to C:\Keil_v5\ARM\ARMCC\Bin\..\lib\armlib\c_w.l(defsig_general.o)(.text) for __default_signal_display
    C:\Keil_v5\ARM\ARMCC\Bin\..\lib\armlib\c_w.l(defsig_pvfn_inner.o)(.text) refers to C:\Keil_v5\ARM\ARMCC\Bin\..\lib\armlib\c_w.l(defsig_general.o)(.text) for __default_signal_display
    C:\Keil_v5\ARM\ARMCC\Bin\..\lib\armlib\c_w.l(defsig_cppl_inner.o)(.text) refers to C:\Keil_v5\ARM\ARMCC\Bin\..\lib\armlib\c_w.l(defsig_general.o)(.text) for __default_signal_display
    C:\Keil_v5\ARM\ARMCC\Bin\..\lib\armlib\c_w.l(defsig_segv_inner.o)(.text) refers to C:\Keil_v5\ARM\ARMCC\Bin\..\lib\armlib\c_w.l(defsig_general.o)(.text) for __default_signal_display
    C:\Keil_v5\ARM\ARMCC\Bin\..\lib\armlib\c_w.l(defsig_other.o)(.text) refers to C:\Keil_v5\ARM\ARMCC\Bin\..\lib\armlib\c_w.l(defsig_general.o)(.text) for __default_signal_display

