Archive member included to satisfy reference by file (symbol)

d:/ac6/systemworkbench/plugins/fr.ac6.mcu.externaltools.arm-none.win32_1.17.0.201812190825/tools/compiler/bin/../lib/gcc/arm-none-eabi/7.3.1/thumb/v7e-m/fpv4-sp/hard\libgcc.a(_arm_addsubdf3.o)
                              Src/main.o (__aeabi_f2d)
d:/ac6/systemworkbench/plugins/fr.ac6.mcu.externaltools.arm-none.win32_1.17.0.201812190825/tools/compiler/bin/../lib/gcc/arm-none-eabi/7.3.1/thumb/v7e-m/fpv4-sp/hard\libgcc.a(_arm_muldivdf3.o)
                              Src/main.o (__aeabi_dmul)
d:/ac6/systemworkbench/plugins/fr.ac6.mcu.externaltools.arm-none.win32_1.17.0.201812190825/tools/compiler/bin/../lib/gcc/arm-none-eabi/7.3.1/thumb/v7e-m/fpv4-sp/hard\libgcc.a(_arm_truncdfsf2.o)
                              Src/main.o (__aeabi_d2f)
d:/ac6/systemworkbench/plugins/fr.ac6.mcu.externaltools.arm-none.win32_1.17.0.201812190825/tools/compiler/bin/../lib/gcc/arm-none-eabi/7.3.1/thumb/v7e-m/fpv4-sp/hard\libgcc.a(_aeabi_uldivmod.o)
                              Drivers/STM32F4xx_HAL_Driver/Src/stm32f4xx_hal_rcc.o (__aeabi_uldivmod)
d:/ac6/systemworkbench/plugins/fr.ac6.mcu.externaltools.arm-none.win32_1.17.0.201812190825/tools/compiler/bin/../lib/gcc/arm-none-eabi/7.3.1/thumb/v7e-m/fpv4-sp/hard\libgcc.a(_udivmoddi4.o)
                              d:/ac6/systemworkbench/plugins/fr.ac6.mcu.externaltools.arm-none.win32_1.17.0.201812190825/tools/compiler/bin/../lib/gcc/arm-none-eabi/7.3.1/thumb/v7e-m/fpv4-sp/hard\libgcc.a(_aeabi_uldivmod.o) (__udivmoddi4)
d:/ac6/systemworkbench/plugins/fr.ac6.mcu.externaltools.arm-none.win32_1.17.0.201812190825/tools/compiler/bin/../lib/gcc/arm-none-eabi/7.3.1/thumb/v7e-m/fpv4-sp/hard\libgcc.a(_dvmd_tls.o)
                              d:/ac6/systemworkbench/plugins/fr.ac6.mcu.externaltools.arm-none.win32_1.17.0.201812190825/tools/compiler/bin/../lib/gcc/arm-none-eabi/7.3.1/thumb/v7e-m/fpv4-sp/hard\libgcc.a(_aeabi_uldivmod.o) (__aeabi_ldiv0)
d:/ac6/systemworkbench/plugins/fr.ac6.mcu.externaltools.arm-none.win32_1.17.0.201812190825/tools/compiler/bin/../lib/gcc/arm-none-eabi/7.3.1/../../../../arm-none-eabi/lib/thumb/v7e-m/fpv4-sp/hard\libc_nano.a(lib_a-errno.o)
                              Src/syscalls.o (__errno)
d:/ac6/systemworkbench/plugins/fr.ac6.mcu.externaltools.arm-none.win32_1.17.0.201812190825/tools/compiler/bin/../lib/gcc/arm-none-eabi/7.3.1/../../../../arm-none-eabi/lib/thumb/v7e-m/fpv4-sp/hard\libc_nano.a(lib_a-exit.o)
                              d:/ac6/systemworkbench/plugins/fr.ac6.mcu.externaltools.arm-none.win32_1.17.0.201812190825/tools/compiler/bin/../lib/gcc/arm-none-eabi/7.3.1/../../../../arm-none-eabi/lib/thumb/v7e-m/fpv4-sp/hard/crt0.o (exit)
d:/ac6/systemworkbench/plugins/fr.ac6.mcu.externaltools.arm-none.win32_1.17.0.201812190825/tools/compiler/bin/../lib/gcc/arm-none-eabi/7.3.1/../../../../arm-none-eabi/lib/thumb/v7e-m/fpv4-sp/hard\libc_nano.a(lib_a-impure.o)
                              d:/ac6/systemworkbench/plugins/fr.ac6.mcu.externaltools.arm-none.win32_1.17.0.201812190825/tools/compiler/bin/../lib/gcc/arm-none-eabi/7.3.1/../../../../arm-none-eabi/lib/thumb/v7e-m/fpv4-sp/hard\libc_nano.a(lib_a-exit.o) (_global_impure_ptr)
d:/ac6/systemworkbench/plugins/fr.ac6.mcu.externaltools.arm-none.win32_1.17.0.201812190825/tools/compiler/bin/../lib/gcc/arm-none-eabi/7.3.1/../../../../arm-none-eabi/lib/thumb/v7e-m/fpv4-sp/hard\libc_nano.a(lib_a-init.o)
                              d:/ac6/systemworkbench/plugins/fr.ac6.mcu.externaltools.arm-none.win32_1.17.0.201812190825/tools/compiler/bin/../lib/gcc/arm-none-eabi/7.3.1/../../../../arm-none-eabi/lib/thumb/v7e-m/fpv4-sp/hard/crt0.o (__libc_init_array)
d:/ac6/systemworkbench/plugins/fr.ac6.mcu.externaltools.arm-none.win32_1.17.0.201812190825/tools/compiler/bin/../lib/gcc/arm-none-eabi/7.3.1/../../../../arm-none-eabi/lib/thumb/v7e-m/fpv4-sp/hard\libc_nano.a(lib_a-memset.o)
                              d:/ac6/systemworkbench/plugins/fr.ac6.mcu.externaltools.arm-none.win32_1.17.0.201812190825/tools/compiler/bin/../lib/gcc/arm-none-eabi/7.3.1/../../../../arm-none-eabi/lib/thumb/v7e-m/fpv4-sp/hard/crt0.o (memset)
d:/ac6/systemworkbench/plugins/fr.ac6.mcu.externaltools.arm-none.win32_1.17.0.201812190825/tools/compiler/bin/../lib/gcc/arm-none-eabi/7.3.1/../../../../arm-none-eabi/lib/thumb/v7e-m/fpv4-sp/hard\libc_nano.a(lib_a-nano-vfprintf_float.o)
                              (_printf_float)
d:/ac6/systemworkbench/plugins/fr.ac6.mcu.externaltools.arm-none.win32_1.17.0.201812190825/tools/compiler/bin/../lib/gcc/arm-none-eabi/7.3.1/../../../../arm-none-eabi/lib/thumb/v7e-m/fpv4-sp/hard\libc_nano.a(lib_a-nano-vfprintf_i.o)
                              d:/ac6/systemworkbench/plugins/fr.ac6.mcu.externaltools.arm-none.win32_1.17.0.201812190825/tools/compiler/bin/../lib/gcc/arm-none-eabi/7.3.1/../../../../arm-none-eabi/lib/thumb/v7e-m/fpv4-sp/hard\libc_nano.a(lib_a-nano-vfprintf_float.o) (_printf_common)
[...]
Memory Configuration

Name             Origin             Length             Attributes
RAM              0x20000000         0x00020000         xrw
FLASH            0x08000000         0x00080000         xr
*default*        0x00000000         0xffffffff

Linker script and memory map

LOAD d:/ac6/systemworkbench/plugins/fr.ac6.mcu.externaltools.arm-none.win32_1.17.0.201812190825/tools/compiler/bin/../lib/gcc/arm-none-eabi/7.3.1/thumb/v7e-m/fpv4-sp/hard/crti.o
LOAD d:/ac6/systemworkbench/plugins/fr.ac6.mcu.externaltools.arm-none.win32_1.17.0.201812190825/tools/compiler/bin/../lib/gcc/arm-none-eabi/7.3.1/thumb/v7e-m/fpv4-sp/hard/crtbegin.o
LOAD d:/ac6/systemworkbench/plugins/fr.ac6.mcu.externaltools.arm-none.win32_1.17.0.201812190825/tools/compiler/bin/../lib/gcc/arm-none-eabi/7.3.1/../../../../arm-none-eabi/lib/thumb/v7e-m/fpv4-sp/hard/crt0.o
LOAD Drivers/STM32F4xx_HAL_Driver/Src/stm32f4xx_hal.o
LOAD Drivers/STM32F4xx_HAL_Driver/Src/stm32f4xx_hal_cortex.o
LOAD Drivers/STM32F4xx_HAL_Driver/Src/stm32f4xx_hal_dma.o
LOAD Drivers/STM32F4xx_HAL_Driver/Src/stm32f4xx_hal_dma_ex.o
LOAD Drivers/STM32F4xx_HAL_Driver/Src/stm32f4xx_hal_exti.o
LOAD Drivers/STM32F4xx_HAL_Driver/Src/stm32f4xx_hal_flash.o
LOAD Drivers/STM32F4xx_HAL_Driver/Src/stm32f4xx_hal_flash_ex.o
LOAD Drivers/STM32F4xx_HAL_Driver/Src/stm32f4xx_hal_flash_ramfunc.o
LOAD Drivers/STM32F4xx_HAL_Driver/Src/stm32f4xx_hal_gpio.o
LOAD Drivers/STM32F4xx_HAL_Driver/Src/stm32f4xx_hal_pwr.o
LOAD Drivers/STM32F4xx_HAL_Driver/Src/stm32f4xx_hal_pwr_ex.o
LOAD Drivers/STM32F4xx_HAL_Driver/Src/stm32f4xx_hal_rcc.o
LOAD Drivers/STM32F4xx_HAL_Driver/Src/stm32f4xx_hal_rcc_ex.o
LOAD Drivers/STM32F4xx_HAL_Driver/Src/stm32f4xx_hal_tim.o
LOAD Drivers/STM32F4xx_HAL_Driver/Src/stm32f4xx_hal_tim_ex.o
LOAD Drivers/STM32F4xx_HAL_Driver/Src/stm32f4xx_hal_uart.o
LOAD Src/main.o
LOAD Src/stm32f4xx_hal_msp.o
LOAD Src/stm32f4xx_it.o
LOAD Src/syscalls.o
LOAD Src/system_stm32f4xx.o
LOAD startup/startup_stm32f411xe.o
LOAD d:/ac6/systemworkbench/plugins/fr.ac6.mcu.externaltools.arm-none.win32_1.17.0.201812190825/tools/compiler/bin/../lib/gcc/arm-none-eabi/7.3.1/../../../../arm-none-eabi/lib/thumb/v7e-m/fpv4-sp/hard\libm.a
START GROUP
LOAD d:/ac6/systemworkbench/plugins/fr.ac6.mcu.externaltools.arm-none.win32_1.17.0.201812190825/tools/compiler/bin/../lib/gcc/arm-none-eabi/7.3.1/thumb/v7e-m/fpv4-sp/hard\libgcc.a
LOAD d:/ac6/systemworkbench/plugins/fr.ac6.mcu.externaltools.arm-none.win32_1.17.0.201812190825/tools/compiler/bin/../lib/gcc/arm-none-eabi/7.3.1/../../../../arm-none-eabi/lib/thumb/v7e-m/fpv4-sp/hard\libc_nano.a
END GROUP
START GROUP
LOAD d:/ac6/systemworkbench/plugins/fr.ac6.mcu.externaltools.arm-none.win32_1.17.0.201812190825/tools/compiler/bin/../lib/gcc/arm-none-eabi/7.3.1/thumb/v7e-m/fpv4-sp/hard\libgcc.a
LOAD d:/ac6/systemworkbench/plugins/fr.ac6.mcu.externaltools.arm-none.win32_1.17.0.201812190825/tools/compiler/bin/../lib/gcc/arm-none-eabi/7.3.1/../../../../arm-none-eabi/lib/thumb/v7e-m/fpv4-sp/hard\libc_nano.a
LOAD d:/ac6/systemworkbench/plugins/fr.ac6.mcu.externaltools.arm-none.win32_1.17.0.201812190825/tools/compiler/bin/../lib/gcc/arm-none-eabi/7.3.1/../../../../arm-none-eabi/lib/thumb/v7e-m/fpv4-sp/hard\libnosys.a
END GROUP
START GROUP
LOAD d:/ac6/systemworkbench/plugins/fr.ac6.mcu.externaltools.arm-none.win32_1.17.0.201812190825/tools/compiler/bin/../lib/gcc/arm-none-eabi/7.3.1/thumb/v7e-m/fpv4-sp/hard\libgcc.a
LOAD d:/ac6/systemworkbench/plugins/fr.ac6.mcu.externaltools.arm-none.win32_1.17.0.201812190825/tools/compiler/bin/../lib/gcc/arm-none-eabi/7.3.1/../../../../arm-none-eabi/lib/thumb/v7e-m/fpv4-sp/hard\libc_nano.a
LOAD d:/ac6/systemworkbench/plugins/fr.ac6.mcu.externaltools.arm-none.win32_1.17.0.201812190825/tools/compiler/bin/../lib/gcc/arm-none-eabi/7.3.1/../../../../arm-none-eabi/lib/thumb/v7e-m/fpv4-sp/hard\libnosys.a
END GROUP
LOAD d:/ac6/systemworkbench/plugins/fr.ac6.mcu.externaltools.arm-none.win32_1.17.0.201812190825/tools/compiler/bin/../lib/gcc/arm-none-eabi/7.3.1/thumb/v7e-m/fpv4-sp/hard/crtend.o
LOAD d:/ac6/systemworkbench/plugins/fr.ac6.mcu.externaltools.arm-none.win32_1.17.0.201812190825/tools/compiler/bin/../lib/gcc/arm-none-eabi/7.3.1/thumb/v7e-m/fpv4-sp/hard/crtn.o
                0x20020000                _estack = 0x20020000
                0x00000200                _Min_Heap_Size = 0x200
                0x00000400                _Min_Stack_Size = 0x400

.isr_vector     0x08000000      0x198
                0x08000000                . = ALIGN (0x4)
 *(.isr_vector)
 .isr_vector    0x08000000      0x198 startup/startup_stm32f411xe.o
                0x08000000                g_pfnVectors
                0x08000198                . = ALIGN (0x4)

.text           0x080001a0     0x4458
                0x080001a0                . = ALIGN (0x4)
 *(.text)
 .text          0x080001a0       0x40 d:/ac6/systemworkbench/plugins/fr.ac6.mcu.externaltools.arm-none.win32_1.17.0.201812190825/tools/compiler/bin/../lib/gcc/arm-none-eabi/7.3.1/thumb/v7e-m/fpv4-sp/hard/crtbegin.o
 .text          0x080001e0      0x378 d:/ac6/systemworkbench/plugins/fr.ac6.mcu.externaltools.arm-none.win32_1.17.0.201812190825/tools/compiler/bin/../lib/gcc/arm-none-eabi/7.3.1/thumb/v7e-m/fpv4-sp/hard\libgcc.a(_arm_addsubdf3.o)
                0x080001e0                __aeabi_drsub
                0x080001e8                __aeabi_dsub
                0x080001e8                __subdf3
                0x080001ec                __aeabi_dadd
                0x080001ec                __adddf3
                0x08000464                __floatunsidf
                0x08000464                __aeabi_ui2d
                0x08000484                __floatsidf
                0x08000484                __aeabi_i2d
                0x080004a8                __aeabi_f2d
                0x080004a8                __extendsfdf2
                0x080004ec                __floatundidf
                0x080004ec                __aeabi_ul2d
                0x080004fc                __floatdidf
                0x080004fc                __aeabi_l2d
 .text          0x08000558      0x424 d:/ac6/systemworkbench/plugins/fr.ac6.mcu.externaltools.arm-none.win32_1.17.0.201812190825/tools/compiler/bin/../lib/gcc/arm-none-eabi/7.3.1/thumb/v7e-m/fpv4-sp/hard\libgcc.a(_arm_muldivdf3.o)
                0x08000558                __aeabi_dmul
                0x08000558                __muldf3
                0x080007ac                __divdf3
                0x080007ac                __aeabi_ddiv
 .text          0x0800097c       0xa0 d:/ac6/systemworkbench/plugins/fr.ac6.mcu.externaltools.arm-none.win32_1.17.0.201812190825/tools/compiler/bin/../lib/gcc/arm-none-eabi/7.3.1/thumb/v7e-m/fpv4-sp/hard\libgcc.a(_arm_truncdfsf2.o)
                0x0800097c                __truncdfsf2
                0x0800097c                __aeabi_d2f
 .text          0x08000a1c       0x30 d:/ac6/systemworkbench/plugins/fr.ac6.mcu.externaltools.arm-none.win32_1.17.0.201812190825/tools/compiler/bin/../lib/gcc/arm-none-eabi/7.3.1/thumb/v7e-m/fpv4-sp/hard\libgcc.a(_aeabi_uldivmod.o)
                0x08000a1c                __aeabi_uldivmod
 .text          0x08000a4c      0x2cc d:/ac6/systemworkbench/plugins/fr.ac6.mcu.externaltools.arm-none.win32_1.17.0.201812190825/tools/compiler/bin/../lib/gcc/arm-none-eabi/7.3.1/thumb/v7e-m/fpv4-sp/hard\libgcc.a(_udivmoddi4.o)
                0x08000a4c                __udivmoddi4
 .text          0x08000d18        0x4 d:/ac6/systemworkbench/plugins/fr.ac6.mcu.externaltools.arm-none.win32_1.17.0.201812190825/tools/compiler/bin/../lib/gcc/arm-none-eabi/7.3.1/thumb/v7e-m/fpv4-sp/hard\libgcc.a(_dvmd_tls.o)
                0x08000d18                __aeabi_idiv0
                0x08000d18                __aeabi_ldiv0
 .text          0x08000d1c       0x10 d:/ac6/systemworkbench/plugins/fr.ac6.mcu.externaltools.arm-none.win32_1.17.0.201812190825/tools/compiler/bin/../lib/gcc/arm-none-eabi/7.3.1/../../../../arm-none-eabi/lib/thumb/v7e-m/fpv4-sp/hard\libc_nano.a(lib_a-strlen.o)
                0x08000d1c                strlen
 *fill*         0x08000d2c        0x4 
 .text          0x08000d30       0xa0 d:/ac6/systemworkbench/plugins/fr.ac6.mcu.externaltools.arm-none.win32_1.17.0.201812190825/tools/compiler/bin/../lib/gcc/arm-none-eabi/7.3.1/../../../../arm-none-eabi/lib/thumb/v7e-m/fpv4-sp/hard\libc_nano.a(lib_a-memchr.o)
                0x08000d30                memchr
 .text          0x08000dd0      0x110 d:/ac6/systemworkbench/plugins/fr.ac6.mcu.externaltools.arm-none.win32_1.17.0.201812190825/tools/compiler/bin/../lib/gcc/arm-none-eabi/7.3.1/thumb/v7e-m/fpv4-sp/hard\libgcc.a(_arm_cmpdf2.o)
                0x08000dd0                __gtdf2
                0x08000dd0                __gedf2
                0x08000dd8                __ltdf2
                0x08000dd8                __ledf2
                0x08000de0                __nedf2
                0x08000de0                __eqdf2
                0x08000de0                __cmpdf2
                0x08000e5c                __aeabi_cdrcmple
                0x08000e6c                __aeabi_cdcmpeq
                0x08000e6c                __aeabi_cdcmple
                0x08000e7c                __aeabi_dcmpeq
                0x08000e90                __aeabi_dcmplt
                0x08000ea4                __aeabi_dcmple
                0x08000eb8                __aeabi_dcmpge
                0x08000ecc                __aeabi_dcmpgt
 .text          0x08000ee0       0x2c d:/ac6/systemworkbench/plugins/fr.ac6.mcu.externaltools.arm-none.win32_1.17.0.201812190825/tools/compiler/bin/../lib/gcc/arm-none-eabi/7.3.1/thumb/v7e-m/fpv4-sp/hard\libgcc.a(_arm_unorddf2.o)
                0x08000ee0                __unorddf2
                0x08000ee0                __aeabi_dcmpun
 .text          0x08000f0c       0x50 d:/ac6/systemworkbench/plugins/fr.ac6.mcu.externaltools.arm-none.win32_1.17.0.201812190825/tools/compiler/bin/../lib/gcc/arm-none-eabi/7.3.1/thumb/v7e-m/fpv4-sp/hard\libgcc.a(_arm_fixdfsi.o)
                0x08000f0c                __aeabi_d2iz
                0x08000f0c                __fixdfsi
 *(.text*)
 .text.HAL_InitTick
                0x08000f5c       0x48 Drivers/STM32F4xx_HAL_Driver/Src/stm32f4xx_hal.o
                0x08000f5c                HAL_InitTick
 .text.HAL_Init
                0x08000fa4       0x34 Drivers/STM32F4xx_HAL_Driver/Src/stm32f4xx_hal.o
                0x08000fa4                HAL_Init
 .text.HAL_IncTick
                0x08000fd8       0x18 Drivers/STM32F4xx_HAL_Driver/Src/stm32f4xx_hal.o
                0x08000fd8                HAL_IncTick
 .text.HAL_GetTick
                0x08000ff0        0xc Drivers/STM32F4xx_HAL_Driver/Src/stm32f4xx_hal.o
                0x08000ff0                HAL_GetTick
 .text.HAL_Delay
                0x08000ffc       0x28 Drivers/STM32F4xx_HAL_Driver/Src/stm32f4xx_hal.o
                0x08000ffc                HAL_Delay
 .text.HAL_NVIC_SetPriorityGrouping
                0x08001024       0x24 Drivers/STM32F4xx_HAL_Driver/Src/stm32f4xx_hal_cortex.o
                0x08001024                HAL_NVIC_SetPriorityGrouping
 .text.HAL_NVIC_SetPriority
                0x08001048       0x68 Drivers/STM32F4xx_HAL_Driver/Src/stm32f4xx_hal_cortex.o
                0x08001048                HAL_NVIC_SetPriority
 .text.HAL_SYSTICK_Config
                0x080010b0       0x2c Drivers/STM32F4xx_HAL_Driver/Src/stm32f4xx_hal_cortex.o
                0x080010b0                HAL_SYSTICK_Config
 .text.HAL_GPIO_Init
                0x080010dc      0x1a4 Drivers/STM32F4xx_HAL_Driver/Src/stm32f4xx_hal_gpio.o
                0x080010dc                HAL_GPIO_Init
 .text.HAL_GPIO_ReadPin
                0x08001280        0xe Drivers/STM32F4xx_HAL_Driver/Src/stm32f4xx_hal_gpio.o
                0x08001280                HAL_GPIO_ReadPin
 .text.HAL_GPIO_WritePin
                0x0800128e        0xc Drivers/STM32F4xx_HAL_Driver/Src/stm32f4xx_hal_gpio.o
                0x0800128e                HAL_GPIO_WritePin
 *fill*         0x0800129a        0x2 
 .text.HAL_RCC_OscConfig
                0x0800129c      0x398 Drivers/STM32F4xx_HAL_Driver/Src/stm32f4xx_hal_rcc.o
                0x0800129c                HAL_RCC_OscConfig
 .text.HAL_RCC_GetSysClockFreq
                0x08001634       0xd8 Drivers/STM32F4xx_HAL_Driver/Src/stm32f4xx_hal_rcc.o
                0x08001634                HAL_RCC_GetSysClockFreq
 .text.HAL_RCC_ClockConfig
                0x0800170c      0x158 Drivers/STM32F4xx_HAL_Driver/Src/stm32f4xx_hal_rcc.o
                0x0800170c                HAL_RCC_ClockConfig
 .text.HAL_RCC_GetHCLKFreq
                0x08001864        0xc Drivers/STM32F4xx_HAL_Driver/Src/stm32f4xx_hal_rcc.o
                0x08001864                HAL_RCC_GetHCLKFreq
 .text.HAL_RCC_GetPCLK1Freq
                0x08001870       0x20 Drivers/STM32F4xx_HAL_Driver/Src/stm32f4xx_hal_rcc.o
                0x08001870                HAL_RCC_GetPCLK1Freq
 .text.HAL_RCC_GetPCLK2Freq
                0x08001890       0x20 Drivers/STM32F4xx_HAL_Driver/Src/stm32f4xx_hal_rcc.o
                0x08001890                HAL_RCC_GetPCLK2Freq
 .text.TIM_TI1_ConfigInputStage
                0x080018b0       0x26 Drivers/STM32F4xx_HAL_Driver/Src/stm32f4xx_hal_tim.o
 .text.TIM_TI2_ConfigInputStage
                0x080018d6       0x28 Drivers/STM32F4xx_HAL_Driver/Src/stm32f4xx_hal_tim.o
 .text.TIM_ITRx_SetConfig
                0x080018fe       0x10 Drivers/STM32F4xx_HAL_Driver/Src/stm32f4xx_hal_tim.o
 *fill*         0x0800190e        0x2 
 .text.TIM_Base_SetConfig
                0x08001910       0x9c Drivers/STM32F4xx_HAL_Driver/Src/stm32f4xx_hal_tim.o
                0x08001910                TIM_Base_SetConfig
 .text.HAL_TIM_Base_Init
                0x080019ac       0x32 Drivers/STM32F4xx_HAL_Driver/Src/stm32f4xx_hal_tim.o
                0x080019ac                HAL_TIM_Base_Init
 .text.TIM_ETR_SetConfig
                0x080019de       0x18 Drivers/STM32F4xx_HAL_Driver/Src/stm32f4xx_hal_tim.o
                0x080019de                TIM_ETR_SetConfig
 .text.HAL_TIM_ConfigClockSource
                0x080019f6       0xda Drivers/STM32F4xx_HAL_Driver/Src/stm32f4xx_hal_tim.o
                0x080019f6                HAL_TIM_ConfigClockSource
 .text.HAL_TIMEx_MasterConfigSynchronization
                0x08001ad0       0x46 Drivers/STM32F4xx_HAL_Driver/Src/stm32f4xx_hal_tim_ex.o
                0x08001ad0                HAL_TIMEx_MasterConfigSynchronization
 *fill*         0x08001b16        0x2 
 .text.UART_SetConfig
                0x08001b18      0x334 Drivers/STM32F4xx_HAL_Driver/Src/stm32f4xx_hal_uart.o
 .text.UART_WaitOnFlagUntilTimeout
                0x08001e4c       0x62 Drivers/STM32F4xx_HAL_Driver/Src/stm32f4xx_hal_uart.o
 .text.HAL_UART_Init
                0x08001eae       0x5e Drivers/STM32F4xx_HAL_Driver/Src/stm32f4xx_hal_uart.o
                0x08001eae                HAL_UART_Init
 .text.HAL_UART_Transmit
                0x08001f0c       0xe0 Drivers/STM32F4xx_HAL_Driver/Src/stm32f4xx_hal_uart.o
                0x08001f0c                HAL_UART_Transmit
 .text.MX_GPIO_Init
                0x08001fec       0xc0 Src/main.o
 .text.MX_TIM4_Init
                0x080020ac       0x50 Src/main.o
 .text.MX_USART2_UART_Init
                0x080020fc       0x2c Src/main.o
 .text.SystemClock_Config
                0x08002128       0x90 Src/main.o
                0x08002128                SystemClock_Config
 .text.delay    0x080021b8       0x3c Src/main.o
                0x080021b8                delay
 *fill*         0x080021f4        0x4 
 .text.get_distance
                0x080021f8       0xb0 Src/main.o
                0x080021f8                get_distance
 .text.main     0x080022a8       0x80 Src/main.o
                0x080022a8                main
 .text.HAL_MspInit
                0x08002328       0x40 Src/stm32f4xx_hal_msp.o
                0x08002328                HAL_MspInit
 .text.HAL_TIM_Base_MspInit
                0x08002368       0x30 Src/stm32f4xx_hal_msp.o
                0x08002368                HAL_TIM_Base_MspInit
 .text.HAL_UART_MspInit
                0x08002398       0x74 Src/stm32f4xx_hal_msp.o
                0x08002398                HAL_UART_MspInit
 .text.NMI_Handler
                0x0800240c        0x2 Src/stm32f4xx_it.o
                0x0800240c                NMI_Handler
 .text.HardFault_Handler
                0x0800240e        0x2 Src/stm32f4xx_it.o
                0x0800240e                HardFault_Handler
 .text.MemManage_Handler
                0x08002410        0x2 Src/stm32f4xx_it.o
                0x08002410                MemManage_Handler
 .text.BusFault_Handler
                0x08002412        0x2 Src/stm32f4xx_it.o
                0x08002412                BusFault_Handler
 .text.UsageFault_Handler
                0x08002414        0x2 Src/stm32f4xx_it.o
                0x08002414                UsageFault_Handler
 .text.SVC_Handler
                0x08002416        0x2 Src/stm32f4xx_it.o
                0x08002416                SVC_Handler
 .text.DebugMon_Handler
                0x08002418        0x2 Src/stm32f4xx_it.o
                0x08002418                DebugMon_Handler
 .text.PendSV_Handler
                0x0800241a        0x2 Src/stm32f4xx_it.o
                0x0800241a                PendSV_Handler
 .text.SysTick_Handler
                0x0800241c        0x8 Src/stm32f4xx_it.o
                0x0800241c                SysTick_Handler
 .text._sbrk    0x08002424       0x3c Src/syscalls.o
                0x08002424                _sbrk
 .text.SystemInit
                0x08002460       0x4c Src/system_stm32f4xx.o
                0x08002460                SystemInit
 .text.Reset_Handler
                0x080024ac       0x50 startup/startup_stm32f411xe.o
                0x080024ac                Reset_Handler
 .text.Default_Handler
                0x080024fc        0x2 startup/startup_stm32f411xe.o
                0x080024fc                RTC_Alarm_IRQHandler
                0x080024fc                EXTI2_IRQHandler
                0x080024fc                SPI4_IRQHandler
                0x080024fc                TIM1_CC_IRQHandler
                0x080024fc                DMA2_Stream5_IRQHandler
                0x080024fc                DMA1_Stream5_IRQHandler
                0x080024fc                PVD_IRQHandler
                0x080024fc                SDIO_IRQHandler
                0x080024fc                TAMP_STAMP_IRQHandler
                0x080024fc                EXTI3_IRQHandler
                0x080024fc                TIM1_UP_TIM10_IRQHandler
                0x080024fc                I2C3_ER_IRQHandler
                0x080024fc                EXTI0_IRQHandler
                0x080024fc                I2C2_EV_IRQHandler
                0x080024fc                DMA1_Stream2_IRQHandler
                0x080024fc                FPU_IRQHandler
                0x080024fc                DMA2_Stream2_IRQHandler
                0x080024fc                SPI1_IRQHandler
                0x080024fc                TIM1_BRK_TIM9_IRQHandler
                0x080024fc                DMA2_Stream3_IRQHandler
                0x080024fc                USART6_IRQHandler
                0x080024fc                DMA2_Stream0_IRQHandler
                0x080024fc                TIM4_IRQHandler
                0x080024fc                I2C1_EV_IRQHandler
                0x080024fc                DMA1_Stream6_IRQHandler
                0x080024fc                DMA1_Stream1_IRQHandler
                0x080024fc                TIM3_IRQHandler
                0x080024fc                RCC_IRQHandler
                0x080024fc                Default_Handler
                0x080024fc                EXTI15_10_IRQHandler
                0x080024fc                ADC_IRQHandler
                0x080024fc                DMA1_Stream7_IRQHandler
                0x080024fc                SPI5_IRQHandler
                0x080024fc                TIM5_IRQHandler
                0x080024fc                DMA2_Stream7_IRQHandler
                0x080024fc                I2C3_EV_IRQHandler
                0x080024fc                EXTI9_5_IRQHandler
                0x080024fc                RTC_WKUP_IRQHandler
                0x080024fc                SPI2_IRQHandler
                0x080024fc                DMA1_Stream0_IRQHandler
                0x080024fc                EXTI4_IRQHandler
                0x080024fc                WWDG_IRQHandler
                0x080024fc                TIM2_IRQHandler
                0x080024fc                OTG_FS_WKUP_IRQHandler
                0x080024fc                TIM1_TRG_COM_TIM11_IRQHandler
                0x080024fc                EXTI1_IRQHandler
                0x080024fc                USART2_IRQHandler
                0x080024fc                I2C2_ER_IRQHandler
                0x080024fc                DMA2_Stream1_IRQHandler
                0x080024fc                FLASH_IRQHandler
                0x080024fc                DMA2_Stream4_IRQHandler
                0x080024fc                USART1_IRQHandler
                0x080024fc                OTG_FS_IRQHandler
                0x080024fc                SPI3_IRQHandler
                0x080024fc                DMA1_Stream4_IRQHandler
                0x080024fc                I2C1_ER_IRQHandler
                0x080024fc                DMA2_Stream6_IRQHandler
                0x080024fc                DMA1_Stream3_IRQHandler
 *fill*         0x080024fe        0x2 
 .text.__errno  0x08002500        0xc d:/ac6/systemworkbench/plugins/fr.ac6.mcu.externaltools.arm-none.win32_1.17.0.201812190825/tools/compiler/bin/../lib/gcc/arm-none-eabi/7.3.1/../../../../arm-none-eabi/lib/thumb/v7e-m/fpv4-sp/hard\libc_nano.a(lib_a-errno.o)
                0x08002500                __errno
 .text.__libc_init_array
                0x0800250c       0x48 d:/ac6/systemworkbench/plugins/fr.ac6.mcu.externaltools.arm-none.win32_1.17.0.201812190825/tools/compiler/bin/../lib/gcc/arm-none-eabi/7.3.1/../../../../arm-none-eabi/lib/thumb/v7e-m/fpv4-sp/hard\libc_nano.a(lib_a-init.o)
                0x0800250c                __libc_init_array
 .text.memset   0x08002554       0x10 d:/ac6/systemworkbench/plugins/fr.ac6.mcu.externaltools.arm-none.win32_1.17.0.201812190825/tools/compiler/bin/../lib/gcc/arm-none-eabi/7.3.1/../../../../arm-none-eabi/lib/thumb/v7e-m/fpv4-sp/hard\libc_nano.a(lib_a-memset.o)
                0x08002554                memset
 .text.__cvt    0x08002564       0xc2 d:/ac6/systemworkbench/plugins/fr.ac6.mcu.externaltools.arm-none.win32_1.17.0.201812190825/tools/compiler/bin/../lib/gcc/arm-none-eabi/7.3.1/../../../../arm-none-eabi/lib/thumb/v7e-m/fpv4-sp/hard\libc_nano.a(lib_a-nano-vfprintf_float.o)
                0x08002564                __cvt
 .text.__exponent
                0x08002626       0x66 d:/ac6/systemworkbench/plugins/fr.ac6.mcu.externaltools.arm-none.win32_1.17.0.201812190825/tools/compiler/bin/../lib/gcc/arm-none-eabi/7.3.1/../../../../arm-none-eabi/lib/thumb/v7e-m/fpv4-sp/hard\libc_nano.a(lib_a-nano-vfprintf_float.o)
                0x08002626                __exponent
 .text._printf_float
                0x0800268c      0x480 d:/ac6/systemworkbench/plugins/fr.ac6.mcu.externaltools.arm-none.win32_1.17.0.201812190825/tools/compiler/bin/../lib/gcc/arm-none-eabi/7.3.1/../../../../arm-none-eabi/lib/thumb/v7e-m/fpv4-sp/hard\libc_nano.a(lib_a-nano-vfprintf_float.o)
                0x0800268c                _printf_float
 .text._printf_common
                0x08002b0c       0xea d:/ac6/systemworkbench/plugins/fr.ac6.mcu.externaltools.arm-none.win32_1.17.0.201812190825/tools/compiler/bin/../lib/gcc/arm-none-eabi/7.3.1/../../../../arm-none-eabi/lib/thumb/v7e-m/fpv4-sp/hard\libc_nano.a(lib_a-nano-vfprintf_i.o)
                0x08002b0c                _printf_common
 *fill*         0x08002bf6        0x2 
 .text._printf_i
                0x08002bf8      0x224 d:/ac6/systemworkbench/plugins/fr.ac6.mcu.externaltools.arm-none.win32_1.17.0.201812190825/tools/compiler/bin/../lib/gcc/arm-none-eabi/7.3.1/../../../../arm-none-eabi/lib/thumb/v7e-m/fpv4-sp/hard\libc_nano.a(lib_a-nano-vfprintf_i.o)
                0x08002bf8                _printf_i
 .text.sprintf  0x08002e1c       0x40 d:/ac6/systemworkbench/plugins/fr.ac6.mcu.externaltools.arm-none.win32_1.17.0.201812190825/tools/compiler/bin/../lib/gcc/arm-none-eabi/7.3.1/../../../../arm-none-eabi/lib/thumb/v7e-m/fpv4-sp/hard\libc_nano.a(lib_a-sprintf.o)
                0x08002e1c                siprintf
                0x08002e1c                sprintf
 .text.quorem   0x08002e5c      0x118 d:/ac6/systemworkbench/plugins/fr.ac6.mcu.externaltools.arm-none.win32_1.17.0.201812190825/tools/compiler/bin/../lib/gcc/arm-none-eabi/7.3.1/../../../../arm-none-eabi/lib/thumb/v7e-m/fpv4-sp/hard\libc_nano.a(lib_a-dtoa.o)
 *fill*         0x08002f74        0x4 
 .text._dtoa_r  0x08002f78      0xb70 d:/ac6/systemworkbench/plugins/fr.ac6.mcu.externaltools.arm-none.win32_1.17.0.201812190825/tools/compiler/bin/../lib/gcc/arm-none-eabi/7.3.1/../../../../arm-none-eabi/lib/thumb/v7e-m/fpv4-sp/hard\libc_nano.a(lib_a-dtoa.o)
                0x08002f78                _dtoa_r
 .text._localeconv_r
                0x08003ae8       0x1c d:/ac6/systemworkbench/plugins/fr.ac6.mcu.externaltools.arm-none.win32_1.17.0.201812190825/tools/compiler/bin/../lib/gcc/arm-none-eabi/7.3.1/../../../../arm-none-eabi/lib/thumb/v7e-m/fpv4-sp/hard\libc_nano.a(lib_a-localeconv.o)
                0x08003ae8                _localeconv_r
 .text.malloc   0x08003b04       0x10 d:/ac6/systemworkbench/plugins/fr.ac6.mcu.externaltools.arm-none.win32_1.17.0.201812190825/tools/compiler/bin/../lib/gcc/arm-none-eabi/7.3.1/../../../../arm-none-eabi/lib/thumb/v7e-m/fpv4-sp/hard\libc_nano.a(lib_a-malloc.o)
                0x08003b04                malloc
 .text.memcpy   0x08003b14       0x16 d:/ac6/systemworkbench/plugins/fr.ac6.mcu.externaltools.arm-none.win32_1.17.0.201812190825/tools/compiler/bin/../lib/gcc/arm-none-eabi/7.3.1/../../../../arm-none-eabi/lib/thumb/v7e-m/fpv4-sp/hard\libc_nano.a(lib_a-memcpy-stub.o)
                0x08003b14                memcpy
 .text._Balloc  0x08003b2a       0x68 d:/ac6/systemworkbench/plugins/fr.ac6.mcu.externaltools.arm-none.win32_1.17.0.201812190825/tools/compiler/bin/../lib/gcc/arm-none-eabi/7.3.1/../../../../arm-none-eabi/lib/thumb/v7e-m/fpv4-sp/hard\libc_nano.a(lib_a-mprec.o)
                0x08003b2a                _Balloc
 .text._Bfree   0x08003b92       0x2e d:/ac6/systemworkbench/plugins/fr.ac6.mcu.externaltools.arm-none.win32_1.17.0.201812190825/tools/compiler/bin/../lib/gcc/arm-none-eabi/7.3.1/../../../../arm-none-eabi/lib/thumb/v7e-m/fpv4-sp/hard\libc_nano.a(lib_a-mprec.o)
                0x08003b92                _Bfree
 .text.__multadd
                0x08003bc0       0x76 d:/ac6/systemworkbench/plugins/fr.ac6.mcu.externaltools.arm-none.win32_1.17.0.201812190825/tools/compiler/bin/../lib/gcc/arm-none-eabi/7.3.1/../../../../arm-none-eabi/lib/thumb/v7e-m/fpv4-sp/hard\libc_nano.a(lib_a-mprec.o)
                0x08003bc0                __multadd
 .text.__hi0bits
                0x08003c36       0x3e d:/ac6/systemworkbench/plugins/fr.ac6.mcu.externaltools.arm-none.win32_1.17.0.201812190825/tools/compiler/bin/../lib/gcc/arm-none-eabi/7.3.1/../../../../arm-none-eabi/lib/thumb/v7e-m/fpv4-sp/hard\libc_nano.a(lib_a-mprec.o)
                0x08003c36                __hi0bits
 .text.__lo0bits
                0x08003c74       0x5e d:/ac6/systemworkbench/plugins/fr.ac6.mcu.externaltools.arm-none.win32_1.17.0.201812190825/tools/compiler/bin/../lib/gcc/arm-none-eabi/7.3.1/../../../../arm-none-eabi/lib/thumb/v7e-m/fpv4-sp/hard\libc_nano.a(lib_a-mprec.o)
                0x08003c74                __lo0bits
 .text.__i2b    0x08003cd2       0x12 d:/ac6/systemworkbench/plugins/fr.ac6.mcu.externaltools.arm-none.win32_1.17.0.201812190825/tools/compiler/bin/../lib/gcc/arm-none-eabi/7.3.1/../../../../arm-none-eabi/lib/thumb/v7e-m/fpv4-sp/hard\libc_nano.a(lib_a-mprec.o)
                0x08003cd2                __i2b
 .text.__multiply
                0x08003ce4      0x12c d:/ac6/systemworkbench/plugins/fr.ac6.mcu.externaltools.arm-none.win32_1.17.0.201812190825/tools/compiler/bin/../lib/gcc/arm-none-eabi/7.3.1/../../../../arm-none-eabi/lib/thumb/v7e-m/fpv4-sp/hard\libc_nano.a(lib_a-mprec.o)
                0x08003ce4                __multiply
 .text.__pow5mult
                0x08003e10       0x9c d:/ac6/systemworkbench/plugins/fr.ac6.mcu.externaltools.arm-none.win32_1.17.0.201812190825/tools/compiler/bin/../lib/gcc/arm-none-eabi/7.3.1/../../../../arm-none-eabi/lib/thumb/v7e-m/fpv4-sp/hard\libc_nano.a(lib_a-mprec.o)
                0x08003e10                __pow5mult
 .text.__lshift
                0x08003eac       0xa8 d:/ac6/systemworkbench/plugins/fr.ac6.mcu.externaltools.arm-none.win32_1.17.0.201812190825/tools/compiler/bin/../lib/gcc/arm-none-eabi/7.3.1/../../../../arm-none-eabi/lib/thumb/v7e-m/fpv4-sp/hard\libc_nano.a(lib_a-mprec.o)
                0x08003eac                __lshift
 .text.__mcmp   0x08003f54       0x34 d:/ac6/systemworkbench/plugins/fr.ac6.mcu.externaltools.arm-none.win32_1.17.0.201812190825/tools/compiler/bin/../lib/gcc/arm-none-eabi/7.3.1/../../../../arm-none-eabi/lib/thumb/v7e-m/fpv4-sp/hard\libc_nano.a(lib_a-mprec.o)
                0x08003f54                __mcmp
 .text.__mdiff  0x08003f88       0xba d:/ac6/systemworkbench/plugins/fr.ac6.mcu.externaltools.arm-none.win32_1.17.0.201812190825/tools/compiler/bin/../lib/gcc/arm-none-eabi/7.3.1/../../../../arm-none-eabi/lib/thumb/v7e-m/fpv4-sp/hard\libc_nano.a(lib_a-mprec.o)
                0x08003f88                __mdiff
 .text.__d2b    0x08004042       0x9e d:/ac6/systemworkbench/plugins/fr.ac6.mcu.externaltools.arm-none.win32_1.17.0.201812190825/tools/compiler/bin/../lib/gcc/arm-none-eabi/7.3.1/../../../../arm-none-eabi/lib/thumb/v7e-m/fpv4-sp/hard\libc_nano.a(lib_a-mprec.o)
                0x08004042                __d2b
 .text._calloc_r
                0x080040e0       0x1c d:/ac6/systemworkbench/plugins/fr.ac6.mcu.externaltools.arm-none.win32_1.17.0.201812190825/tools/compiler/bin/../lib/gcc/arm-none-eabi/7.3.1/../../../../arm-none-eabi/lib/thumb/v7e-m/fpv4-sp/hard\libc_nano.a(lib_a-nano-callocr.o)
                0x080040e0                _calloc_r
 .text._free_r  0x080040fc       0x9c d:/ac6/systemworkbench/plugins/fr.ac6.mcu.externaltools.arm-none.win32_1.17.0.201812190825/tools/compiler/bin/../lib/gcc/arm-none-eabi/7.3.1/../../../../arm-none-eabi/lib/thumb/v7e-m/fpv4-sp/hard\libc_nano.a(lib_a-nano-freer.o)
                0x080040fc                _free_r
 .text._malloc_r
                0x08004198       0xb4 d:/ac6/systemworkbench/plugins/fr.ac6.mcu.externaltools.arm-none.win32_1.17.0.201812190825/tools/compiler/bin/../lib/gcc/arm-none-eabi/7.3.1/../../../../arm-none-eabi/lib/thumb/v7e-m/fpv4-sp/hard\libc_nano.a(lib_a-nano-mallocr.o)
                0x08004198                _malloc_r
 .text.__ssputs_r
                0x0800424c       0xb4 d:/ac6/systemworkbench/plugins/fr.ac6.mcu.externaltools.arm-none.win32_1.17.0.201812190825/tools/compiler/bin/../lib/gcc/arm-none-eabi/7.3.1/../../../../arm-none-eabi/lib/thumb/v7e-m/fpv4-sp/hard\libc_nano.a(lib_a-nano-svfprintf.o)
                0x0800424c                __ssputs_r
 .text._svfprintf_r
                0x08004300      0x1f0 d:/ac6/systemworkbench/plugins/fr.ac6.mcu.externaltools.arm-none.win32_1.17.0.201812190825/tools/compiler/bin/../lib/gcc/arm-none-eabi/7.3.1/../../../../arm-none-eabi/lib/thumb/v7e-m/fpv4-sp/hard\libc_nano.a(lib_a-nano-svfprintf.o)
                0x08004300                _svfiprintf_r
                0x08004300                _svfprintf_r
 .text._sbrk_r  0x080044f0       0x20 d:/ac6/systemworkbench/plugins/fr.ac6.mcu.externaltools.arm-none.win32_1.17.0.201812190825/tools/compiler/bin/../lib/gcc/arm-none-eabi/7.3.1/../../../../arm-none-eabi/lib/thumb/v7e-m/fpv4-sp/hard\libc_nano.a(lib_a-sbrkr.o)
                0x080044f0                _sbrk_r
 .text.__ascii_mbtowc
                0x08004510       0x24 d:/ac6/systemworkbench/plugins/fr.ac6.mcu.externaltools.arm-none.win32_1.17.0.201812190825/tools/compiler/bin/../lib/gcc/arm-none-eabi/7.3.1/../../../../arm-none-eabi/lib/thumb/v7e-m/fpv4-sp/hard\libc_nano.a(lib_a-mbtowc_r.o)
                0x08004510                __ascii_mbtowc
 .text.memmove  0x08004534       0x32 d:/ac6/systemworkbench/plugins/fr.ac6.mcu.externaltools.arm-none.win32_1.17.0.201812190825/tools/compiler/bin/../lib/gcc/arm-none-eabi/7.3.1/../../../../arm-none-eabi/lib/thumb/v7e-m/fpv4-sp/hard\libc_nano.a(lib_a-memmove.o)
                0x08004534                memmove
 .text.__malloc_lock
                0x08004566        0x2 d:/ac6/systemworkbench/plugins/fr.ac6.mcu.externaltools.arm-none.win32_1.17.0.201812190825/tools/compiler/bin/../lib/gcc/arm-none-eabi/7.3.1/../../../../arm-none-eabi/lib/thumb/v7e-m/fpv4-sp/hard\libc_nano.a(lib_a-mlock.o)
                0x08004566                __malloc_lock
 .text.__malloc_unlock
                0x08004568        0x2 d:/ac6/systemworkbench/plugins/fr.ac6.mcu.externaltools.arm-none.win32_1.17.0.201812190825/tools/compiler/bin/../lib/gcc/arm-none-eabi/7.3.1/../../../../arm-none-eabi/lib/thumb/v7e-m/fpv4-sp/hard\libc_nano.a(lib_a-mlock.o)
                0x08004568                __malloc_unlock
 .text._realloc_r
                0x0800456a       0x4c d:/ac6/systemworkbench/plugins/fr.ac6.mcu.externaltools.arm-none.win32_1.17.0.201812190825/tools/compiler/bin/../lib/gcc/arm-none-eabi/7.3.1/../../../../arm-none-eabi/lib/thumb/v7e-m/fpv4-sp/hard\libc_nano.a(lib_a-nano-reallocr.o)
                0x0800456a                _realloc_r
 .text.__ascii_wctomb
                0x080045b6       0x1a d:/ac6/systemworkbench/plugins/fr.ac6.mcu.externaltools.arm-none.win32_1.17.0.201812190825/tools/compiler/bin/../lib/gcc/arm-none-eabi/7.3.1/../../../../arm-none-eabi/lib/thumb/v7e-m/fpv4-sp/hard\libc_nano.a(lib_a-wctomb_r.o)
                0x080045b6                __ascii_wctomb
 .text._malloc_usable_size_r
                0x080045d0       0x10 d:/ac6/systemworkbench/plugins/fr.ac6.mcu.externaltools.arm-none.win32_1.17.0.201812190825/tools/compiler/bin/../lib/gcc/arm-none-eabi/7.3.1/../../../../arm-none-eabi/lib/thumb/v7e-m/fpv4-sp/hard\libc_nano.a(lib_a-nano-msizer.o)
                0x080045d0                _malloc_usable_size_r
 *(.glue_7)
 .glue_7        0x080045e0        0x0 linker stubs
 *(.glue_7t)
 .glue_7t       0x080045e0        0x0 linker stubs
 *(.eh_frame)
 .eh_frame      0x080045e0        0x0 d:/ac6/systemworkbench/plugins/fr.ac6.mcu.externaltools.arm-none.win32_1.17.0.201812190825/tools/compiler/bin/../lib/gcc/arm-none-eabi/7.3.1/thumb/v7e-m/fpv4-sp/hard/crtbegin.o
 *(.init)
 .init          0x080045e0        0x4 d:/ac6/systemworkbench/plugins/fr.ac6.mcu.externaltools.arm-none.win32_1.17.0.201812190825/tools/compiler/bin/../lib/gcc/arm-none-eabi/7.3.1/thumb/v7e-m/fpv4-sp/hard/crti.o
                0x080045e0                _init
 .init          0x080045e4        0x8 d:/ac6/systemworkbench/plugins/fr.ac6.mcu.externaltools.arm-none.win32_1.17.0.201812190825/tools/compiler/bin/../lib/gcc/arm-none-eabi/7.3.1/thumb/v7e-m/fpv4-sp/hard/crtn.o
 *(.fini)
 .fini          0x080045ec        0x4 d:/ac6/systemworkbench/plugins/fr.ac6.mcu.externaltools.arm-none.win32_1.17.0.201812190825/tools/compiler/bin/../lib/gcc/arm-none-eabi/7.3.1/thumb/v7e-m/fpv4-sp/hard/crti.o
                0x080045ec                _fini
 .fini          0x080045f0        0x8 d:/ac6/systemworkbench/plugins/fr.ac6.mcu.externaltools.arm-none.win32_1.17.0.201812190825/tools/compiler/bin/../lib/gcc/arm-none-eabi/7.3.1/thumb/v7e-m/fpv4-sp/hard/crtn.o
                0x080045f8                . = ALIGN (0x4)
                0x080045f8                _etext = .

.vfp11_veneer   0x080045f8        0x0
 .vfp11_veneer  0x080045f8        0x0 linker stubs

.v4_bx          0x080045f8        0x0
 .v4_bx         0x080045f8        0x0 linker stubs

.iplt           0x080045f8        0x0
 .iplt          0x080045f8        0x0 d:/ac6/systemworkbench/plugins/fr.ac6.mcu.externaltools.arm-none.win32_1.17.0.201812190825/tools/compiler/bin/../lib/gcc/arm-none-eabi/7.3.1/thumb/v7e-m/fpv4-sp/hard/crtbegin.o

.rodata         0x080045f8      0x290
                0x080045f8                . = ALIGN (0x4)
 *(.rodata)
 .rodata        0x080045f8       0x18 Src/system_stm32f4xx.o
                0x080045f8                AHBPrescTable
                0x08004608                APBPrescTable
 *(.rodata*)
 .rodata.str1.4
                0x08004610       0x18 Src/main.o
                                 0x17 (size before relaxing)
 .rodata._printf_float.str1.1
                0x08004628       0x12 d:/ac6/systemworkbench/plugins/fr.ac6.mcu.externaltools.arm-none.win32_1.17.0.201812190825/tools/compiler/bin/../lib/gcc/arm-none-eabi/7.3.1/../../../../arm-none-eabi/lib/thumb/v7e-m/fpv4-sp/hard\libc_nano.a(lib_a-nano-vfprintf_float.o)
 .rodata._printf_i.str1.1
                0x0800463a       0x22 d:/ac6/systemworkbench/plugins/fr.ac6.mcu.externaltools.arm-none.win32_1.17.0.201812190825/tools/compiler/bin/../lib/gcc/arm-none-eabi/7.3.1/../../../../arm-none-eabi/lib/thumb/v7e-m/fpv4-sp/hard\libc_nano.a(lib_a-nano-vfprintf_i.o)
 .rodata._dtoa_r.str1.1
                0x0800465c        0xd d:/ac6/systemworkbench/plugins/fr.ac6.mcu.externaltools.arm-none.win32_1.17.0.201812190825/tools/compiler/bin/../lib/gcc/arm-none-eabi/7.3.1/../../../../arm-none-eabi/lib/thumb/v7e-m/fpv4-sp/hard\libc_nano.a(lib_a-dtoa.o)
                                  0xf (size before relaxing)
 *fill*         0x08004669        0x7 
 .rodata.__mprec_bigtens
                0x08004670       0x28 d:/ac6/systemworkbench/plugins/fr.ac6.mcu.externaltools.arm-none.win32_1.17.0.201812190825/tools/compiler/bin/../lib/gcc/arm-none-eabi/7.3.1/../../../../arm-none-eabi/lib/thumb/v7e-m/fpv4-sp/hard\libc_nano.a(lib_a-mprec.o)
                0x08004670                __mprec_bigtens
 .rodata.__mprec_tens
                0x08004698       0xc8 d:/ac6/systemworkbench/plugins/fr.ac6.mcu.externaltools.arm-none.win32_1.17.0.201812190825/tools/compiler/bin/../lib/gcc/arm-none-eabi/7.3.1/../../../../arm-none-eabi/lib/thumb/v7e-m/fpv4-sp/hard\libc_nano.a(lib_a-mprec.o)
                0x08004698                __mprec_tens
 .rodata.p05.7359
                0x08004760        0xc d:/ac6/systemworkbench/plugins/fr.ac6.mcu.externaltools.arm-none.win32_1.17.0.201812190825/tools/compiler/bin/../lib/gcc/arm-none-eabi/7.3.1/../../../../arm-none-eabi/lib/thumb/v7e-m/fpv4-sp/hard\libc_nano.a(lib_a-mprec.o)
 .rodata._svfprintf_r.str1.1
                0x0800476c       0x11 d:/ac6/systemworkbench/plugins/fr.ac6.mcu.externaltools.arm-none.win32_1.17.0.201812190825/tools/compiler/bin/../lib/gcc/arm-none-eabi/7.3.1/../../../../arm-none-eabi/lib/thumb/v7e-m/fpv4-sp/hard\libc_nano.a(lib_a-nano-svfprintf.o)
 .rodata._setlocale_r.str1.1
                0x0800477d        0x8 d:/ac6/systemworkbench/plugins/fr.ac6.mcu.externaltools.arm-none.win32_1.17.0.201812190825/tools/compiler/bin/../lib/gcc/arm-none-eabi/7.3.1/../../../../arm-none-eabi/lib/thumb/v7e-m/fpv4-sp/hard\libc_nano.a(lib_a-locale.o)
                                  0x9 (size before relaxing)
 .rodata.str1.1
                0x08004785        0x2 d:/ac6/systemworkbench/plugins/fr.ac6.mcu.externaltools.arm-none.win32_1.17.0.201812190825/tools/compiler/bin/../lib/gcc/arm-none-eabi/7.3.1/../../../../arm-none-eabi/lib/thumb/v7e-m/fpv4-sp/hard\libc_nano.a(lib_a-locale.o)
 .rodata._ctype_
                0x08004787      0x101 d:/ac6/systemworkbench/plugins/fr.ac6.mcu.externaltools.arm-none.win32_1.17.0.201812190825/tools/compiler/bin/../lib/gcc/arm-none-eabi/7.3.1/../../../../arm-none-eabi/lib/thumb/v7e-m/fpv4-sp/hard\libc_nano.a(lib_a-ctype_.o)
                0x08004787                _ctype_
                0x08004888                . = ALIGN (0x4)

.ARM.extab
 *(.ARM.extab* .gnu.linkonce.armextab.*)

.ARM            0x08004888        0x8
                0x08004888                __exidx_start = .
 *(.ARM.exidx*)
 .ARM.exidx     0x08004888        0x8 d:/ac6/systemworkbench/plugins/fr.ac6.mcu.externaltools.arm-none.win32_1.17.0.201812190825/tools/compiler/bin/../lib/gcc/arm-none-eabi/7.3.1/thumb/v7e-m/fpv4-sp/hard\libgcc.a(_udivmoddi4.o)
                0x08004890                __exidx_end = .

.rel.dyn        0x08004890        0x0
 .rel.iplt      0x08004890        0x0 d:/ac6/systemworkbench/plugins/fr.ac6.mcu.externaltools.arm-none.win32_1.17.0.201812190825/tools/compiler/bin/../lib/gcc/arm-none-eabi/7.3.1/thumb/v7e-m/fpv4-sp/hard/crtbegin.o

.preinit_array  0x08004890        0x0
                0x08004890                PROVIDE (__preinit_array_start = .)
 *(.preinit_array*)
                0x08004890                PROVIDE (__preinit_array_end = .)

.init_array     0x08004890        0x4
                0x08004890                PROVIDE (__init_array_start = .)
 *(SORT_BY_NAME(.init_array.*))
 *(.init_array*)
 .init_array    0x08004890        0x4 d:/ac6/systemworkbench/plugins/fr.ac6.mcu.externaltools.arm-none.win32_1.17.0.201812190825/tools/compiler/bin/../lib/gcc/arm-none-eabi/7.3.1/thumb/v7e-m/fpv4-sp/hard/crtbegin.o
                0x08004894                PROVIDE (__init_array_end = .)

.fini_array     0x08004894        0x4
                [!provide]                PROVIDE (__fini_array_start = .)
 *(SORT_BY_NAME(.fini_array.*))
 *(.fini_array*)
 .fini_array    0x08004894        0x4 d:/ac6/systemworkbench/plugins/fr.ac6.mcu.externaltools.arm-none.win32_1.17.0.201812190825/tools/compiler/bin/../lib/gcc/arm-none-eabi/7.3.1/thumb/v7e-m/fpv4-sp/hard/crtbegin.o
                [!provide]                PROVIDE (__fini_array_end = .)
                0x08004898                _sidata = LOADADDR (.data)

.data           0x20000000      0x1dc load address 0x08004898
                0x20000000                . = ALIGN (0x4)
                0x20000000                _sdata = .
 *(.data)
 .data          0x20000000        0x8 Drivers/STM32F4xx_HAL_Driver/Src/stm32f4xx_hal.o
                0x20000000                uwTickFreq
                0x20000004                uwTickPrio
 .data          0x20000008        0x4 Src/system_stm32f4xx.o
                0x20000008                SystemCoreClock
 *(.data*)
 .data._impure_ptr
                0x2000000c        0x4 d:/ac6/systemworkbench/plugins/fr.ac6.mcu.externaltools.arm-none.win32_1.17.0.201812190825/tools/compiler/bin/../lib/gcc/arm-none-eabi/7.3.1/../../../../arm-none-eabi/lib/thumb/v7e-m/fpv4-sp/hard\libc_nano.a(lib_a-impure.o)
                0x2000000c                _impure_ptr
 .data.impure_data
                0x20000010       0x60 d:/ac6/systemworkbench/plugins/fr.ac6.mcu.externaltools.arm-none.win32_1.17.0.201812190825/tools/compiler/bin/../lib/gcc/arm-none-eabi/7.3.1/../../../../arm-none-eabi/lib/thumb/v7e-m/fpv4-sp/hard\libc_nano.a(lib_a-impure.o)
 .data.__global_locale
                0x20000070      0x16c d:/ac6/systemworkbench/plugins/fr.ac6.mcu.externaltools.arm-none.win32_1.17.0.201812190825/tools/compiler/bin/../lib/gcc/arm-none-eabi/7.3.1/../../../../arm-none-eabi/lib/thumb/v7e-m/fpv4-sp/hard\libc_nano.a(lib_a-locale.o)
                0x20000070                __global_locale
                0x200001dc                . = ALIGN (0x4)
                0x200001dc                _edata = .

.igot.plt       0x200001dc        0x0 load address 0x08004a74
 .igot.plt      0x200001dc        0x0 d:/ac6/systemworkbench/plugins/fr.ac6.mcu.externaltools.arm-none.win32_1.17.0.201812190825/tools/compiler/bin/../lib/gcc/arm-none-eabi/7.3.1/thumb/v7e-m/fpv4-sp/hard/crtbegin.o
                0x200001dc                . = ALIGN (0x4)

.bss            0x200001dc      0x11c load address 0x08004a74
                0x200001dc                _sbss = .
                0x200001dc                __bss_start__ = _sbss
 *(.bss)
 .bss           0x200001dc       0x1c d:/ac6/systemworkbench/plugins/fr.ac6.mcu.externaltools.arm-none.win32_1.17.0.201812190825/tools/compiler/bin/../lib/gcc/arm-none-eabi/7.3.1/thumb/v7e-m/fpv4-sp/hard/crtbegin.o
 .bss           0x200001f8        0x8 Src/syscalls.o
                0x200001fc                __env
 *(.bss*)
 .bss.__malloc_free_list
                0x20000200        0x4 d:/ac6/systemworkbench/plugins/fr.ac6.mcu.externaltools.arm-none.win32_1.17.0.201812190825/tools/compiler/bin/../lib/gcc/arm-none-eabi/7.3.1/../../../../arm-none-eabi/lib/thumb/v7e-m/fpv4-sp/hard\libc_nano.a(lib_a-nano-mallocr.o)
                0x20000200                __malloc_free_list
 .bss.__malloc_sbrk_start
                0x20000204        0x4 d:/ac6/systemworkbench/plugins/fr.ac6.mcu.externaltools.arm-none.win32_1.17.0.201812190825/tools/compiler/bin/../lib/gcc/arm-none-eabi/7.3.1/../../../../arm-none-eabi/lib/thumb/v7e-m/fpv4-sp/hard\libc_nano.a(lib_a-nano-mallocr.o)
                0x20000204                __malloc_sbrk_start
 *(COMMON)
 COMMON         0x20000208        0x4 Drivers/STM32F4xx_HAL_Driver/Src/stm32f4xx_hal.o
                0x20000208                uwTick
 COMMON         0x2000020c       0xe8 Src/main.o
                0x2000020c                htim4
                0x2000024c                distance
                0x20000250                huart2
                0x20000290                uartBuffer
 COMMON         0x200002f4        0x4 d:/ac6/systemworkbench/plugins/fr.ac6.mcu.externaltools.arm-none.win32_1.17.0.201812190825/tools/compiler/bin/../lib/gcc/arm-none-eabi/7.3.1/../../../../arm-none-eabi/lib/thumb/v7e-m/fpv4-sp/hard\libc_nano.a(lib_a-reent.o)
                0x200002f4                errno
                0x200002f8                . = ALIGN (0x4)
                0x200002f8                _ebss = .
                0x200002f8                __bss_end__ = _ebss

._user_heap_stack
                0x200002f8      0x600 load address 0x08004a74
                0x200002f8                . = ALIGN (0x8)
                0x200002f8                PROVIDE (end = .)
                [!provide]                PROVIDE (_end = .)
                0x200004f8                . = (. + _Min_Heap_Size)
 *fill*         0x200002f8      0x200 
                0x200008f8                . = (. + _Min_Stack_Size)
 *fill*         0x200004f8      0x400 
                0x200008f8                . = ALIGN (0x8)

/DISCARD/
 libc.a(*)
 libm.a(*)
 libgcc.a(*)

.ARM.attributes
                0x00000000       0x30
 *(.ARM.attributes)
 .ARM.attributes
                0x00000000       0x22 d:/ac6/systemworkbench/plugins/fr.ac6.mcu.externaltools.arm-none.win32_1.17.0.201812190825/tools/compiler/bin/../lib/gcc/arm-none-eabi/7.3.1/thumb/v7e-m/fpv4-sp/hard/crti.o
 .ARM.attributes
                0x00000022       0x34 d:/ac6/systemworkbench/plugins/fr.ac6.mcu.externaltools.arm-none.win32_1.17.0.201812190825/tools/compiler/bin/../lib/gcc/arm-none-eabi/7.3.1/thumb/v7e-m/fpv4-sp/hard/crtbegin.o
 .ARM.attributes
                0x00000056       0x39 Drivers/STM32F4xx_HAL_Driver/Src/stm32f4xx_hal.o
 .ARM.attributes
                0x0000008f       0x39 Drivers/STM32F4xx_HAL_Driver/Src/stm32f4xx_hal_cortex.o
 .ARM.attributes
                0x000000c8       0x39 Drivers/STM32F4xx_HAL_Driver/Src/stm32f4xx_hal_gpio.o
 .ARM.attributes
                0x00000101       0x39 Drivers/STM32F4xx_HAL_Driver/Src/stm32f4xx_hal_rcc.o
 .ARM.attributes
                0x0000013a       0x39 Drivers/STM32F4xx_HAL_Driver/Src/stm32f4xx_hal_tim.o
 .ARM.attributes
                0x00000173       0x39 Drivers/STM32F4xx_HAL_Driver/Src/stm32f4xx_hal_tim_ex.o
 .ARM.attributes
                0x000001ac       0x39 Drivers/STM32F4xx_HAL_Driver/Src/stm32f4xx_hal_uart.o
 .ARM.attributes
                0x000001e5       0x39 Src/main.o
 .ARM.attributes
                0x0000021e       0x39 Src/stm32f4xx_hal_msp.o
 .ARM.attributes
                0x00000257       0x39 Src/stm32f4xx_it.o
 .ARM.attributes
                0x00000290       0x39 Src/syscalls.o
 .ARM.attributes
                0x000002c9       0x39 Src/system_stm32f4xx.o
 .ARM.attributes
                0x00000302       0x21 startup/startup_stm32f411xe.o
 .ARM.attributes
                0x00000323       0x22 d:/ac6/systemworkbench/plugins/fr.ac6.mcu.externaltools.arm-none.win32_1.17.0.201812190825/tools/compiler/bin/../lib/gcc/arm-none-eabi/7.3.1/thumb/v7e-m/fpv4-sp/hard\libgcc.a(_arm_addsubdf3.o)
 .ARM.attributes
                0x00000345       0x22 d:/ac6/systemworkbench/plugins/fr.ac6.mcu.externaltools.arm-none.win32_1.17.0.201812190825/tools/compiler/bin/../lib/gcc/arm-none-eabi/7.3.1/thumb/v7e-m/fpv4-sp/hard\libgcc.a(_arm_muldivdf3.o)
 .ARM.attributes
                0x00000367       0x22 d:/ac6/systemworkbench/plugins/fr.ac6.mcu.externaltools.arm-none.win32_1.17.0.201812190825/tools/compiler/bin/../lib/gcc/arm-none-eabi/7.3.1/thumb/v7e-m/fpv4-sp/hard\libgcc.a(_arm_truncdfsf2.o)
 .ARM.attributes
                0x00000389       0x22 d:/ac6/systemworkbench/plugins/fr.ac6.mcu.externaltools.arm-none.win32_1.17.0.201812190825/tools/compiler/bin/../lib/gcc/arm-none-eabi/7.3.1/thumb/v7e-m/fpv4-sp/hard\libgcc.a(_aeabi_uldivmod.o)
 .ARM.attributes
                0x000003ab       0x34 d:/ac6/systemworkbench/plugins/fr.ac6.mcu.externaltools.arm-none.win32_1.17.0.201812190825/tools/compiler/bin/../lib/gcc/arm-none-eabi/7.3.1/thumb/v7e-m/fpv4-sp/hard\libgcc.a(_udivmoddi4.o)
 .ARM.attributes
                0x000003df       0x22 d:/ac6/systemworkbench/plugins/fr.ac6.mcu.externaltools.arm-none.win32_1.17.0.201812190825/tools/compiler/bin/../lib/gcc/arm-none-eabi/7.3.1/thumb/v7e-m/fpv4-sp/hard\libgcc.a(_dvmd_tls.o)
 .ARM.attributes
                0x00000401       0x34 d:/ac6/systemworkbench/plugins/fr.ac6.mcu.externaltools.arm-none.win32_1.17.0.201812190825/tools/compiler/bin/../lib/gcc/arm-none-eabi/7.3.1/../../../../arm-none-eabi/lib/thumb/v7e-m/fpv4-sp/hard\libc_nano.a(lib_a-errno.o)
 .ARM.attributes
                0x00000435       0x34 d:/ac6/systemworkbench/plugins/fr.ac6.mcu.externaltools.arm-none.win32_1.17.0.201812190825/tools/compiler/bin/../lib/gcc/arm-none-eabi/7.3.1/../../../../arm-none-eabi/lib/thumb/v7e-m/fpv4-sp/hard\libc_nano.a(lib_a-impure.o)
 .ARM.attributes
                0x00000469       0x34 d:/ac6/systemworkbench/plugins/fr.ac6.mcu.externaltools.arm-none.win32_1.17.0.201812190825/tools/compiler/bin/../lib/gcc/arm-none-eabi/7.3.1/../../../../arm-none-eabi/lib/thumb/v7e-m/fpv4-sp/hard\libc_nano.a(lib_a-init.o)
 .ARM.attributes
                0x0000049d       0x34 d:/ac6/systemworkbench/plugins/fr.ac6.mcu.externaltools.arm-none.win32_1.17.0.201812190825/tools/compiler/bin/../lib/gcc/arm-none-eabi/7.3.1/../../../../arm-none-eabi/lib/thumb/v7e-m/fpv4-sp/hard\libc_nano.a(lib_a-memset.o)
 .ARM.attributes
                0x000004d1       0x34 d:/ac6/systemworkbench/plugins/fr.ac6.mcu.externaltools.arm-none.win32_1.17.0.201812190825/tools/compiler/bin/../lib/gcc/arm-none-eabi/7.3.1/../../../../arm-none-eabi/lib/thumb/v7e-m/fpv4-sp/hard\libc_nano.a(lib_a-nano-vfprintf_float.o)
 .ARM.attributes
                0x00000505       0x34 d:/ac6/systemworkbench/plugins/fr.ac6.mcu.externaltools.arm-none.win32_1.17.0.201812190825/tools/compiler/bin/../lib/gcc/arm-none-eabi/7.3.1/../../../../arm-none-eabi/lib/thumb/v7e-m/fpv4-sp/hard\libc_nano.a(lib_a-nano-vfprintf_i.o)
 .ARM.attributes
                0x00000539       0x34 d:/ac6/systemworkbench/plugins/fr.ac6.mcu.externaltools.arm-none.win32_1.17.0.201812190825/tools/compiler/bin/../lib/gcc/arm-none-eabi/7.3.1/../../../../arm-none-eabi/lib/thumb/v7e-m/fpv4-sp/hard\libc_nano.a(lib_a-sprintf.o)
 .ARM.attributes
                0x0000056d       0x1b d:/ac6/systemworkbench/plugins/fr.ac6.mcu.externaltools.arm-none.win32_1.17.0.201812190825/tools/compiler/bin/../lib/gcc/arm-none-eabi/7.3.1/../../../../arm-none-eabi/lib/thumb/v7e-m/fpv4-sp/hard\libc_nano.a(lib_a-strlen.o)
 .ARM.attributes
                0x00000588       0x34 d:/ac6/systemworkbench/plugins/fr.ac6.mcu.externaltools.arm-none.win32_1.17.0.201812190825/tools/compiler/bin/../lib/gcc/arm-none-eabi/7.3.1/../../../../arm-none-eabi/lib/thumb/v7e-m/fpv4-sp/hard\libc_nano.a(lib_a-dtoa.o)
 .ARM.attributes
                0x000005bc       0x34 d:/ac6/systemworkbench/plugins/fr.ac6.mcu.externaltools.arm-none.win32_1.17.0.201812190825/tools/compiler/bin/../lib/gcc/arm-none-eabi/7.3.1/../../../../arm-none-eabi/lib/thumb/v7e-m/fpv4-sp/hard\libc_nano.a(lib_a-localeconv.o)
 .ARM.attributes
                0x000005f0       0x34 d:/ac6/systemworkbench/plugins/fr.ac6.mcu.externaltools.arm-none.win32_1.17.0.201812190825/tools/compiler/bin/../lib/gcc/arm-none-eabi/7.3.1/../../../../arm-none-eabi/lib/thumb/v7e-m/fpv4-sp/hard\libc_nano.a(lib_a-malloc.o)
 .ARM.attributes
                0x00000624       0x20 d:/ac6/systemworkbench/plugins/fr.ac6.mcu.externaltools.arm-none.win32_1.17.0.201812190825/tools/compiler/bin/../lib/gcc/arm-none-eabi/7.3.1/../../../../arm-none-eabi/lib/thumb/v7e-m/fpv4-sp/hard\libc_nano.a(lib_a-memchr.o)
 .ARM.attributes
                0x00000644       0x34 d:/ac6/systemworkbench/plugins/fr.ac6.mcu.externaltools.arm-none.win32_1.17.0.201812190825/tools/compiler/bin/../lib/gcc/arm-none-eabi/7.3.1/../../../../arm-none-eabi/lib/thumb/v7e-m/fpv4-sp/hard\libc_nano.a(lib_a-memcpy-stub.o)
 .ARM.attributes
                0x00000678       0x34 d:/ac6/systemworkbench/plugins/fr.ac6.mcu.externaltools.arm-none.win32_1.17.0.201812190825/tools/compiler/bin/../lib/gcc/arm-none-eabi/7.3.1/../../../../arm-none-eabi/lib/thumb/v7e-m/fpv4-sp/hard\libc_nano.a(lib_a-mprec.o)
 .ARM.attributes
                0x000006ac       0x34 d:/ac6/systemworkbench/plugins/fr.ac6.mcu.externaltools.arm-none.win32_1.17.0.201812190825/tools/compiler/bin/../lib/gcc/arm-none-eabi/7.3.1/../../../../arm-none-eabi/lib/thumb/v7e-m/fpv4-sp/hard\libc_nano.a(lib_a-nano-callocr.o)
 .ARM.attributes
                0x000006e0       0x34 d:/ac6/systemworkbench/plugins/fr.ac6.mcu.externaltools.arm-none.win32_1.17.0.201812190825/tools/compiler/bin/../lib/gcc/arm-none-eabi/7.3.1/../../../../arm-none-eabi/lib/thumb/v7e-m/fpv4-sp/hard\libc_nano.a(lib_a-nano-freer.o)
 .ARM.attributes
                0x00000714       0x34 d:/ac6/systemworkbench/plugins/fr.ac6.mcu.externaltools.arm-none.win32_1.17.0.201812190825/tools/compiler/bin/../lib/gcc/arm-none-eabi/7.3.1/../../../../arm-none-eabi/lib/thumb/v7e-m/fpv4-sp/hard\libc_nano.a(lib_a-nano-mallocr.o)
 .ARM.attributes
                0x00000748       0x34 d:/ac6/systemworkbench/plugins/fr.ac6.mcu.externaltools.arm-none.win32_1.17.0.201812190825/tools/compiler/bin/../lib/gcc/arm-none-eabi/7.3.1/../../../../arm-none-eabi/lib/thumb/v7e-m/fpv4-sp/hard\libc_nano.a(lib_a-nano-svfprintf.o)
 .ARM.attributes
                0x0000077c       0x34 d:/ac6/systemworkbench/plugins/fr.ac6.mcu.externaltools.arm-none.win32_1.17.0.201812190825/tools/compiler/bin/../lib/gcc/arm-none-eabi/7.3.1/../../../../arm-none-eabi/lib/thumb/v7e-m/fpv4-sp/hard\libc_nano.a(lib_a-sbrkr.o)
 .ARM.attributes
                0x000007b0       0x34 d:/ac6/systemworkbench/plugins/fr.ac6.mcu.externaltools.arm-none.win32_1.17.0.201812190825/tools/compiler/bin/../lib/gcc/arm-none-eabi/7.3.1/../../../../arm-none-eabi/lib/thumb/v7e-m/fpv4-sp/hard\libc_nano.a(lib_a-locale.o)
 .ARM.attributes
                0x000007e4       0x34 d:/ac6/systemworkbench/plugins/fr.ac6.mcu.externaltools.arm-none.win32_1.17.0.201812190825/tools/compiler/bin/../lib/gcc/arm-none-eabi/7.3.1/../../../../arm-none-eabi/lib/thumb/v7e-m/fpv4-sp/hard\libc_nano.a(lib_a-mbtowc_r.o)
 .ARM.attributes
                0x00000818       0x34 d:/ac6/systemworkbench/plugins/fr.ac6.mcu.externaltools.arm-none.win32_1.17.0.201812190825/tools/compiler/bin/../lib/gcc/arm-none-eabi/7.3.1/../../../../arm-none-eabi/lib/thumb/v7e-m/fpv4-sp/hard\libc_nano.a(lib_a-memmove.o)
 .ARM.attributes
                0x0000084c       0x34 d:/ac6/systemworkbench/plugins/fr.ac6.mcu.externaltools.arm-none.win32_1.17.0.201812190825/tools/compiler/bin/../lib/gcc/arm-none-eabi/7.3.1/../../../../arm-none-eabi/lib/thumb/v7e-m/fpv4-sp/hard\libc_nano.a(lib_a-mlock.o)
 .ARM.attributes
                0x00000880       0x34 d:/ac6/systemworkbench/plugins/fr.ac6.mcu.externaltools.arm-none.win32_1.17.0.201812190825/tools/compiler/bin/../lib/gcc/arm-none-eabi/7.3.1/../../../../arm-none-eabi/lib/thumb/v7e-m/fpv4-sp/hard\libc_nano.a(lib_a-nano-reallocr.o)
 .ARM.attributes
                0x000008b4       0x34 d:/ac6/systemworkbench/plugins/fr.ac6.mcu.externaltools.arm-none.win32_1.17.0.201812190825/tools/compiler/bin/../lib/gcc/arm-none-eabi/7.3.1/../../../../arm-none-eabi/lib/thumb/v7e-m/fpv4-sp/hard\libc_nano.a(lib_a-reent.o)
 .ARM.attributes
                0x000008e8       0x34 d:/ac6/systemworkbench/plugins/fr.ac6.mcu.externaltools.arm-none.win32_1.17.0.201812190825/tools/compiler/bin/../lib/gcc/arm-none-eabi/7.3.1/../../../../arm-none-eabi/lib/thumb/v7e-m/fpv4-sp/hard\libc_nano.a(lib_a-wctomb_r.o)
 .ARM.attributes
                0x0000091c       0x34 d:/ac6/systemworkbench/plugins/fr.ac6.mcu.externaltools.arm-none.win32_1.17.0.201812190825/tools/compiler/bin/../lib/gcc/arm-none-eabi/7.3.1/../../../../arm-none-eabi/lib/thumb/v7e-m/fpv4-sp/hard\libc_nano.a(lib_a-ctype_.o)
 .ARM.attributes
                0x00000950       0x34 d:/ac6/systemworkbench/plugins/fr.ac6.mcu.externaltools.arm-none.win32_1.17.0.201812190825/tools/compiler/bin/../lib/gcc/arm-none-eabi/7.3.1/../../../../arm-none-eabi/lib/thumb/v7e-m/fpv4-sp/hard\libc_nano.a(lib_a-nano-msizer.o)
 .ARM.attributes
                0x00000984       0x22 d:/ac6/systemworkbench/plugins/fr.ac6.mcu.externaltools.arm-none.win32_1.17.0.201812190825/tools/compiler/bin/../lib/gcc/arm-none-eabi/7.3.1/thumb/v7e-m/fpv4-sp/hard\libgcc.a(_arm_cmpdf2.o)
 .ARM.attributes
                0x000009a6       0x22 d:/ac6/systemworkbench/plugins/fr.ac6.mcu.externaltools.arm-none.win32_1.17.0.201812190825/tools/compiler/bin/../lib/gcc/arm-none-eabi/7.3.1/thumb/v7e-m/fpv4-sp/hard\libgcc.a(_arm_unorddf2.o)
 .ARM.attributes
                0x000009c8       0x22 d:/ac6/systemworkbench/plugins/fr.ac6.mcu.externaltools.arm-none.win32_1.17.0.201812190825/tools/compiler/bin/../lib/gcc/arm-none-eabi/7.3.1/thumb/v7e-m/fpv4-sp/hard\libgcc.a(_arm_fixdfsi.o)
 .ARM.attributes
                0x000009ea       0x22 d:/ac6/systemworkbench/plugins/fr.ac6.mcu.externaltools.arm-none.win32_1.17.0.201812190825/tools/compiler/bin/../lib/gcc/arm-none-eabi/7.3.1/thumb/v7e-m/fpv4-sp/hard/crtn.o
OUTPUT(Project_Ultrasonic.elf elf32-littlearm)

.debug_info     0x00000000     0xc4fb
 .debug_info    0x00000000      0x960 Drivers/STM32F4xx_HAL_Driver/Src/stm32f4xx_hal.o
 .debug_info    0x00000960      0xeaa Drivers/STM32F4xx_HAL_Driver/Src/stm32f4xx_hal_cortex.o
 .debug_info    0x0000180a      0x798 Drivers/STM32F4xx_HAL_Driver/Src/stm32f4xx_hal_gpio.o
 .debug_info    0x00001fa2      0xa63 Drivers/STM32F4xx_HAL_Driver/Src/stm32f4xx_hal_rcc.o
 .debug_info    0x00002a05     0x3180 Drivers/STM32F4xx_HAL_Driver/Src/stm32f4xx_hal_tim.o
 .debug_info    0x00005b85     0x148f Drivers/STM32F4xx_HAL_Driver/Src/stm32f4xx_hal_tim_ex.o
 .debug_info    0x00007014     0x1728 Drivers/STM32F4xx_HAL_Driver/Src/stm32f4xx_hal_uart.o
 .debug_info    0x0000873c     0x1a76 Src/main.o
 .debug_info    0x0000a1b2      0xc57 Src/stm32f4xx_hal_msp.o
 .debug_info    0x0000ae09      0x1cc Src/stm32f4xx_it.o
 .debug_info    0x0000afd5      0xfd3 Src/syscalls.o
 .debug_info    0x0000bfa8      0x531 Src/system_stm32f4xx.o
 .debug_info    0x0000c4d9       0x22 startup/startup_stm32f411xe.o

.debug_abbrev   0x00000000     0x1a78
 .debug_abbrev  0x00000000      0x21c Drivers/STM32F4xx_HAL_Driver/Src/stm32f4xx_hal.o
 .debug_abbrev  0x0000021c      0x328 Drivers/STM32F4xx_HAL_Driver/Src/stm32f4xx_hal_cortex.o
 .debug_abbrev  0x00000544      0x1e7 Drivers/STM32F4xx_HAL_Driver/Src/stm32f4xx_hal_gpio.o
 .debug_abbrev  0x0000072b      0x273 Drivers/STM32F4xx_HAL_Driver/Src/stm32f4xx_hal_rcc.o
 .debug_abbrev  0x0000099e      0x235 Drivers/STM32F4xx_HAL_Driver/Src/stm32f4xx_hal_tim.o
 .debug_abbrev  0x00000bd3      0x246 Drivers/STM32F4xx_HAL_Driver/Src/stm32f4xx_hal_tim_ex.o
 .debug_abbrev  0x00000e19      0x27f Drivers/STM32F4xx_HAL_Driver/Src/stm32f4xx_hal_uart.o
 .debug_abbrev  0x00001098      0x352 Src/main.o
 .debug_abbrev  0x000013ea      0x1cd Src/stm32f4xx_hal_msp.o
 .debug_abbrev  0x000015b7       0xca Src/stm32f4xx_it.o
 .debug_abbrev  0x00001681      0x2d4 Src/syscalls.o
 .debug_abbrev  0x00001955      0x111 Src/system_stm32f4xx.o
 .debug_abbrev  0x00001a66       0x12 startup/startup_stm32f411xe.o

.debug_loc      0x00000000     0x7500
 .debug_loc     0x00000000       0xfd Drivers/STM32F4xx_HAL_Driver/Src/stm32f4xx_hal.o
 .debug_loc     0x000000fd      0x5ce Drivers/STM32F4xx_HAL_Driver/Src/stm32f4xx_hal_cortex.o
 .debug_loc     0x000006cb      0x497 Drivers/STM32F4xx_HAL_Driver/Src/stm32f4xx_hal_gpio.o
 .debug_loc     0x00000b62      0x3f1 Drivers/STM32F4xx_HAL_Driver/Src/stm32f4xx_hal_rcc.o
 .debug_loc     0x00000f53     0x38f0 Drivers/STM32F4xx_HAL_Driver/Src/stm32f4xx_hal_tim.o
 .debug_loc     0x00004843     0x11b6 Drivers/STM32F4xx_HAL_Driver/Src/stm32f4xx_hal_tim_ex.o
 .debug_loc     0x000059f9     0x154f Drivers/STM32F4xx_HAL_Driver/Src/stm32f4xx_hal_uart.o
 .debug_loc     0x00006f48       0x57 Src/main.o
 .debug_loc     0x00006f9f       0x74 Src/stm32f4xx_hal_msp.o
 .debug_loc     0x00007013      0x3af Src/syscalls.o
 .debug_loc     0x000073c2      0x13e Src/system_stm32f4xx.o

.debug_aranges  0x00000000      0xb38
 .debug_aranges
                0x00000000       0xf0 Drivers/STM32F4xx_HAL_Driver/Src/stm32f4xx_hal.o
 .debug_aranges
                0x000000f0       0xa8 Drivers/STM32F4xx_HAL_Driver/Src/stm32f4xx_hal_cortex.o
 .debug_aranges
                0x00000198       0x58 Drivers/STM32F4xx_HAL_Driver/Src/stm32f4xx_hal_gpio.o
 .debug_aranges
                0x000001f0       0x88 Drivers/STM32F4xx_HAL_Driver/Src/stm32f4xx_hal_rcc.o
 .debug_aranges
                0x00000278      0x3a8 Drivers/STM32F4xx_HAL_Driver/Src/stm32f4xx_hal_tim.o
 .debug_aranges
                0x00000620      0x150 Drivers/STM32F4xx_HAL_Driver/Src/stm32f4xx_hal_tim_ex.o
 .debug_aranges
                0x00000770      0x1d0 Drivers/STM32F4xx_HAL_Driver/Src/stm32f4xx_hal_uart.o
 .debug_aranges
                0x00000940       0x58 Src/main.o
 .debug_aranges
                0x00000998       0x40 Src/stm32f4xx_hal_msp.o
 .debug_aranges
                0x000009d8       0x60 Src/stm32f4xx_it.o
 .debug_aranges
                0x00000a38       0xb0 Src/syscalls.o
 .debug_aranges
                0x00000ae8       0x28 Src/system_stm32f4xx.o
 .debug_aranges
                0x00000b10       0x28 startup/startup_stm32f411xe.o

.debug_ranges   0x00000000      0xae8
 .debug_ranges  0x00000000       0xe0 Drivers/STM32F4xx_HAL_Driver/Src/stm32f4xx_hal.o
 .debug_ranges  0x000000e0       0xf8 Drivers/STM32F4xx_HAL_Driver/Src/stm32f4xx_hal_cortex.o
 .debug_ranges  0x000001d8       0x48 Drivers/STM32F4xx_HAL_Driver/Src/stm32f4xx_hal_gpio.o
 .debug_ranges  0x00000220       0x90 Drivers/STM32F4xx_HAL_Driver/Src/stm32f4xx_hal_rcc.o
 .debug_ranges  0x000002b0      0x398 Drivers/STM32F4xx_HAL_Driver/Src/stm32f4xx_hal_tim.o
 .debug_ranges  0x00000648      0x140 Drivers/STM32F4xx_HAL_Driver/Src/stm32f4xx_hal_tim_ex.o
 .debug_ranges  0x00000788      0x1c0 Drivers/STM32F4xx_HAL_Driver/Src/stm32f4xx_hal_uart.o
 .debug_ranges  0x00000948       0x48 Src/main.o
 .debug_ranges  0x00000990       0x30 Src/stm32f4xx_hal_msp.o
 .debug_ranges  0x000009c0       0x50 Src/stm32f4xx_it.o
 .debug_ranges  0x00000a10       0xa0 Src/syscalls.o
 .debug_ranges  0x00000ab0       0x18 Src/system_stm32f4xx.o
 .debug_ranges  0x00000ac8       0x20 startup/startup_stm32f411xe.o

.debug_macro    0x00000000    0x16b84
 .debug_macro   0x00000000      0x22e Drivers/STM32F4xx_HAL_Driver/Src/stm32f4xx_hal.o
 .debug_macro   0x0000022e      0xa60 Drivers/STM32F4xx_HAL_Driver/Src/stm32f4xx_hal.o
 .debug_macro   0x00000c8e      0x18a Drivers/STM32F4xx_HAL_Driver/Src/stm32f4xx_hal.o
 .debug_macro   0x00000e18       0x32 Drivers/STM32F4xx_HAL_Driver/Src/stm32f4xx_hal.o
 .debug_macro   0x00000e4a       0x28 Drivers/STM32F4xx_HAL_Driver/Src/stm32f4xx_hal.o
 .debug_macro   0x00000e72       0x22 Drivers/STM32F4xx_HAL_Driver/Src/stm32f4xx_hal.o
 .debug_macro   0x00000e94       0x8e Drivers/STM32F4xx_HAL_Driver/Src/stm32f4xx_hal.o
 .debug_macro   0x00000f22       0x51 Drivers/STM32F4xx_HAL_Driver/Src/stm32f4xx_hal.o
 .debug_macro   0x00000f73       0xef Drivers/STM32F4xx_HAL_Driver/Src/stm32f4xx_hal.o
 .debug_macro   0x00001062       0x6a Drivers/STM32F4xx_HAL_Driver/Src/stm32f4xx_hal.o
 .debug_macro   0x000010cc      0x1df Drivers/STM32F4xx_HAL_Driver/Src/stm32f4xx_hal.o
 .debug_macro   0x000012ab       0x1c Drivers/STM32F4xx_HAL_Driver/Src/stm32f4xx_hal.o
 .debug_macro   0x000012c7       0x22 Drivers/STM32F4xx_HAL_Driver/Src/stm32f4xx_hal.o
 .debug_macro   0x000012e9       0xdf Drivers/STM32F4xx_HAL_Driver/Src/stm32f4xx_hal.o
 .debug_macro   0x000013c8     0x102d Drivers/STM32F4xx_HAL_Driver/Src/stm32f4xx_hal.o
 .debug_macro   0x000023f5      0x11f Drivers/STM32F4xx_HAL_Driver/Src/stm32f4xx_hal.o
 .debug_macro   0x00002514     0xb93e Drivers/STM32F4xx_HAL_Driver/Src/stm32f4xx_hal.o
 .debug_macro   0x0000de52       0x43 Drivers/STM32F4xx_HAL_Driver/Src/stm32f4xx_hal.o
 .debug_macro   0x0000de95     0x35d4 Drivers/STM32F4xx_HAL_Driver/Src/stm32f4xx_hal.o
 .debug_macro   0x00011469      0x174 Drivers/STM32F4xx_HAL_Driver/Src/stm32f4xx_hal.o
 .debug_macro   0x000115dd       0x4e Drivers/STM32F4xx_HAL_Driver/Src/stm32f4xx_hal.o
 .debug_macro   0x0001162b      0x447 Drivers/STM32F4xx_HAL_Driver/Src/stm32f4xx_hal.o
 .debug_macro   0x00011a72      0x9fe Drivers/STM32F4xx_HAL_Driver/Src/stm32f4xx_hal.o
 .debug_macro   0x00012470       0xed Drivers/STM32F4xx_HAL_Driver/Src/stm32f4xx_hal.o
 .debug_macro   0x0001255d      0x117 Drivers/STM32F4xx_HAL_Driver/Src/stm32f4xx_hal.o
 .debug_macro   0x00012674      0x11b Drivers/STM32F4xx_HAL_Driver/Src/stm32f4xx_hal.o
 .debug_macro   0x0001278f       0x27 Drivers/STM32F4xx_HAL_Driver/Src/stm32f4xx_hal.o
 .debug_macro   0x000127b6      0x287 Drivers/STM32F4xx_HAL_Driver/Src/stm32f4xx_hal.o
 .debug_macro   0x00012a3d       0x5f Drivers/STM32F4xx_HAL_Driver/Src/stm32f4xx_hal.o
 .debug_macro   0x00012a9c      0x236 Drivers/STM32F4xx_HAL_Driver/Src/stm32f4xx_hal.o
 .debug_macro   0x00012cd2      0x132 Drivers/STM32F4xx_HAL_Driver/Src/stm32f4xx_hal.o
 .debug_macro   0x00012e04      0x264 Drivers/STM32F4xx_HAL_Driver/Src/stm32f4xx_hal.o
 .debug_macro   0x00013068       0x2e Drivers/STM32F4xx_HAL_Driver/Src/stm32f4xx_hal.o
 .debug_macro   0x00013096      0x11a Drivers/STM32F4xx_HAL_Driver/Src/stm32f4xx_hal.o
 .debug_macro   0x000131b0       0x85 Drivers/STM32F4xx_HAL_Driver/Src/stm32f4xx_hal.o
 .debug_macro   0x00013235       0x89 Drivers/STM32F4xx_HAL_Driver/Src/stm32f4xx_hal.o
 .debug_macro   0x000132be      0x87d Drivers/STM32F4xx_HAL_Driver/Src/stm32f4xx_hal.o
 .debug_macro   0x00013b3b       0x47 Drivers/STM32F4xx_HAL_Driver/Src/stm32f4xx_hal.o
 .debug_macro   0x00013b82      0x287 Drivers/STM32F4xx_HAL_Driver/Src/stm32f4xx_hal.o
 .debug_macro   0x00013e09      0x126 Drivers/STM32F4xx_HAL_Driver/Src/stm32f4xx_hal.o
 .debug_macro   0x00013f2f      0x1ce Drivers/STM32F4xx_HAL_Driver/Src/stm32f4xx_hal_cortex.o
 .debug_macro   0x000140fd      0x204 Drivers/STM32F4xx_HAL_Driver/Src/stm32f4xx_hal_gpio.o
 .debug_macro   0x00014301      0x1f2 Drivers/STM32F4xx_HAL_Driver/Src/stm32f4xx_hal_rcc.o
 .debug_macro   0x000144f3      0x1cf Drivers/STM32F4xx_HAL_Driver/Src/stm32f4xx_hal_tim.o
 .debug_macro   0x000146c2      0x1ce Drivers/STM32F4xx_HAL_Driver/Src/stm32f4xx_hal_tim_ex.o
 .debug_macro   0x00014890      0x1cf Drivers/STM32F4xx_HAL_Driver/Src/stm32f4xx_hal_uart.o
 .debug_macro   0x00014a5f      0x35e Src/main.o
 .debug_macro   0x00014dbd       0x70 Src/main.o
 .debug_macro   0x00014e2d       0x5e Src/main.o
 .debug_macro   0x00014e8b       0x18 Src/main.o
 .debug_macro   0x00014ea3       0x35 Src/main.o
 .debug_macro   0x00014ed8       0x34 Src/main.o
 .debug_macro   0x00014f0c       0x58 Src/main.o
 .debug_macro   0x00014f64       0x1f Src/main.o
 .debug_macro   0x00014f83       0x43 Src/main.o
 .debug_macro   0x00014fc6       0x20 Src/main.o
 .debug_macro   0x00014fe6      0x18e Src/main.o
 .debug_macro   0x00015174      0x32a Src/main.o
 .debug_macro   0x0001549e       0x10 Src/main.o
 .debug_macro   0x000154ae       0x35 Src/main.o
 .debug_macro   0x000154e3       0x1c Src/main.o
 .debug_macro   0x000154ff       0x10 Src/main.o
 .debug_macro   0x0001550f       0x10 Src/main.o
 .debug_macro   0x0001551f       0x1c Src/main.o
 .debug_macro   0x0001553b       0x52 Src/main.o
 .debug_macro   0x0001558d       0x40 Src/main.o
 .debug_macro   0x000155cd       0x10 Src/main.o
 .debug_macro   0x000155dd       0x40 Src/main.o
 .debug_macro   0x0001561d       0xd7 Src/main.o
 .debug_macro   0x000156f4       0x1c Src/main.o
 .debug_macro   0x00015710       0x3d Src/main.o
 .debug_macro   0x0001574d       0x16 Src/main.o
 .debug_macro   0x00015763      0x16f Src/main.o
 .debug_macro   0x000158d2      0x1dd Src/stm32f4xx_hal_msp.o
 .debug_macro   0x00015aaf      0x1e7 Src/stm32f4xx_it.o
 .debug_macro   0x00015c96      0x243 Src/syscalls.o
 .debug_macro   0x00015ed9       0x58 Src/syscalls.o
 .debug_macro   0x00015f31       0x94 Src/syscalls.o
 .debug_macro   0x00015fc5       0x57 Src/syscalls.o
 .debug_macro   0x0001601c      0x330 Src/syscalls.o
 .debug_macro   0x0001634c       0x10 Src/syscalls.o
 .debug_macro   0x0001635c       0x10 Src/syscalls.o
 .debug_macro   0x0001636c       0x10 Src/syscalls.o
 .debug_macro   0x0001637c       0x35 Src/syscalls.o
 .debug_macro   0x000163b1      0x122 Src/syscalls.o
 .debug_macro   0x000164d3       0x16 Src/syscalls.o
 .debug_macro   0x000164e9       0x16 Src/syscalls.o
 .debug_macro   0x000164ff       0x29 Src/syscalls.o
 .debug_macro   0x00016528       0x10 Src/syscalls.o
 .debug_macro   0x00016538      0x241 Src/syscalls.o
 .debug_macro   0x00016779       0x10 Src/syscalls.o
 .debug_macro   0x00016789      0x189 Src/syscalls.o
 .debug_macro   0x00016912       0x16 Src/syscalls.o
 .debug_macro   0x00016928       0x88 Src/syscalls.o
 .debug_macro   0x000169b0      0x1d4 Src/system_stm32f4xx.o

.debug_line     0x00000000     0x7c64
 .debug_line    0x00000000      0x8b3 Drivers/STM32F4xx_HAL_Driver/Src/stm32f4xx_hal.o
 .debug_line    0x000008b3      0x909 Drivers/STM32F4xx_HAL_Driver/Src/stm32f4xx_hal_cortex.o
 .debug_line    0x000011bc      0x821 Drivers/STM32F4xx_HAL_Driver/Src/stm32f4xx_hal_gpio.o
 .debug_line    0x000019dd      0x92b Drivers/STM32F4xx_HAL_Driver/Src/stm32f4xx_hal_rcc.o
 .debug_line    0x00002308     0x17fb Drivers/STM32F4xx_HAL_Driver/Src/stm32f4xx_hal_tim.o
 .debug_line    0x00003b03      0xce4 Drivers/STM32F4xx_HAL_Driver/Src/stm32f4xx_hal_tim_ex.o
 .debug_line    0x000047e7      0xff5 Drivers/STM32F4xx_HAL_Driver/Src/stm32f4xx_hal_uart.o
 .debug_line    0x000057dc      0x8ff Src/main.o
 .debug_line    0x000060db      0x71a Src/stm32f4xx_hal_msp.o
 .debug_line    0x000067f5      0x744 Src/stm32f4xx_it.o
 .debug_line    0x00006f39      0x5d1 Src/syscalls.o
 .debug_line    0x0000750a      0x6db Src/system_stm32f4xx.o
 .debug_line    0x00007be5       0x7f startup/startup_stm32f411xe.o

.debug_str      0x00000000    0x8c965
 .debug_str     0x00000000    0x84f36 Drivers/STM32F4xx_HAL_Driver/Src/stm32f4xx_hal.o
                              0x852af (size before relaxing)
 .debug_str     0x00084f36      0x3a8 Drivers/STM32F4xx_HAL_Driver/Src/stm32f4xx_hal_cortex.o
                              0x84fd3 (size before relaxing)
 .debug_str     0x000852de      0x292 Drivers/STM32F4xx_HAL_Driver/Src/stm32f4xx_hal_gpio.o
                              0x84ac0 (size before relaxing)
 .debug_str     0x00085570      0x384 Drivers/STM32F4xx_HAL_Driver/Src/stm32f4xx_hal_rcc.o
                              0x84c8a (size before relaxing)
 .debug_str     0x000858f4     0x1170 Drivers/STM32F4xx_HAL_Driver/Src/stm32f4xx_hal_tim.o
                              0x859ce (size before relaxing)
 .debug_str     0x00086a64      0x4d4 Drivers/STM32F4xx_HAL_Driver/Src/stm32f4xx_hal_tim_ex.o
                              0x851e6 (size before relaxing)
 .debug_str     0x00086f38      0x6f7 Drivers/STM32F4xx_HAL_Driver/Src/stm32f4xx_hal_uart.o
                              0x85119 (size before relaxing)
 .debug_str     0x0008762f     0x3fa6 Src/main.o
                              0x8910e (size before relaxing)
 .debug_str     0x0008b5d5       0x25 Src/stm32f4xx_hal_msp.o
                              0x85053 (size before relaxing)
 .debug_str     0x0008b5fa       0xb8 Src/stm32f4xx_it.o
                              0x848f5 (size before relaxing)
 .debug_str     0x0008b6b2     0x122a Src/syscalls.o
                               0x85b5 (size before relaxing)
 .debug_str     0x0008c8dc       0x5a Src/system_stm32f4xx.o
                              0x8487c (size before relaxing)
 .debug_str     0x0008c936       0x2f startup/startup_stm32f411xe.o
                                 0x5d (size before relaxing)

.comment        0x00000000       0x7f
 .comment       0x00000000       0x7f Drivers/STM32F4xx_HAL_Driver/Src/stm32f4xx_hal.o
                                 0x80 (size before relaxing)
 .comment       0x0000007f       0x80 Drivers/STM32F4xx_HAL_Driver/Src/stm32f4xx_hal_cortex.o
 .comment       0x0000007f       0x80 Drivers/STM32F4xx_HAL_Driver/Src/stm32f4xx_hal_gpio.o
 .comment       0x0000007f       0x80 Drivers/STM32F4xx_HAL_Driver/Src/stm32f4xx_hal_rcc.o
 .comment       0x0000007f       0x80 Drivers/STM32F4xx_HAL_Driver/Src/stm32f4xx_hal_tim.o
 .comment       0x0000007f       0x80 Drivers/STM32F4xx_HAL_Driver/Src/stm32f4xx_hal_tim_ex.o
 .comment       0x0000007f       0x80 Drivers/STM32F4xx_HAL_Driver/Src/stm32f4xx_hal_uart.o
 .comment       0x0000007f       0x80 Src/main.o
 .comment       0x0000007f       0x80 Src/stm32f4xx_hal_msp.o
 .comment       0x0000007f       0x80 Src/stm32f4xx_it.o
 .comment       0x0000007f       0x80 Src/syscalls.o
 .comment       0x0000007f       0x80 Src/system_stm32f4xx.o

.debug_frame    0x00000000     0x27a0
 .debug_frame   0x00000000      0x1ec Drivers/STM32F4xx_HAL_Driver/Src/stm32f4xx_hal.o
 .debug_frame   0x000001ec      0x15c Drivers/STM32F4xx_HAL_Driver/Src/stm32f4xx_hal_cortex.o
 .debug_frame   0x00000348       0xd8 Drivers/STM32F4xx_HAL_Driver/Src/stm32f4xx_hal_gpio.o
 .debug_frame   0x00000420      0x184 Drivers/STM32F4xx_HAL_Driver/Src/stm32f4xx_hal_rcc.o
 .debug_frame   0x000005a4      0xa90 Drivers/STM32F4xx_HAL_Driver/Src/stm32f4xx_hal_tim.o
 .debug_frame   0x00001034      0x3b8 Drivers/STM32F4xx_HAL_Driver/Src/stm32f4xx_hal_tim_ex.o
 .debug_frame   0x000013ec      0x4f0 Drivers/STM32F4xx_HAL_Driver/Src/stm32f4xx_hal_uart.o
 .debug_frame   0x000018dc       0xd8 Src/main.o
 .debug_frame   0x000019b4       0x8c Src/stm32f4xx_hal_msp.o
 .debug_frame   0x00001a40       0xa8 Src/stm32f4xx_it.o
 .debug_frame   0x00001ae8      0x1a8 Src/syscalls.o
 .debug_frame   0x00001c90       0x30 Src/system_stm32f4xx.o
 .debug_frame   0x00001cc0       0xac d:/ac6/systemworkbench/plugins/fr.ac6.mcu.externaltools.arm-none.win32_1.17.0.201812190825/tools/compiler/bin/../lib/gcc/arm-none-eabi/7.3.1/thumb/v7e-m/fpv4-sp/hard\libgcc.a(_arm_addsubdf3.o)
 .debug_frame   0x00001d6c       0x50 d:/ac6/systemworkbench/plugins/fr.ac6.mcu.externaltools.arm-none.win32_1.17.0.201812190825/tools/compiler/bin/../lib/gcc/arm-none-eabi/7.3.1/thumb/v7e-m/fpv4-sp/hard\libgcc.a(_arm_muldivdf3.o)
 .debug_frame   0x00001dbc       0x24 d:/ac6/systemworkbench/plugins/fr.ac6.mcu.externaltools.arm-none.win32_1.17.0.201812190825/tools/compiler/bin/../lib/gcc/arm-none-eabi/7.3.1/thumb/v7e-m/fpv4-sp/hard\libgcc.a(_arm_truncdfsf2.o)
 .debug_frame   0x00001de0       0x2c d:/ac6/systemworkbench/plugins/fr.ac6.mcu.externaltools.arm-none.win32_1.17.0.201812190825/tools/compiler/bin/../lib/gcc/arm-none-eabi/7.3.1/thumb/v7e-m/fpv4-sp/hard\libgcc.a(_aeabi_uldivmod.o)
 .debug_frame   0x00001e0c       0x34 d:/ac6/systemworkbench/plugins/fr.ac6.mcu.externaltools.arm-none.win32_1.17.0.201812190825/tools/compiler/bin/../lib/gcc/arm-none-eabi/7.3.1/thumb/v7e-m/fpv4-sp/hard\libgcc.a(_udivmoddi4.o)
 .debug_frame   0x00001e40       0x20 d:/ac6/systemworkbench/plugins/fr.ac6.mcu.externaltools.arm-none.win32_1.17.0.201812190825/tools/compiler/bin/../lib/gcc/arm-none-eabi/7.3.1/../../../../arm-none-eabi/lib/thumb/v7e-m/fpv4-sp/hard\libc_nano.a(lib_a-errno.o)
 .debug_frame   0x00001e60       0x2c d:/ac6/systemworkbench/plugins/fr.ac6.mcu.externaltools.arm-none.win32_1.17.0.201812190825/tools/compiler/bin/../lib/gcc/arm-none-eabi/7.3.1/../../../../arm-none-eabi/lib/thumb/v7e-m/fpv4-sp/hard\libc_nano.a(lib_a-init.o)
 .debug_frame   0x00001e8c       0x20 d:/ac6/systemworkbench/plugins/fr.ac6.mcu.externaltools.arm-none.win32_1.17.0.201812190825/tools/compiler/bin/../lib/gcc/arm-none-eabi/7.3.1/../../../../arm-none-eabi/lib/thumb/v7e-m/fpv4-sp/hard\libc_nano.a(lib_a-memset.o)
 .debug_frame   0x00001eac       0x8c d:/ac6/systemworkbench/plugins/fr.ac6.mcu.externaltools.arm-none.win32_1.17.0.201812190825/tools/compiler/bin/../lib/gcc/arm-none-eabi/7.3.1/../../../../arm-none-eabi/lib/thumb/v7e-m/fpv4-sp/hard\libc_nano.a(lib_a-nano-vfprintf_float.o)
 .debug_frame   0x00001f38       0x60 d:/ac6/systemworkbench/plugins/fr.ac6.mcu.externaltools.arm-none.win32_1.17.0.201812190825/tools/compiler/bin/../lib/gcc/arm-none-eabi/7.3.1/../../../../arm-none-eabi/lib/thumb/v7e-m/fpv4-sp/hard\libc_nano.a(lib_a-nano-vfprintf_i.o)
 .debug_frame   0x00001f98       0x6c d:/ac6/systemworkbench/plugins/fr.ac6.mcu.externaltools.arm-none.win32_1.17.0.201812190825/tools/compiler/bin/../lib/gcc/arm-none-eabi/7.3.1/../../../../arm-none-eabi/lib/thumb/v7e-m/fpv4-sp/hard\libc_nano.a(lib_a-sprintf.o)
 .debug_frame   0x00002004       0x70 d:/ac6/systemworkbench/plugins/fr.ac6.mcu.externaltools.arm-none.win32_1.17.0.201812190825/tools/compiler/bin/../lib/gcc/arm-none-eabi/7.3.1/../../../../arm-none-eabi/lib/thumb/v7e-m/fpv4-sp/hard\libc_nano.a(lib_a-dtoa.o)
 .debug_frame   0x00002074       0x40 d:/ac6/systemworkbench/plugins/fr.ac6.mcu.externaltools.arm-none.win32_1.17.0.201812190825/tools/compiler/bin/../lib/gcc/arm-none-eabi/7.3.1/../../../../arm-none-eabi/lib/thumb/v7e-m/fpv4-sp/hard\libc_nano.a(lib_a-localeconv.o)
 .debug_frame   0x000020b4       0x30 d:/ac6/systemworkbench/plugins/fr.ac6.mcu.externaltools.arm-none.win32_1.17.0.201812190825/tools/compiler/bin/../lib/gcc/arm-none-eabi/7.3.1/../../../../arm-none-eabi/lib/thumb/v7e-m/fpv4-sp/hard\libc_nano.a(lib_a-malloc.o)
 .debug_frame   0x000020e4       0x28 d:/ac6/systemworkbench/plugins/fr.ac6.mcu.externaltools.arm-none.win32_1.17.0.201812190825/tools/compiler/bin/../lib/gcc/arm-none-eabi/7.3.1/../../../../arm-none-eabi/lib/thumb/v7e-m/fpv4-sp/hard\libc_nano.a(lib_a-memcpy-stub.o)
 .debug_frame   0x0000210c      0x244 d:/ac6/systemworkbench/plugins/fr.ac6.mcu.externaltools.arm-none.win32_1.17.0.201812190825/tools/compiler/bin/../lib/gcc/arm-none-eabi/7.3.1/../../../../arm-none-eabi/lib/thumb/v7e-m/fpv4-sp/hard\libc_nano.a(lib_a-mprec.o)
 .debug_frame   0x00002350       0x2c d:/ac6/systemworkbench/plugins/fr.ac6.mcu.externaltools.arm-none.win32_1.17.0.201812190825/tools/compiler/bin/../lib/gcc/arm-none-eabi/7.3.1/../../../../arm-none-eabi/lib/thumb/v7e-m/fpv4-sp/hard\libc_nano.a(lib_a-nano-callocr.o)
 .debug_frame   0x0000237c       0x38 d:/ac6/systemworkbench/plugins/fr.ac6.mcu.externaltools.arm-none.win32_1.17.0.201812190825/tools/compiler/bin/../lib/gcc/arm-none-eabi/7.3.1/../../../../arm-none-eabi/lib/thumb/v7e-m/fpv4-sp/hard\libc_nano.a(lib_a-nano-freer.o)
 .debug_frame   0x000023b4       0x2c d:/ac6/systemworkbench/plugins/fr.ac6.mcu.externaltools.arm-none.win32_1.17.0.201812190825/tools/compiler/bin/../lib/gcc/arm-none-eabi/7.3.1/../../../../arm-none-eabi/lib/thumb/v7e-m/fpv4-sp/hard\libc_nano.a(lib_a-nano-mallocr.o)
 .debug_frame   0x000023e0       0x90 d:/ac6/systemworkbench/plugins/fr.ac6.mcu.externaltools.arm-none.win32_1.17.0.201812190825/tools/compiler/bin/../lib/gcc/arm-none-eabi/7.3.1/../../../../arm-none-eabi/lib/thumb/v7e-m/fpv4-sp/hard\libc_nano.a(lib_a-nano-svfprintf.o)
 .debug_frame   0x00002470       0x2c d:/ac6/systemworkbench/plugins/fr.ac6.mcu.externaltools.arm-none.win32_1.17.0.201812190825/tools/compiler/bin/../lib/gcc/arm-none-eabi/7.3.1/../../../../arm-none-eabi/lib/thumb/v7e-m/fpv4-sp/hard\libc_nano.a(lib_a-sbrkr.o)
 .debug_frame   0x0000249c       0x68 d:/ac6/systemworkbench/plugins/fr.ac6.mcu.externaltools.arm-none.win32_1.17.0.201812190825/tools/compiler/bin/../lib/gcc/arm-none-eabi/7.3.1/../../../../arm-none-eabi/lib/thumb/v7e-m/fpv4-sp/hard\libc_nano.a(lib_a-locale.o)
 .debug_frame   0x00002504       0x48 d:/ac6/systemworkbench/plugins/fr.ac6.mcu.externaltools.arm-none.win32_1.17.0.201812190825/tools/compiler/bin/../lib/gcc/arm-none-eabi/7.3.1/../../../../arm-none-eabi/lib/thumb/v7e-m/fpv4-sp/hard\libc_nano.a(lib_a-mbtowc_r.o)
 .debug_frame   0x0000254c       0x28 d:/ac6/systemworkbench/plugins/fr.ac6.mcu.externaltools.arm-none.win32_1.17.0.201812190825/tools/compiler/bin/../lib/gcc/arm-none-eabi/7.3.1/../../../../arm-none-eabi/lib/thumb/v7e-m/fpv4-sp/hard\libc_nano.a(lib_a-memmove.o)
 .debug_frame   0x00002574       0x30 d:/ac6/systemworkbench/plugins/fr.ac6.mcu.externaltools.arm-none.win32_1.17.0.201812190825/tools/compiler/bin/../lib/gcc/arm-none-eabi/7.3.1/../../../../arm-none-eabi/lib/thumb/v7e-m/fpv4-sp/hard\libc_nano.a(lib_a-mlock.o)
 .debug_frame   0x000025a4       0x3c d:/ac6/systemworkbench/plugins/fr.ac6.mcu.externaltools.arm-none.win32_1.17.0.201812190825/tools/compiler/bin/../lib/gcc/arm-none-eabi/7.3.1/../../../../arm-none-eabi/lib/thumb/v7e-m/fpv4-sp/hard\libc_nano.a(lib_a-nano-reallocr.o)
 .debug_frame   0x000025e0       0x5c d:/ac6/systemworkbench/plugins/fr.ac6.mcu.externaltools.arm-none.win32_1.17.0.201812190825/tools/compiler/bin/../lib/gcc/arm-none-eabi/7.3.1/../../../../arm-none-eabi/lib/thumb/v7e-m/fpv4-sp/hard\libc_nano.a(lib_a-reent.o)
 .debug_frame   0x0000263c       0x3c d:/ac6/systemworkbench/plugins/fr.ac6.mcu.externaltools.arm-none.win32_1.17.0.201812190825/tools/compiler/bin/../lib/gcc/arm-none-eabi/7.3.1/../../../../arm-none-eabi/lib/thumb/v7e-m/fpv4-sp/hard\libc_nano.a(lib_a-wctomb_r.o)
 .debug_frame   0x00002678       0x20 d:/ac6/systemworkbench/plugins/fr.ac6.mcu.externaltools.arm-none.win32_1.17.0.201812190825/tools/compiler/bin/../lib/gcc/arm-none-eabi/7.3.1/../../../../arm-none-eabi/lib/thumb/v7e-m/fpv4-sp/hard\libc_nano.a(lib_a-nano-msizer.o)
 .debug_frame   0x00002698       0xc4 d:/ac6/systemworkbench/plugins/fr.ac6.mcu.externaltools.arm-none.win32_1.17.0.201812190825/tools/compiler/bin/../lib/gcc/arm-none-eabi/7.3.1/thumb/v7e-m/fpv4-sp/hard\libgcc.a(_arm_cmpdf2.o)
 .debug_frame   0x0000275c       0x20 d:/ac6/systemworkbench/plugins/fr.ac6.mcu.externaltools.arm-none.win32_1.17.0.201812190825/tools/compiler/bin/../lib/gcc/arm-none-eabi/7.3.1/thumb/v7e-m/fpv4-sp/hard\libgcc.a(_arm_unorddf2.o)
 .debug_frame   0x0000277c       0x24 d:/ac6/systemworkbench/plugins/fr.ac6.mcu.externaltools.arm-none.win32_1.17.0.201812190825/tools/compiler/bin/../lib/gcc/arm-none-eabi/7.3.1/thumb/v7e-m/fpv4-sp/hard\libgcc.a(_arm_fixdfsi.o)
